Component: ARM Compiler 5.05 update 1 (build 106) Tool: armlink [4d0efa]

==============================================================================

Section Cross References

    startup_stm32f103xe.o(RESET) refers to startup_stm32f103xe.o(STACK) for __initial_sp
    startup_stm32f103xe.o(RESET) refers to startup_stm32f103xe.o(.text) for Reset_Handler
    startup_stm32f103xe.o(RESET) refers to stm32f1xx_it.o(i.NMI_Handler) for NMI_Handler
    startup_stm32f103xe.o(RESET) refers to stm32f1xx_it.o(i.HardFault_Handler) for HardFault_Handler
    startup_stm32f103xe.o(RESET) refers to stm32f1xx_it.o(i.MemManage_Handler) for MemManage_Handler
    startup_stm32f103xe.o(RESET) refers to stm32f1xx_it.o(i.BusFault_Handler) for BusFault_Handler
    startup_stm32f103xe.o(RESET) refers to stm32f1xx_it.o(i.UsageFault_Handler) for UsageFault_Handler
    startup_stm32f103xe.o(RESET) refers to stm32f1xx_it.o(i.SVC_Handler) for SVC_Handler
    startup_stm32f103xe.o(RESET) refers to stm32f1xx_it.o(i.DebugMon_Handler) for DebugMon_Handler
    startup_stm32f103xe.o(RESET) refers to stm32f1xx_it.o(i.PendSV_Handler) for PendSV_Handler
    startup_stm32f103xe.o(RESET) refers to stm32f1xx_it.o(i.SysTick_Handler) for SysTick_Handler
    startup_stm32f103xe.o(RESET) refers to stm32f1xx_it.o(i.USART1_IRQHandler) for USART1_IRQHandler
    startup_stm32f103xe.o(.text) refers to system_stm32f1xx.o(i.SystemInit) for SystemInit
    startup_stm32f103xe.o(.text) refers to entry.o(.ARM.Collect$$$$00000000) for __main
    lcd.o(i.LCD_Clear) refers to lcd.o(i.LCD_SetCursor) for LCD_SetCursor
    lcd.o(i.LCD_Clear) refers to lcd.o(i.LCD_WriteRAM_Prepare) for LCD_WriteRAM_Prepare
    lcd.o(i.LCD_Clear) refers to lcd.o(.bss) for .bss
    lcd.o(i.LCD_Color_Fill) refers to lcd.o(i.LCD_SetCursor) for LCD_SetCursor
    lcd.o(i.LCD_Color_Fill) refers to lcd.o(i.LCD_WriteRAM_Prepare) for LCD_WriteRAM_Prepare
    lcd.o(i.LCD_DisplayOff) refers to lcd.o(i.LCD_WR_REG) for LCD_WR_REG
    lcd.o(i.LCD_DisplayOff) refers to lcd.o(.bss) for .bss
    lcd.o(i.LCD_DisplayOn) refers to lcd.o(i.LCD_WR_REG) for LCD_WR_REG
    lcd.o(i.LCD_DisplayOn) refers to lcd.o(.bss) for .bss
    lcd.o(i.LCD_Display_Dir) refers to lcd.o(i.LCD_Scan_Dir) for LCD_Scan_Dir
    lcd.o(i.LCD_Display_Dir) refers to lcd.o(.bss) for .bss
    lcd.o(i.LCD_DrawLine) refers to lcd.o(i.LCD_DrawPoint) for LCD_DrawPoint
    lcd.o(i.LCD_DrawPoint) refers to lcd.o(i.LCD_SetCursor) for LCD_SetCursor
    lcd.o(i.LCD_DrawPoint) refers to lcd.o(i.LCD_WriteRAM_Prepare) for LCD_WriteRAM_Prepare
    lcd.o(i.LCD_DrawPoint) refers to lcd.o(.data) for .data
    lcd.o(i.LCD_DrawRectangle) refers to lcd.o(i.LCD_DrawLine) for LCD_DrawLine
    lcd.o(i.LCD_Draw_Circle) refers to lcd.o(i.LCD_DrawPoint) for LCD_DrawPoint
    lcd.o(i.LCD_Fast_DrawPoint) refers to lcd.o(i.LCD_WR_REG) for LCD_WR_REG
    lcd.o(i.LCD_Fast_DrawPoint) refers to lcd.o(i.LCD_WR_DATA) for LCD_WR_DATA
    lcd.o(i.LCD_Fast_DrawPoint) refers to lcd.o(.bss) for .bss
    lcd.o(i.LCD_Fill) refers to lcd.o(i.LCD_SetCursor) for LCD_SetCursor
    lcd.o(i.LCD_Fill) refers to lcd.o(i.LCD_WriteRAM_Prepare) for LCD_WriteRAM_Prepare
    lcd.o(i.LCD_Init) refers to delay.o(i.delay_ms) for delay_ms
    lcd.o(i.LCD_Init) refers to lcd.o(i.LCD_WR_REG) for LCD_WR_REG
    lcd.o(i.LCD_Init) refers to lcd.o(i.LCD_RD_DATA) for LCD_RD_DATA
    lcd.o(i.LCD_Init) refers to printf5.o(i.__0printf$5) for __2printf
    lcd.o(i.LCD_Init) refers to lcd.o(i.LCD_WR_DATA) for LCD_WR_DATA
    lcd.o(i.LCD_Init) refers to lcd.o(.bss) for .bss
    lcd.o(i.LCD_Init) refers to lcd.o(i.LCD_WriteReg) for LCD_WriteReg
    lcd.o(i.LCD_Init) refers to delay.o(i.delay_us) for delay_us
    lcd.o(i.LCD_Init) refers to lcd.o(i.LCD_SSD_BackLightSet) for LCD_SSD_BackLightSet
    lcd.o(i.LCD_Init) refers to lcd.o(i.LCD_Display_Dir) for LCD_Display_Dir
    lcd.o(i.LCD_Init) refers to lcd.o(i.LCD_Clear) for LCD_Clear
    lcd.o(i.LCD_ReadPoint) refers to lcd.o(i.LCD_SetCursor) for LCD_SetCursor
    lcd.o(i.LCD_ReadPoint) refers to lcd.o(i.LCD_WR_REG) for LCD_WR_REG
    lcd.o(i.LCD_ReadPoint) refers to lcd.o(i.LCD_RD_DATA) for LCD_RD_DATA
    lcd.o(i.LCD_ReadPoint) refers to lcd.o(.bss) for .bss
    lcd.o(i.LCD_ReadReg) refers to lcd.o(i.LCD_WR_REG) for LCD_WR_REG
    lcd.o(i.LCD_ReadReg) refers to delay.o(i.delay_us) for delay_us
    lcd.o(i.LCD_ReadReg) refers to lcd.o(i.LCD_RD_DATA) for LCD_RD_DATA
    lcd.o(i.LCD_SSD_BackLightSet) refers to lcd.o(i.LCD_WR_REG) for LCD_WR_REG
    lcd.o(i.LCD_SSD_BackLightSet) refers to lcd.o(i.LCD_WR_DATA) for LCD_WR_DATA
    lcd.o(i.LCD_SSD_BackLightSet) refers to dfltui.o(.text) for __aeabi_ui2d
    lcd.o(i.LCD_SSD_BackLightSet) refers to dmul.o(.text) for __aeabi_dmul
    lcd.o(i.LCD_SSD_BackLightSet) refers to dfixui.o(.text) for __aeabi_d2uiz
    lcd.o(i.LCD_Scan_Dir) refers to lcd.o(i.LCD_WriteReg) for LCD_WriteReg
    lcd.o(i.LCD_Scan_Dir) refers to lcd.o(i.LCD_WR_REG) for LCD_WR_REG
[...]
    ../clib/microlib/init/entry.s            0x00000000   Number         0  entry2.o ABSOLUTE
    ../clib/microlib/init/entry.s            0x00000000   Number         0  entry11b.o ABSOLUTE
    ../clib/microlib/init/entry.s            0x00000000   Number         0  entry7a.o ABSOLUTE
    ../clib/microlib/longlong.c              0x00000000   Number         0  llushr.o ABSOLUTE
    ../clib/microlib/longlong.c              0x00000000   Number         0  llshl.o ABSOLUTE
    ../clib/microlib/longlong.c              0x00000000   Number         0  llsshr.o ABSOLUTE
    ../clib/microlib/printf/printf.c         0x00000000   Number         0  printf7.o ABSOLUTE
    ../clib/microlib/printf/printf.c         0x00000000   Number         0  printf6.o ABSOLUTE
    ../clib/microlib/printf/printf.c         0x00000000   Number         0  printfb.o ABSOLUTE
    ../clib/microlib/printf/printf.c         0x00000000   Number         0  printfa.o ABSOLUTE
    ../clib/microlib/printf/printf.c         0x00000000   Number         0  printf8.o ABSOLUTE
    ../clib/microlib/printf/printf.c         0x00000000   Number         0  printf3.o ABSOLUTE
    ../clib/microlib/printf/printf.c         0x00000000   Number         0  printf0.o ABSOLUTE
    ../clib/microlib/printf/printf.c         0x00000000   Number         0  printf4.o ABSOLUTE
    ../clib/microlib/printf/printf.c         0x00000000   Number         0  printf1.o ABSOLUTE
    ../clib/microlib/printf/printf.c         0x00000000   Number         0  printf5.o ABSOLUTE
    ../clib/microlib/printf/printf.c         0x00000000   Number         0  printf2.o ABSOLUTE
    ../clib/microlib/printf/stubs.s          0x00000000   Number         0  stubs.o ABSOLUTE
    ../clib/microlib/stdio/streams.c         0x00000000   Number         0  stdout.o ABSOLUTE
    ../clib/microlib/string/memset.c         0x00000000   Number         0  memseta.o ABSOLUTE
    ../clib/microlib/string/strcmp.c         0x00000000   Number         0  strcmp.o ABSOLUTE
    ../clib/microlib/stubs.s                 0x00000000   Number         0  iusefp.o ABSOLUTE
    ../fplib/microlib/f2d.c                  0x00000000   Number         0  f2d.o ABSOLUTE
    ../fplib/microlib/fpadd.c                0x00000000   Number         0  fadd.o ABSOLUTE
    ../fplib/microlib/fpadd.c                0x00000000   Number         0  dadd.o ABSOLUTE
    ../fplib/microlib/fpdiv.c                0x00000000   Number         0  fdiv.o ABSOLUTE
    ../fplib/microlib/fpdiv.c                0x00000000   Number         0  ddiv.o ABSOLUTE
    ../fplib/microlib/fpepilogue.c           0x00000000   Number         0  fepilogue.o ABSOLUTE
    ../fplib/microlib/fpepilogue.c           0x00000000   Number         0  depilogue.o ABSOLUTE
    ../fplib/microlib/fpfix.c                0x00000000   Number         0  ffixui.o ABSOLUTE
    ../fplib/microlib/fpfix.c                0x00000000   Number         0  dfixui.o ABSOLUTE
    ../fplib/microlib/fpfix.c                0x00000000   Number         0  dfixul.o ABSOLUTE
    ../fplib/microlib/fpfix.c                0x00000000   Number         0  ffixi.o ABSOLUTE
    ../fplib/microlib/fpflt.c                0x00000000   Number         0  dfltui.o ABSOLUTE
    ../fplib/microlib/fpflt.c                0x00000000   Number         0  ffltui.o ABSOLUTE
    ../fplib/microlib/fpflt.c                0x00000000   Number         0  fflti.o ABSOLUTE
    ../fplib/microlib/fpmul.c                0x00000000   Number         0  dmul.o ABSOLUTE
    ../fplib/microlib/fpmul.c                0x00000000   Number         0  fmul.o ABSOLUTE
    ../fplib/microlib/fpscalb.c              0x00000000   Number         0  fscalb.o ABSOLUTE
    ../fplib/microlib/fpsqrt.c               0x00000000   Number         0  dsqrt.o ABSOLUTE
    ../mathlib/sqrt.c                        0x00000000   Number         0  sqrt_x.o ABSOLUTE
    ../mathlib/sqrt.c                        0x00000000   Number         0  sqrt.o ABSOLUTE
    ..\Core\Src\fsmc.c                       0x00000000   Number         0  fsmc.o ABSOLUTE
    ..\Core\Src\gpio.c                       0x00000000   Number         0  gpio.o ABSOLUTE
    ..\Core\Src\main.c                       0x00000000   Number         0  main.o ABSOLUTE
    ..\Core\Src\stm32f1xx_hal_msp.c          0x00000000   Number         0  stm32f1xx_hal_msp.o ABSOLUTE
    ..\Core\Src\stm32f1xx_it.c               0x00000000   Number         0  stm32f1xx_it.o ABSOLUTE
    ..\Core\Src\system_stm32f1xx.c           0x00000000   Number         0  system_stm32f1xx.o ABSOLUTE
    ..\Core\Src\usart.c                      0x00000000   Number         0  usart.o ABSOLUTE
    ..\Drivers\24CXX\24cxx.c                 0x00000000   Number         0  24cxx.o ABSOLUTE
    ..\Drivers\IIC\myiic.c                   0x00000000   Number         0  myiic.o ABSOLUTE
    ..\Drivers\KEY\key.c                     0x00000000   Number         0  key.o ABSOLUTE
    ..\Drivers\LCD\lcd.c                     0x00000000   Number         0  lcd.o ABSOLUTE
    ..\Drivers\STM32F1xx_HAL_Driver\Src\stm32f1xx_hal.c 0x00000000   Number         0  stm32f1xx_hal.o ABSOLUTE
    ..\Drivers\STM32F1xx_HAL_Driver\Src\stm32f1xx_hal_cortex.c 0x00000000   Number         0  stm32f1xx_hal_cortex.o ABSOLUTE
    ..\Drivers\STM32F1xx_HAL_Driver\Src\stm32f1xx_hal_dma.c 0x00000000   Number         0  stm32f1xx_hal_dma.o ABSOLUTE
    ..\Drivers\STM32F1xx_HAL_Driver\Src\stm32f1xx_hal_exti.c 0x00000000   Number         0  stm32f1xx_hal_exti.o ABSOLUTE
    ..\Drivers\STM32F1xx_HAL_Driver\Src\stm32f1xx_hal_flash.c 0x00000000   Number         0  stm32f1xx_hal_flash.o ABSOLUTE
    ..\Drivers\STM32F1xx_HAL_Driver\Src\stm32f1xx_hal_flash_ex.c 0x00000000   Number         0  stm32f1xx_hal_flash_ex.o ABSOLUTE
    ..\Drivers\STM32F1xx_HAL_Driver\Src\stm32f1xx_hal_gpio.c 0x00000000   Number         0  stm32f1xx_hal_gpio.o ABSOLUTE
    ..\Drivers\STM32F1xx_HAL_Driver\Src\stm32f1xx_hal_gpio_ex.c 0x00000000   Number         0  stm32f1xx_hal_gpio_ex.o ABSOLUTE
    ..\Drivers\STM32F1xx_HAL_Driver\Src\stm32f1xx_hal_pwr.c 0x00000000   Number         0  stm32f1xx_hal_pwr.o ABSOLUTE
    ..\Drivers\STM32F1xx_HAL_Driver\Src\stm32f1xx_hal_rcc.c 0x00000000   Number         0  stm32f1xx_hal_rcc.o ABSOLUTE
    ..\Drivers\STM32F1xx_HAL_Driver\Src\stm32f1xx_hal_rcc_ex.c 0x00000000   Number         0  stm32f1xx_hal_rcc_ex.o ABSOLUTE
    ..\Drivers\STM32F1xx_HAL_Driver\Src\stm32f1xx_hal_sram.c 0x00000000   Number         0  stm32f1xx_hal_sram.o ABSOLUTE
    ..\Drivers\STM32F1xx_HAL_Driver\Src\stm32f1xx_hal_tim.c 0x00000000   Number         0  stm32f1xx_hal_tim.o ABSOLUTE
    ..\Drivers\STM32F1xx_HAL_Driver\Src\stm32f1xx_hal_tim_ex.c 0x00000000   Number         0  stm32f1xx_hal_tim_ex.o ABSOLUTE
    ..\Drivers\STM32F1xx_HAL_Driver\Src\stm32f1xx_hal_uart.c 0x00000000   Number         0  stm32f1xx_hal_uart.o ABSOLUTE
    ..\Drivers\STM32F1xx_HAL_Driver\Src\stm32f1xx_ll_fsmc.c 0x00000000   Number         0  stm32f1xx_ll_fsmc.o ABSOLUTE
    ..\Drivers\TOUCH\ctiic.c                 0x00000000   Number         0  ctiic.o ABSOLUTE
    ..\Drivers\TOUCH\ft5206.c                0x00000000   Number         0  ft5206.o ABSOLUTE
    ..\Drivers\TOUCH\gt9147.c                0x00000000   Number         0  gt9147.o ABSOLUTE
    ..\Drivers\TOUCH\ott2001a.c              0x00000000   Number         0  ott2001a.o ABSOLUTE
    ..\Drivers\TOUCH\touch.c                 0x00000000   Number         0  touch.o ABSOLUTE
    ..\Drivers\delay\delay.c                 0x00000000   Number         0  delay.o ABSOLUTE
    ..\Drivers\sys\sys.c                     0x00000000   Number         0  sys.o ABSOLUTE
    ..\\Drivers\\24CXX\\24cxx.c              0x00000000   Number         0  24cxx.o ABSOLUTE
    ..\\Drivers\\IIC\\myiic.c                0x00000000   Number         0  myiic.o ABSOLUTE
    ..\\Drivers\\KEY\\key.c                  0x00000000   Number         0  key.o ABSOLUTE
    ..\\Drivers\\LCD\\lcd.c                  0x00000000   Number         0  lcd.o ABSOLUTE
    ..\\Drivers\\TOUCH\\ctiic.c              0x00000000   Number         0  ctiic.o ABSOLUTE
    ..\\Drivers\\TOUCH\\ft5206.c             0x00000000   Number         0  ft5206.o ABSOLUTE
    ..\\Drivers\\TOUCH\\gt9147.c             0x00000000   Number         0  gt9147.o ABSOLUTE
    ..\\Drivers\\TOUCH\\ott2001a.c           0x00000000   Number         0  ott2001a.o ABSOLUTE
    ..\\Drivers\\TOUCH\\touch.c              0x00000000   Number         0  touch.o ABSOLUTE
    ..\\Drivers\\delay\\delay.c              0x00000000   Number         0  delay.o ABSOLUTE
    ..\\Drivers\\sys\\sys.c                  0x00000000   Number         0  sys.o ABSOLUTE
    cdcmple.s                                0x00000000   Number         0  cdcmple.o ABSOLUTE
    cdrcmple.s                               0x00000000   Number         0  cdrcmple.o ABSOLUTE
    dc.s                                     0x00000000   Number         0  dc.o ABSOLUTE
    handlers.s                               0x00000000   Number         0  handlers.o ABSOLUTE
    init.s                                   0x00000000   Number         0  init.o ABSOLUTE
    startup_stm32f103xe.s                    0x00000000   Number         0  startup_stm32f103xe.o ABSOLUTE
    RESET                                    0x08000000   Section      304  startup_stm32f103xe.o(RESET)
    .ARM.Collect$$$$00000000                 0x08000130   Section        0  entry.o(.ARM.Collect$$$$00000000)
    .ARM.Collect$$$$00000001                 0x08000130   Section        4  entry2.o(.ARM.Collect$$$$00000001)
    .ARM.Collect$$$$00000004                 0x08000134   Section        4  entry5.o(.ARM.Collect$$$$00000004)
    .ARM.Collect$$$$00000008                 0x08000138   Section        0  entry7b.o(.ARM.Collect$$$$00000008)
    .ARM.Collect$$$$0000000A                 0x08000138   Section        0  entry8b.o(.ARM.Collect$$$$0000000A)
    .ARM.Collect$$$$0000000B                 0x08000138   Section        8  entry9a.o(.ARM.Collect$$$$0000000B)
    .ARM.Collect$$$$0000000D                 0x08000140   Section        0  entry10a.o(.ARM.Collect$$$$0000000D)
    .ARM.Collect$$$$0000000F                 0x08000140   Section        0  entry11a.o(.ARM.Collect$$$$0000000F)
    .ARM.Collect$$$$00002712                 0x08000140   Section        4  entry2.o(.ARM.Collect$$$$00002712)
    __lit__00000000                          0x08000140   Data           4  entry2.o(.ARM.Collect$$$$00002712)
    .text                                    0x08000144   Section       36  startup_stm32f103xe.o(.text)
    .text                                    0x08000168   Section        0  llushr.o(.text)
    .text                                    0x08000188   Section        0  memseta.o(.text)
    .text                                    0x080001ac   Section        0  strcmp.o(.text)
    .text                                    0x080001c8   Section        0  fadd.o(.text)
    .text                                    0x08000278   Section        0  fmul.o(.text)
    .text                                    0x080002dc   Section        0  fdiv.o(.text)
    .text                                    0x08000358   Section        0  fscalb.o(.text)
    .text                                    0x08000370   Section        0  dadd.o(.text)
    .text                                    0x080004be   Section        0  dmul.o(.text)
    .text                                    0x080005a2   Section        0  fflti.o(.text)
    .text                                    0x080005b4   Section        0  ffltui.o(.text)
    .text                                    0x080005be   Section        0  dfltui.o(.text)
    .text                                    0x080005d8   Section        0  ffixi.o(.text)
    .text                                    0x0800060a   Section        0  ffixui.o(.text)
    .text                                    0x08000632   Section        0  dfixui.o(.text)
    .text                                    0x08000664   Section        0  f2d.o(.text)
    .text                                    0x0800068c   Section       48  cdcmple.o(.text)
    .text                                    0x080006bc   Section       48  cdrcmple.o(.text)
    .text                                    0x080006ec   Section        0  uldiv.o(.text)
    .text                                    0x0800074e   Section        0  llshl.o(.text)
    .text                                    0x0800076c   Section        0  llsshr.o(.text)
    .text                                    0x08000790   Section        0  iusefp.o(.text)
    .text                                    0x08000790   Section        0  fepilogue.o(.text)
    .text                                    0x080007fe   Section        0  depilogue.o(.text)
    .text                                    0x080008b8   Section        0  dsqrt.o(.text)
    .text                                    0x0800095c   Section       36  init.o(.text)
    i.AT24CXX_Init                           0x08000980   Section        0  24cxx.o(i.AT24CXX_Init)
    i.AT24CXX_Read                           0x08000984   Section        0  24cxx.o(i.AT24CXX_Read)
    i.AT24CXX_ReadOneByte                    0x080009a6   Section        0  24cxx.o(i.AT24CXX_ReadOneByte)
    i.AT24CXX_Write                          0x080009e8   Section        0  24cxx.o(i.AT24CXX_Write)
    i.AT24CXX_WriteOneByte                   0x08000a08   Section        0  24cxx.o(i.AT24CXX_WriteOneByte)
    i.BusFault_Handler                       0x08000a46   Section        0  stm32f1xx_it.o(i.BusFault_Handler)
    i.CT_IIC_Ack                             0x08000a48   Section        0  ctiic.o(i.CT_IIC_Ack)
    i.CT_IIC_Init                            0x08000a94   Section        0  ctiic.o(i.CT_IIC_Init)
    i.CT_IIC_NAck                            0x08000b00   Section        0  ctiic.o(i.CT_IIC_NAck)
    i.CT_IIC_Read_Byte                       0x08000b4c   Section        0  ctiic.o(i.CT_IIC_Read_Byte)
    i.CT_IIC_Send_Byte                       0x08000bc4   Section        0  ctiic.o(i.CT_IIC_Send_Byte)
    i.CT_IIC_Start                           0x08000c2c   Section        0  ctiic.o(i.CT_IIC_Start)
    i.CT_IIC_Stop                            0x08000c78   Section        0  ctiic.o(i.CT_IIC_Stop)
    i.CT_IIC_Wait_Ack                        0x08000cbc   Section        0  ctiic.o(i.CT_IIC_Wait_Ack)
    i.DebugMon_Handler                       0x08000d14   Section        0  stm32f1xx_it.o(i.DebugMon_Handler)
    i.Error_Handler                          0x08000d16   Section        0  main.o(i.Error_Handler)
    i.FSMC_NORSRAM_Extended_Timing_Init      0x08000d1c   Section        0  stm32f1xx_ll_fsmc.o(i.FSMC_NORSRAM_Extended_Timing_Init)
    i.FSMC_NORSRAM_Init                      0x08000d58   Section        0  stm32f1xx_ll_fsmc.o(i.FSMC_NORSRAM_Init)
    i.FSMC_NORSRAM_Timing_Init               0x08000dc0   Section        0  stm32f1xx_ll_fsmc.o(i.FSMC_NORSRAM_Timing_Init)
    i.FT5206_Init                            0x08000e04   Section        0  ft5206.o(i.FT5206_Init)
    i.FT5206_RD_Reg                          0x08000ee0   Section        0  ft5206.o(i.FT5206_RD_Reg)
    i.FT5206_Scan                            0x08000f38   Section        0  ft5206.o(i.FT5206_Scan)
    i.FT5206_WR_Reg                          0x08001078   Section        0  ft5206.o(i.FT5206_WR_Reg)
    i.GT9147_Init                            0x080010c0   Section        0  gt9147.o(i.GT9147_Init)
    i.GT9147_RD_Reg                          0x080011dc   Section        0  gt9147.o(i.GT9147_RD_Reg)
    i.GT9147_Scan                            0x0800123c   Section        0  gt9147.o(i.GT9147_Scan)
    i.GT9147_Send_Cfg                        0x080013b8   Section        0  gt9147.o(i.GT9147_Send_Cfg)
    i.GT9147_WR_Reg                          0x08001408   Section        0  gt9147.o(i.GT9147_WR_Reg)
    i.HAL_DMA_Abort_IT                       0x0800145c   Section        0  stm32f1xx_hal_dma.o(i.HAL_DMA_Abort_IT)
    i.HAL_FSMC_MspInit                       0x0800158c   Section        0  fsmc.o(i.HAL_FSMC_MspInit)
    HAL_FSMC_MspInit                         0x0800158d   Thumb Code   106  fsmc.o(i.HAL_FSMC_MspInit)
    i.HAL_GPIO_Init                          0x0800160c   Section        0  stm32f1xx_hal_gpio.o(i.HAL_GPIO_Init)
    i.HAL_GPIO_ReadPin                       0x08001804   Section        0  stm32f1xx_hal_gpio.o(i.HAL_GPIO_ReadPin)
    i.HAL_GPIO_WritePin                      0x0800180e   Section        0  stm32f1xx_hal_gpio.o(i.HAL_GPIO_WritePin)
    i.HAL_GetTick                            0x08001818   Section        0  stm32f1xx_hal.o(i.HAL_GetTick)
    i.HAL_IncTick                            0x08001824   Section        0  stm32f1xx_hal.o(i.HAL_IncTick)
    i.HAL_Init                               0x08001834   Section        0  stm32f1xx_hal.o(i.HAL_Init)
    i.HAL_InitTick                           0x08001858   Section        0  stm32f1xx_hal.o(i.HAL_InitTick)
    i.HAL_MspInit                            0x08001898   Section        0  stm32f1xx_hal_msp.o(i.HAL_MspInit)
    i.HAL_NVIC_EnableIRQ                     0x080018d4   Section        0  stm32f1xx_hal_cortex.o(i.HAL_NVIC_EnableIRQ)
    i.HAL_NVIC_SetPriority                   0x080018f0   Section        0  stm32f1xx_hal_cortex.o(i.HAL_NVIC_SetPriority)
    i.HAL_NVIC_SetPriorityGrouping           0x08001930   Section        0  stm32f1xx_hal_cortex.o(i.HAL_NVIC_SetPriorityGrouping)
    i.HAL_RCC_ClockConfig                    0x08001954   Section        0  stm32f1xx_hal_rcc.o(i.HAL_RCC_ClockConfig)
    i.HAL_RCC_GetPCLK1Freq                   0x08001a80   Section        0  stm32f1xx_hal_rcc.o(i.HAL_RCC_GetPCLK1Freq)
    i.HAL_RCC_GetPCLK2Freq                   0x08001aa0   Section        0  stm32f1xx_hal_rcc.o(i.HAL_RCC_GetPCLK2Freq)
    i.HAL_RCC_GetSysClockFreq                0x08001ac0   Section        0  stm32f1xx_hal_rcc.o(i.HAL_RCC_GetSysClockFreq)
    i.HAL_RCC_OscConfig                      0x08001b2c   Section        0  stm32f1xx_hal_rcc.o(i.HAL_RCC_OscConfig)
    i.HAL_SRAM_Init                          0x08001e4c   Section        0  stm32f1xx_hal_sram.o(i.HAL_SRAM_Init)
    i.HAL_SRAM_MspInit                       0x08001eb0   Section        0  fsmc.o(i.HAL_SRAM_MspInit)
    i.HAL_SYSTICK_CLKSourceConfig            0x08001eb4   Section        0  stm32f1xx_hal_cortex.o(i.HAL_SYSTICK_CLKSourceConfig)
    i.HAL_SYSTICK_Config                     0x08001ecc   Section        0  stm32f1xx_hal_cortex.o(i.HAL_SYSTICK_Config)
    i.HAL_UART_ErrorCallback                 0x08001ef4   Section        0  stm32f1xx_hal_uart.o(i.HAL_UART_ErrorCallback)
    i.HAL_UART_IRQHandler                    0x08001ef8   Section        0  stm32f1xx_hal_uart.o(i.HAL_UART_IRQHandler)
    i.HAL_UART_Init                          0x08002054   Section        0  stm32f1xx_hal_uart.o(i.HAL_UART_Init)
    i.HAL_UART_MspInit                       0x080020b8   Section        0  usart.o(i.HAL_UART_MspInit)
    i.HAL_UART_RxCpltCallback                0x08002138   Section        0  stm32f1xx_hal_uart.o(i.HAL_UART_RxCpltCallback)
    i.HAL_UART_Transmit                      0x0800213c   Section        0  stm32f1xx_hal_uart.o(i.HAL_UART_Transmit)
    i.HAL_UART_TxCpltCallback                0x080021ee   Section        0  stm32f1xx_hal_uart.o(i.HAL_UART_TxCpltCallback)
    i.HardFault_Handler                      0x080021f0   Section        0  stm32f1xx_it.o(i.HardFault_Handler)
    i.IIC_Ack                                0x080021f4   Section        0  myiic.o(i.IIC_Ack)
    i.IIC_Init                               0x08002234   Section        0  myiic.o(i.IIC_Init)
    i.IIC_NAck                               0x08002248   Section        0  myiic.o(i.IIC_NAck)
    i.IIC_Read_Byte                          0x08002288   Section        0  myiic.o(i.IIC_Read_Byte)
    i.IIC_Send_Byte                          0x080022f4   Section        0  myiic.o(i.IIC_Send_Byte)
    i.IIC_Start                              0x08002354   Section        0  myiic.o(i.IIC_Start)
    i.IIC_Stop                               0x08002394   Section        0  myiic.o(i.IIC_Stop)
    i.IIC_Wait_Ack                           0x080023d8   Section        0  myiic.o(i.IIC_Wait_Ack)
    i.KEY_Scan                               0x08002430   Section        0  key.o(i.KEY_Scan)
    i.LCD_Clear                              0x080024fc   Section        0  lcd.o(i.LCD_Clear)
    i.LCD_Display_Dir                        0x08002530   Section        0  lcd.o(i.LCD_Display_Dir)
    i.LCD_DrawLine                           0x08002608   Section        0  lcd.o(i.LCD_DrawLine)
    i.LCD_DrawPoint                          0x080026a4   Section        0  lcd.o(i.LCD_DrawPoint)
    i.LCD_Draw_Circle                        0x080026c0   Section        0  lcd.o(i.LCD_Draw_Circle)
    i.LCD_Fast_DrawPoint                     0x08002770   Section        0  lcd.o(i.LCD_Fast_DrawPoint)
    i.LCD_Fill                               0x08002850   Section        0  lcd.o(i.LCD_Fill)
    i.LCD_Init                               0x08002898   Section        0  lcd.o(i.LCD_Init)
    i.LCD_Pow                                0x08004ba4   Section        0  lcd.o(i.LCD_Pow)
    i.LCD_RD_DATA                            0x08004bb4   Section        0  lcd.o(i.LCD_RD_DATA)
    i.LCD_SSD_BackLightSet                   0x08004bc8   Section        0  lcd.o(i.LCD_SSD_BackLightSet)
    i.LCD_Scan_Dir                           0x08004c14   Section        0  lcd.o(i.LCD_Scan_Dir)
    i.LCD_SetCursor                          0x08004dcc   Section        0  lcd.o(i.LCD_SetCursor)
    i.LCD_ShowChar                           0x08004ed0   Section        0  lcd.o(i.LCD_ShowChar)
    i.LCD_ShowNum                            0x08004fb4   Section        0  lcd.o(i.LCD_ShowNum)
    i.LCD_ShowString                         0x0800502a   Section        0  lcd.o(i.LCD_ShowString)
    i.LCD_WR_DATA                            0x08005080   Section        0  lcd.o(i.LCD_WR_DATA)
    i.LCD_WR_REG                             0x08005098   Section        0  lcd.o(i.LCD_WR_REG)
    i.LCD_WriteRAM_Prepare                   0x080050b0   Section        0  lcd.o(i.LCD_WriteRAM_Prepare)
    i.LCD_WriteReg                           0x080050c4   Section        0  lcd.o(i.LCD_WriteReg)
    i.Load_Drow_Dialog                       0x080050d4   Section        0  main.o(i.Load_Drow_Dialog)
    i.MX_FSMC_Init                           0x08005114   Section        0  fsmc.o(i.MX_FSMC_Init)
    i.MX_GPIO_Init                           0x080051a8   Section        0  gpio.o(i.MX_GPIO_Init)
    i.MX_USART1_UART_Init                    0x080052a8   Section        0  usart.o(i.MX_USART1_UART_Init)
    i.MemManage_Handler                      0x080052e0   Section        0  stm32f1xx_it.o(i.MemManage_Handler)
    i.NMI_Handler                            0x080052e2   Section        0  stm32f1xx_it.o(i.NMI_Handler)
    i.OTT2001A_Init                          0x080052e4   Section        0  ott2001a.o(i.OTT2001A_Init)
    i.OTT2001A_RD_Reg                        0x0800538c   Section        0  ott2001a.o(i.OTT2001A_RD_Reg)
    i.OTT2001A_Scan                          0x080053ec   Section        0  ott2001a.o(i.OTT2001A_Scan)
    i.OTT2001A_SensorControl                 0x08005558   Section        0  ott2001a.o(i.OTT2001A_SensorControl)
    i.OTT2001A_WR_Reg                        0x08005576   Section        0  ott2001a.o(i.OTT2001A_WR_Reg)
    i.PendSV_Handler                         0x080055c8   Section        0  stm32f1xx_it.o(i.PendSV_Handler)
    i.SVC_Handler                            0x080055ca   Section        0  stm32f1xx_it.o(i.SVC_Handler)
    i.SysTick_Handler                        0x080055cc   Section        0  stm32f1xx_it.o(i.SysTick_Handler)
    i.SystemClock_Config                     0x080055d0   Section        0  main.o(i.SystemClock_Config)
    i.SystemInit                             0x0800562e   Section        0  system_stm32f1xx.o(i.SystemInit)
    i.TP_Adj_Info_Show                       0x08005630   Section        0  touch.o(i.TP_Adj_Info_Show)
    i.TP_Adjust                              0x080057a8   Section        0  touch.o(i.TP_Adjust)
    i.TP_Draw_Big_Point                      0x08005cfc   Section        0  touch.o(i.TP_Draw_Big_Point)
    i.TP_Drow_Touch_Point                    0x08005d30   Section        0  touch.o(i.TP_Drow_Touch_Point)
    i.TP_Get_Adjdata                         0x08005da0   Section        0  touch.o(i.TP_Get_Adjdata)
    i.TP_Init                                0x08005ddc   Section        0  touch.o(i.TP_Init)
    i.TP_Read_AD                             0x08005e7c   Section        0  touch.o(i.TP_Read_AD)
    i.TP_Read_XOY                            0x08005f04   Section        0  touch.o(i.TP_Read_XOY)
    i.TP_Read_XY                             0x08005f68   Section        0  touch.o(i.TP_Read_XY)
    i.TP_Read_XY2                            0x08005f90   Section        0  touch.o(i.TP_Read_XY2)
    i.TP_Save_Adjdata                        0x0800600c   Section        0  touch.o(i.TP_Save_Adjdata)
    i.TP_Scan                                0x08006028   Section        0  touch.o(i.TP_Scan)
    i.TP_Write_Byte                          0x080060dc   Section        0  touch.o(i.TP_Write_Byte)
    i.UART_DMAAbortOnError                   0x08006124   Section        0  stm32f1xx_hal_uart.o(i.UART_DMAAbortOnError)
    UART_DMAAbortOnError                     0x08006125   Thumb Code    16  stm32f1xx_hal_uart.o(i.UART_DMAAbortOnError)
    i.UART_EndRxTransfer                     0x08006134   Section        0  stm32f1xx_hal_uart.o(i.UART_EndRxTransfer)
    UART_EndRxTransfer                       0x08006135   Thumb Code    28  stm32f1xx_hal_uart.o(i.UART_EndRxTransfer)
    i.UART_Receive_IT                        0x08006150   Section        0  stm32f1xx_hal_uart.o(i.UART_Receive_IT)
    UART_Receive_IT                          0x08006151   Thumb Code   140  stm32f1xx_hal_uart.o(i.UART_Receive_IT)
    i.UART_SetConfig                         0x080061dc   Section        0  stm32f1xx_hal_uart.o(i.UART_SetConfig)
    UART_SetConfig                           0x080061dd   Thumb Code   178  stm32f1xx_hal_uart.o(i.UART_SetConfig)
    i.UART_WaitOnFlagUntilTimeout            0x08006294   Section        0  stm32f1xx_hal_uart.o(i.UART_WaitOnFlagUntilTimeout)
    UART_WaitOnFlagUntilTimeout              0x08006295   Thumb Code   100  stm32f1xx_hal_uart.o(i.UART_WaitOnFlagUntilTimeout)
    i.USART1_IRQHandler                      0x080062f8   Section        0  stm32f1xx_it.o(i.USART1_IRQHandler)
    i.UsageFault_Handler                     0x08006304   Section        0  stm32f1xx_it.o(i.UsageFault_Handler)
    i.__0printf$5                            0x08006308   Section        0  printf5.o(i.__0printf$5)
    i.__NVIC_SetPriority                     0x08006328   Section        0  stm32f1xx_hal_cortex.o(i.__NVIC_SetPriority)
    __NVIC_SetPriority                       0x08006329   Thumb Code    32  stm32f1xx_hal_cortex.o(i.__NVIC_SetPriority)
    i.__scatterload_copy                     0x08006348   Section       14  handlers.o(i.__scatterload_copy)
    i.__scatterload_null                     0x08006356   Section        2  handlers.o(i.__scatterload_null)
    i.__scatterload_zeroinit                 0x08006358   Section       14  handlers.o(i.__scatterload_zeroinit)
    i.__set_errno                            0x08006368   Section        0  errno.o(i.__set_errno)
    i._printf_core                           0x08006374   Section        0  printf5.o(i._printf_core)
    _printf_core                             0x08006375   Thumb Code   658  printf5.o(i._printf_core)
    i.ctp_test                               0x08006634   Section        0  main.o(i.ctp_test)
    i.delay_init                             0x080066e8   Section        0  delay.o(i.delay_init)
    i.delay_ms                               0x080066fc   Section        0  delay.o(i.delay_ms)
    i.delay_us                               0x08006718   Section        0  delay.o(i.delay_us)
    i.fputc                                  0x0800674c   Section        0  usart.o(i.fputc)
    i.gui_draw_hline                         0x08006764   Section        0  main.o(i.gui_draw_hline)
    i.gui_fill_circle                        0x0800677a   Section        0  main.o(i.gui_fill_circle)
    i.lcd_draw_bline                         0x08006830   Section        0  main.o(i.lcd_draw_bline)
    i.main                                   0x080068e8   Section        0  main.o(i.main)
    i.rtp_test                               0x080069f0   Section        0  main.o(i.rtp_test)
    i.sqrt                                   0x08006a5c   Section        0  sqrt.o(i.sqrt)
    .constdata                               0x08006aa8   Section    18240  lcd.o(.constdata)
    .constdata                               0x0800b1e8   Section       10  main.o(.constdata)
    .constdata                               0x0800b1f2   Section       16  system_stm32f1xx.o(.constdata)
    .constdata                               0x0800b202   Section        8  system_stm32f1xx.o(.constdata)
    .constdata                               0x0800b20a   Section       10  ft5206.o(.constdata)
    .constdata                               0x0800b214   Section      194  gt9147.o(.constdata)
    .constdata                               0x0800b2d6   Section       10  ott2001a.o(.constdata)
    .constdata                               0x0800b2e0   Section        4  touch.o(.constdata)
    .conststring                             0x0800b2e4   Section      121  touch.o(.conststring)
    .data                                    0x20000000   Section        8  lcd.o(.data)
    .data                                    0x20000008   Section        8  fsmc.o(.data)
    FSMC_Initialized                         0x20000008   Data           4  fsmc.o(.data)
    FSMC_DeInitialized                       0x2000000c   Data           4  fsmc.o(.data)
    .data                                    0x20000010   Section       12  stm32f1xx_hal.o(.data)
    .data                                    0x2000001c   Section        4  system_stm32f1xx.o(.data)
    .data                                    0x20000020   Section        4  delay.o(.data)
    fac_us                                   0x20000020   Data           4  delay.o(.data)
    .data                                    0x20000024   Section        1  key.o(.data)
    key_up                                   0x20000024   Data           1  key.o(.data)
    .data                                    0x20000025   Section        1  ft5206.o(.data)
    t                                        0x20000025   Data           1  ft5206.o(.data)
    .data                                    0x20000026   Section        1  gt9147.o(.data)
    t                                        0x20000026   Data           1  gt9147.o(.data)
    .data                                    0x20000027   Section        1  ott2001a.o(.data)
    t                                        0x20000027   Data           1  ott2001a.o(.data)
    .data                                    0x20000028   Section       56  touch.o(.data)
    .data                                    0x20000060   Section        4  stdout.o(.data)
    .data                                    0x20000064   Section        4  errno.o(.data)
    _errno                                   0x20000064   Data           4  errno.o(.data)
    .bss                                     0x20000068   Section       14  lcd.o(.bss)
    .bss                                     0x20000078   Section       72  fsmc.o(.bss)
    .bss                                     0x200000c0   Section       64  usart.o(.bss)
    STACK                                    0x20000100   Section     1024  startup_stm32f103xe.o(STACK)

    Global Symbols

    Symbol Name                              Value     Ov Type        Size  Object(Section)

    BuildAttributes$$THM_ISAv4$P$D$K$B$S$PE$A:L22UL41UL21$X:L11$S22US41US21$IEEE1$IW$USESV6$~STKCKD$USESV7$~SHL$OTIME$ROPI$IEEEJ$EBA8$MICROLIB$REQ8$PRES8$EABIv2 0x00000000   Number         0  anon$$obj.o ABSOLUTE
    __ARM_use_no_argv                        0x00000000   Number         0  main.o ABSOLUTE
    _printf_a                                0x00000000   Number         0  stubs.o ABSOLUTE
    _printf_c                                0x00000000   Number         0  stubs.o ABSOLUTE
    _printf_charcount                        0x00000000   Number         0  stubs.o ABSOLUTE
    _printf_d                                0x00000000   Number         0  stubs.o ABSOLUTE
    _printf_e                                0x00000000   Number         0  stubs.o ABSOLUTE
    _printf_f                                0x00000000   Number         0  stubs.o ABSOLUTE
    _printf_flags                            0x00000000   Number         0  stubs.o ABSOLUTE
    _printf_fp_dec                           0x00000000   Number         0  stubs.o ABSOLUTE
    _printf_fp_hex                           0x00000000   Number         0  stubs.o ABSOLUTE
    _printf_g                                0x00000000   Number         0  stubs.o ABSOLUTE
    _printf_i                                0x00000000   Number         0  stubs.o ABSOLUTE
    _printf_int_dec                          0x00000000   Number         0  stubs.o ABSOLUTE
    _printf_l                                0x00000000   Number         0  stubs.o ABSOLUTE
    _printf_lc                               0x00000000   Number         0  stubs.o ABSOLUTE
    _printf_ll                               0x00000000   Number         0  stubs.o ABSOLUTE
    _printf_lld                              0x00000000   Number         0  stubs.o ABSOLUTE
    _printf_lli                              0x00000000   Number         0  stubs.o ABSOLUTE
    _printf_llo                              0x00000000   Number         0  stubs.o ABSOLUTE
    _printf_llu                              0x00000000   Number         0  stubs.o ABSOLUTE
    _printf_llx                              0x00000000   Number         0  stubs.o ABSOLUTE
    _printf_longlong_dec                     0x00000000   Number         0  stubs.o ABSOLUTE
    _printf_longlong_hex                     0x00000000   Number         0  stubs.o ABSOLUTE
    _printf_longlong_oct                     0x00000000   Number         0  stubs.o ABSOLUTE
    _printf_ls                               0x00000000   Number         0  stubs.o ABSOLUTE
    _printf_mbtowc                           0x00000000   Number         0  stubs.o ABSOLUTE
    _printf_n                                0x00000000   Number         0  stubs.o ABSOLUTE
    _printf_o                                0x00000000   Number         0  stubs.o ABSOLUTE
    _printf_p                                0x00000000   Number         0  stubs.o ABSOLUTE
    _printf_percent                          0x00000000   Number         0  stubs.o ABSOLUTE
    _printf_pre_padding                      0x00000000   Number         0  stubs.o ABSOLUTE
    _printf_return_value                     0x00000000   Number         0  stubs.o ABSOLUTE
    _printf_s                                0x00000000   Number         0  stubs.o ABSOLUTE
    _printf_sizespec                         0x00000000   Number         0  stubs.o ABSOLUTE
    _printf_str                              0x00000000   Number         0  stubs.o ABSOLUTE
    _printf_truncate_signed                  0x00000000   Number         0  stubs.o ABSOLUTE
    _printf_truncate_unsigned                0x00000000   Number         0  stubs.o ABSOLUTE
    _printf_u                                0x00000000   Number         0  stubs.o ABSOLUTE
    _printf_wc                               0x00000000   Number         0  stubs.o ABSOLUTE
    _printf_wctomb                           0x00000000   Number         0  stubs.o ABSOLUTE
    _printf_widthprec                        0x00000000   Number         0  stubs.o ABSOLUTE
    _printf_x                                0x00000000   Number         0  stubs.o ABSOLUTE
    __cpp_initialize__aeabi_                  - Undefined Weak Reference
    __cxa_finalize                            - Undefined Weak Reference
    __decompress                              - Undefined Weak Reference
    _clock_init                               - Undefined Weak Reference
    _microlib_exit                            - Undefined Weak Reference
    __Vectors_Size                           0x00000130   Number         0  startup_stm32f103xe.o ABSOLUTE
    __Vectors                                0x08000000   Data           4  startup_stm32f103xe.o(RESET)
    __Vectors_End                            0x08000130   Data           0  startup_stm32f103xe.o(RESET)
    __main                                   0x08000131   Thumb Code     0  entry.o(.ARM.Collect$$$$00000000)
    _main_stk                                0x08000131   Thumb Code     0  entry2.o(.ARM.Collect$$$$00000001)
    _main_scatterload                        0x08000135   Thumb Code     0  entry5.o(.ARM.Collect$$$$00000004)
    __main_after_scatterload                 0x08000139   Thumb Code     0  entry5.o(.ARM.Collect$$$$00000004)
    _main_clock                              0x08000139   Thumb Code     0  entry7b.o(.ARM.Collect$$$$00000008)
    _main_cpp_init                           0x08000139   Thumb Code     0  entry8b.o(.ARM.Collect$$$$0000000A)
    _main_init                               0x08000139   Thumb Code     0  entry9a.o(.ARM.Collect$$$$0000000B)
    __rt_final_cpp                           0x08000141   Thumb Code     0  entry10a.o(.ARM.Collect$$$$0000000D)
    __rt_final_exit                          0x08000141   Thumb Code     0  entry11a.o(.ARM.Collect$$$$0000000F)
    Reset_Handler                            0x08000145   Thumb Code     8  startup_stm32f103xe.o(.text)
    ADC1_2_IRQHandler                        0x0800015f   Thumb Code     0  startup_stm32f103xe.o(.text)
    ADC3_IRQHandler                          0x0800015f   Thumb Code     0  startup_stm32f103xe.o(.text)
    CAN1_RX1_IRQHandler                      0x0800015f   Thumb Code     0  startup_stm32f103xe.o(.text)
    CAN1_SCE_IRQHandler                      0x0800015f   Thumb Code     0  startup_stm32f103xe.o(.text)
    DMA1_Channel1_IRQHandler                 0x0800015f   Thumb Code     0  startup_stm32f103xe.o(.text)
    DMA1_Channel2_IRQHandler                 0x0800015f   Thumb Code     0  startup_stm32f103xe.o(.text)
    DMA1_Channel3_IRQHandler                 0x0800015f   Thumb Code     0  startup_stm32f103xe.o(.text)
    DMA1_Channel4_IRQHandler                 0x0800015f   Thumb Code     0  startup_stm32f103xe.o(.text)
    DMA1_Channel5_IRQHandler                 0x0800015f   Thumb Code     0  startup_stm32f103xe.o(.text)
    DMA1_Channel6_IRQHandler                 0x0800015f   Thumb Code     0  startup_stm32f103xe.o(.text)
    DMA1_Channel7_IRQHandler                 0x0800015f   Thumb Code     0  startup_stm32f103xe.o(.text)
    DMA2_Channel1_IRQHandler                 0x0800015f   Thumb Code     0  startup_stm32f103xe.o(.text)
    DMA2_Channel2_IRQHandler                 0x0800015f   Thumb Code     0  startup_stm32f103xe.o(.text)
    DMA2_Channel3_IRQHandler                 0x0800015f   Thumb Code     0  startup_stm32f103xe.o(.text)
    DMA2_Channel4_5_IRQHandler               0x0800015f   Thumb Code     0  startup_stm32f103xe.o(.text)
    EXTI0_IRQHandler                         0x0800015f   Thumb Code     0  startup_stm32f103xe.o(.text)
    EXTI15_10_IRQHandler                     0x0800015f   Thumb Code     0  startup_stm32f103xe.o(.text)
    EXTI1_IRQHandler                         0x0800015f   Thumb Code     0  startup_stm32f103xe.o(.text)
    EXTI2_IRQHandler                         0x0800015f   Thumb Code     0  startup_stm32f103xe.o(.text)
    EXTI3_IRQHandler                         0x0800015f   Thumb Code     0  startup_stm32f103xe.o(.text)
    EXTI4_IRQHandler                         0x0800015f   Thumb Code     0  startup_stm32f103xe.o(.text)
    EXTI9_5_IRQHandler                       0x0800015f   Thumb Code     0  startup_stm32f103xe.o(.text)
    FLASH_IRQHandler                         0x0800015f   Thumb Code     0  startup_stm32f103xe.o(.text)
    FSMC_IRQHandler                          0x0800015f   Thumb Code     0  startup_stm32f103xe.o(.text)
    I2C1_ER_IRQHandler                       0x0800015f   Thumb Code     0  startup_stm32f103xe.o(.text)
    I2C1_EV_IRQHandler                       0x0800015f   Thumb Code     0  startup_stm32f103xe.o(.text)
    I2C2_ER_IRQHandler                       0x0800015f   Thumb Code     0  startup_stm32f103xe.o(.text)
    I2C2_EV_IRQHandler                       0x0800015f   Thumb Code     0  startup_stm32f103xe.o(.text)
    PVD_IRQHandler                           0x0800015f   Thumb Code     0  startup_stm32f103xe.o(.text)
    RCC_IRQHandler                           0x0800015f   Thumb Code     0  startup_stm32f103xe.o(.text)
    RTC_Alarm_IRQHandler                     0x0800015f   Thumb Code     0  startup_stm32f103xe.o(.text)
    RTC_IRQHandler                           0x0800015f   Thumb Code     0  startup_stm32f103xe.o(.text)
    SDIO_IRQHandler                          0x0800015f   Thumb Code     0  startup_stm32f103xe.o(.text)
    SPI1_IRQHandler                          0x0800015f   Thumb Code     0  startup_stm32f103xe.o(.text)
    SPI2_IRQHandler                          0x0800015f   Thumb Code     0  startup_stm32f103xe.o(.text)
    SPI3_IRQHandler                          0x0800015f   Thumb Code     0  startup_stm32f103xe.o(.text)
    TAMPER_IRQHandler                        0x0800015f   Thumb Code     0  startup_stm32f103xe.o(.text)
    TIM1_BRK_IRQHandler                      0x0800015f   Thumb Code     0  startup_stm32f103xe.o(.text)
    TIM1_CC_IRQHandler                       0x0800015f   Thumb Code     0  startup_stm32f103xe.o(.text)
    TIM1_TRG_COM_IRQHandler                  0x0800015f   Thumb Code     0  startup_stm32f103xe.o(.text)
    TIM1_UP_IRQHandler                       0x0800015f   Thumb Code     0  startup_stm32f103xe.o(.text)
    TIM2_IRQHandler                          0x0800015f   Thumb Code     0  startup_stm32f103xe.o(.text)
    TIM3_IRQHandler                          0x0800015f   Thumb Code     0  startup_stm32f103xe.o(.text)
    TIM4_IRQHandler                          0x0800015f   Thumb Code     0  startup_stm32f103xe.o(.text)
    TIM5_IRQHandler                          0x0800015f   Thumb Code     0  startup_stm32f103xe.o(.text)
    TIM6_IRQHandler                          0x0800015f   Thumb Code     0  startup_stm32f103xe.o(.text)
    TIM7_IRQHandler                          0x0800015f   Thumb Code     0  startup_stm32f103xe.o(.text)
    TIM8_BRK_IRQHandler                      0x0800015f   Thumb Code     0  startup_stm32f103xe.o(.text)
    TIM8_CC_IRQHandler                       0x0800015f   Thumb Code     0  startup_stm32f103xe.o(.text)
    TIM8_TRG_COM_IRQHandler                  0x0800015f   Thumb Code     0  startup_stm32f103xe.o(.text)
    TIM8_UP_IRQHandler                       0x0800015f   Thumb Code     0  startup_stm32f103xe.o(.text)
    UART4_IRQHandler                         0x0800015f   Thumb Code     0  startup_stm32f103xe.o(.text)
    UART5_IRQHandler                         0x0800015f   Thumb Code     0  startup_stm32f103xe.o(.text)
    USART2_IRQHandler                        0x0800015f   Thumb Code     0  startup_stm32f103xe.o(.text)
    USART3_IRQHandler                        0x0800015f   Thumb Code     0  startup_stm32f103xe.o(.text)
    USBWakeUp_IRQHandler                     0x0800015f   Thumb Code     0  startup_stm32f103xe.o(.text)
    USB_HP_CAN1_TX_IRQHandler                0x0800015f   Thumb Code     0  startup_stm32f103xe.o(.text)
    USB_LP_CAN1_RX0_IRQHandler               0x0800015f   Thumb Code     0  startup_stm32f103xe.o(.text)
    WWDG_IRQHandler                          0x0800015f   Thumb Code     0  startup_stm32f103xe.o(.text)
    __aeabi_llsr                             0x08000169   Thumb Code    32  llushr.o(.text)
    _ll_ushift_r                             0x08000169   Thumb Code     0  llushr.o(.text)
    __aeabi_memset                           0x08000189   Thumb Code    14  memseta.o(.text)
    __aeabi_memset4                          0x08000189   Thumb Code     0  memseta.o(.text)
    __aeabi_memset8                          0x08000189   Thumb Code     0  memseta.o(.text)
    __aeabi_memclr                           0x08000197   Thumb Code     4  memseta.o(.text)
    __aeabi_memclr4                          0x08000197   Thumb Code     0  memseta.o(.text)
    __aeabi_memclr8                          0x08000197   Thumb Code     0  memseta.o(.text)
    _memset$wrapper                          0x0800019b   Thumb Code    18  memseta.o(.text)
    strcmp                                   0x080001ad   Thumb Code    28  strcmp.o(.text)
    __aeabi_fadd                             0x080001c9   Thumb Code   164  fadd.o(.text)
    __aeabi_fsub                             0x0800026d   Thumb Code     6  fadd.o(.text)
    __aeabi_frsub                            0x08000273   Thumb Code     6  fadd.o(.text)
    __aeabi_fmul                             0x08000279   Thumb Code   100  fmul.o(.text)
    __aeabi_fdiv                             0x080002dd   Thumb Code   124  fdiv.o(.text)
    __ARM_scalbnf                            0x08000359   Thumb Code    24  fscalb.o(.text)
    scalbnf                                  0x08000359   Thumb Code     0  fscalb.o(.text)
    __aeabi_dadd                             0x08000371   Thumb Code   322  dadd.o(.text)
    __aeabi_dsub                             0x080004b3   Thumb Code     6  dadd.o(.text)
    __aeabi_drsub                            0x080004b9   Thumb Code     6  dadd.o(.text)
    __aeabi_dmul                             0x080004bf   Thumb Code   228  dmul.o(.text)
    __aeabi_i2f                              0x080005a3   Thumb Code    18  fflti.o(.text)
    __aeabi_ui2f                             0x080005b5   Thumb Code    10  ffltui.o(.text)
    __aeabi_ui2d                             0x080005bf   Thumb Code    26  dfltui.o(.text)
    __aeabi_f2iz                             0x080005d9   Thumb Code    50  ffixi.o(.text)
    __aeabi_f2uiz                            0x0800060b   Thumb Code    40  ffixui.o(.text)
    __aeabi_d2uiz                            0x08000633   Thumb Code    50  dfixui.o(.text)
    __aeabi_f2d                              0x08000665   Thumb Code    38  f2d.o(.text)
    __aeabi_cdcmpeq                          0x0800068d   Thumb Code     0  cdcmple.o(.text)
    __aeabi_cdcmple                          0x0800068d   Thumb Code    48  cdcmple.o(.text)
    __aeabi_cdrcmple                         0x080006bd   Thumb Code    48  cdrcmple.o(.text)
    __aeabi_uldivmod                         0x080006ed   Thumb Code    98  uldiv.o(.text)
    __aeabi_llsl                             0x0800074f   Thumb Code    30  llshl.o(.text)
    _ll_shift_l                              0x0800074f   Thumb Code     0  llshl.o(.text)
    __aeabi_lasr                             0x0800076d   Thumb Code    36  llsshr.o(.text)
    _ll_sshift_r                             0x0800076d   Thumb Code     0  llsshr.o(.text)
    __I$use$fp                               0x08000791   Thumb Code     0  iusefp.o(.text)
    _float_round                             0x08000791   Thumb Code    18  fepilogue.o(.text)
    _float_epilogue                          0x080007a3   Thumb Code    92  fepilogue.o(.text)
    _double_round                            0x080007ff   Thumb Code    30  depilogue.o(.text)
    _double_epilogue                         0x0800081d   Thumb Code   156  depilogue.o(.text)
    _dsqrt                                   0x080008b9   Thumb Code   162  dsqrt.o(.text)
    __scatterload                            0x0800095d   Thumb Code    28  init.o(.text)
    __scatterload_rt2                        0x0800095d   Thumb Code     0  init.o(.text)
    AT24CXX_Init                             0x08000981   Thumb Code     4  24cxx.o(i.AT24CXX_Init)
    AT24CXX_Read                             0x08000985   Thumb Code    34  24cxx.o(i.AT24CXX_Read)
    AT24CXX_ReadOneByte                      0x080009a7   Thumb Code    66  24cxx.o(i.AT24CXX_ReadOneByte)
    AT24CXX_Write                            0x080009e9   Thumb Code    32  24cxx.o(i.AT24CXX_Write)
    AT24CXX_WriteOneByte                     0x08000a09   Thumb Code    62  24cxx.o(i.AT24CXX_WriteOneByte)
    BusFault_Handler                         0x08000a47   Thumb Code     2  stm32f1xx_it.o(i.BusFault_Handler)
    CT_IIC_Ack                               0x08000a49   Thumb Code    64  ctiic.o(i.CT_IIC_Ack)
    CT_IIC_Init                              0x08000a95   Thumb Code    88  ctiic.o(i.CT_IIC_Init)
    CT_IIC_NAck                              0x08000b01   Thumb Code    64  ctiic.o(i.CT_IIC_NAck)
    CT_IIC_Read_Byte                         0x08000b4d   Thumb Code   106  ctiic.o(i.CT_IIC_Read_Byte)
    CT_IIC_Send_Byte                         0x08000bc5   Thumb Code    90  ctiic.o(i.CT_IIC_Send_Byte)
    CT_IIC_Start                             0x08000c2d   Thumb Code    62  ctiic.o(i.CT_IIC_Start)
    CT_IIC_Stop                              0x08000c79   Thumb Code    56  ctiic.o(i.CT_IIC_Stop)
    CT_IIC_Wait_Ack                          0x08000cbd   Thumb Code    74  ctiic.o(i.CT_IIC_Wait_Ack)
    DebugMon_Handler                         0x08000d15   Thumb Code     2  stm32f1xx_it.o(i.DebugMon_Handler)
    Error_Handler                            0x08000d17   Thumb Code     4  main.o(i.Error_Handler)
    FSMC_NORSRAM_Extended_Timing_Init        0x08000d1d   Thumb Code    56  stm32f1xx_ll_fsmc.o(i.FSMC_NORSRAM_Extended_Timing_Init)
    FSMC_NORSRAM_Init                        0x08000d59   Thumb Code    98  stm32f1xx_ll_fsmc.o(i.FSMC_NORSRAM_Init)
    FSMC_NORSRAM_Timing_Init                 0x08000dc1   Thumb Code    64  stm32f1xx_ll_fsmc.o(i.FSMC_NORSRAM_Timing_Init)
    FT5206_Init                              0x08000e05   Thumb Code   194  ft5206.o(i.FT5206_Init)
    FT5206_RD_Reg                            0x08000ee1   Thumb Code    86  ft5206.o(i.FT5206_RD_Reg)
    FT5206_Scan                              0x08000f39   Thumb Code   308  ft5206.o(i.FT5206_Scan)
    FT5206_WR_Reg                            0x08001079   Thumb Code    72  ft5206.o(i.FT5206_WR_Reg)
    GT9147_Init                              0x080010c1   Thumb Code   232  gt9147.o(i.GT9147_Init)
    GT9147_RD_Reg                            0x080011dd   Thumb Code    96  gt9147.o(i.GT9147_RD_Reg)
    GT9147_Scan                              0x0800123d   Thumb Code   364  gt9147.o(i.GT9147_Scan)
    GT9147_Send_Cfg                          0x080013b9   Thumb Code    74  gt9147.o(i.GT9147_Send_Cfg)
    GT9147_WR_Reg                            0x08001409   Thumb Code    82  gt9147.o(i.GT9147_WR_Reg)
    HAL_DMA_Abort_IT                         0x0800145d   Thumb Code   296  stm32f1xx_hal_dma.o(i.HAL_DMA_Abort_IT)
    HAL_GPIO_Init                            0x0800160d   Thumb Code   462  stm32f1xx_hal_gpio.o(i.HAL_GPIO_Init)
    HAL_GPIO_ReadPin                         0x08001805   Thumb Code    10  stm32f1xx_hal_gpio.o(i.HAL_GPIO_ReadPin)
    HAL_GPIO_WritePin                        0x0800180f   Thumb Code    10  stm32f1xx_hal_gpio.o(i.HAL_GPIO_WritePin)
    HAL_GetTick                              0x08001819   Thumb Code     6  stm32f1xx_hal.o(i.HAL_GetTick)
    HAL_IncTick                              0x08001825   Thumb Code    12  stm32f1xx_hal.o(i.HAL_IncTick)
    HAL_Init                                 0x08001835   Thumb Code    32  stm32f1xx_hal.o(i.HAL_Init)
    HAL_InitTick                             0x08001859   Thumb Code    54  stm32f1xx_hal.o(i.HAL_InitTick)
    HAL_MspInit                              0x08001899   Thumb Code    52  stm32f1xx_hal_msp.o(i.HAL_MspInit)
    HAL_NVIC_EnableIRQ                       0x080018d5   Thumb Code    26  stm32f1xx_hal_cortex.o(i.HAL_NVIC_EnableIRQ)
    HAL_NVIC_SetPriority                     0x080018f1   Thumb Code    60  stm32f1xx_hal_cortex.o(i.HAL_NVIC_SetPriority)
    HAL_NVIC_SetPriorityGrouping             0x08001931   Thumb Code    26  stm32f1xx_hal_cortex.o(i.HAL_NVIC_SetPriorityGrouping)
    HAL_RCC_ClockConfig                      0x08001955   Thumb Code   280  stm32f1xx_hal_rcc.o(i.HAL_RCC_ClockConfig)
    HAL_RCC_GetPCLK1Freq                     0x08001a81   Thumb Code    20  stm32f1xx_hal_rcc.o(i.HAL_RCC_GetPCLK1Freq)
    HAL_RCC_GetPCLK2Freq                     0x08001aa1   Thumb Code    20  stm32f1xx_hal_rcc.o(i.HAL_RCC_GetPCLK2Freq)
    HAL_RCC_GetSysClockFreq                  0x08001ac1   Thumb Code    74  stm32f1xx_hal_rcc.o(i.HAL_RCC_GetSysClockFreq)
    HAL_RCC_OscConfig                        0x08001b2d   Thumb Code   778  stm32f1xx_hal_rcc.o(i.HAL_RCC_OscConfig)
    HAL_SRAM_Init                            0x08001e4d   Thumb Code   100  stm32f1xx_hal_sram.o(i.HAL_SRAM_Init)
    HAL_SRAM_MspInit                         0x08001eb1   Thumb Code     4  fsmc.o(i.HAL_SRAM_MspInit)
    HAL_SYSTICK_CLKSourceConfig              0x08001eb5   Thumb Code    24  stm32f1xx_hal_cortex.o(i.HAL_SYSTICK_CLKSourceConfig)
    HAL_SYSTICK_Config                       0x08001ecd   Thumb Code    40  stm32f1xx_hal_cortex.o(i.HAL_SYSTICK_Config)
    HAL_UART_ErrorCallback                   0x08001ef5   Thumb Code     2  stm32f1xx_hal_uart.o(i.HAL_UART_ErrorCallback)
    HAL_UART_IRQHandler                      0x08001ef9   Thumb Code   344  stm32f1xx_hal_uart.o(i.HAL_UART_IRQHandler)
    HAL_UART_Init                            0x08002055   Thumb Code    98  stm32f1xx_hal_uart.o(i.HAL_UART_Init)
    HAL_UART_MspInit                         0x080020b9   Thumb Code   116  usart.o(i.HAL_UART_MspInit)
    HAL_UART_RxCpltCallback                  0x08002139   Thumb Code     2  stm32f1xx_hal_uart.o(i.HAL_UART_RxCpltCallback)
    HAL_UART_Transmit                        0x0800213d   Thumb Code   178  stm32f1xx_hal_uart.o(i.HAL_UART_Transmit)
    HAL_UART_TxCpltCallback                  0x080021ef   Thumb Code     2  stm32f1xx_hal_uart.o(i.HAL_UART_TxCpltCallback)
    HardFault_Handler                        0x080021f1   Thumb Code     2  stm32f1xx_it.o(i.HardFault_Handler)
    IIC_Ack                                  0x080021f5   Thumb Code    56  myiic.o(i.IIC_Ack)
    IIC_Init                                 0x08002235   Thumb Code    14  myiic.o(i.IIC_Init)
    IIC_NAck                                 0x08002249   Thumb Code    56  myiic.o(i.IIC_NAck)
    IIC_Read_Byte                            0x08002289   Thumb Code   100  myiic.o(i.IIC_Read_Byte)
    IIC_Send_Byte                            0x080022f5   Thumb Code    86  myiic.o(i.IIC_Send_Byte)
    IIC_Start                                0x08002355   Thumb Code    56  myiic.o(i.IIC_Start)
    IIC_Stop                                 0x08002395   Thumb Code    58  myiic.o(i.IIC_Stop)
    IIC_Wait_Ack                             0x080023d9   Thumb Code    78  myiic.o(i.IIC_Wait_Ack)
    KEY_Scan                                 0x08002431   Thumb Code   192  key.o(i.KEY_Scan)
    LCD_Clear                                0x080024fd   Thumb Code    42  lcd.o(i.LCD_Clear)
    LCD_Display_Dir                          0x08002531   Thumb Code   212  lcd.o(i.LCD_Display_Dir)
    LCD_DrawLine                             0x08002609   Thumb Code   154  lcd.o(i.LCD_DrawLine)
    LCD_DrawPoint                            0x080026a5   Thumb Code    20  lcd.o(i.LCD_DrawPoint)
    LCD_Draw_Circle                          0x080026c1   Thumb Code   176  lcd.o(i.LCD_Draw_Circle)
    LCD_Fast_DrawPoint                       0x08002771   Thumb Code   216  lcd.o(i.LCD_Fast_DrawPoint)
    LCD_Fill                                 0x08002851   Thumb Code    68  lcd.o(i.LCD_Fill)
    LCD_Init                                 0x08002899   Thumb Code  8966  lcd.o(i.LCD_Init)
    LCD_Pow                                  0x08004ba5   Thumb Code    16  lcd.o(i.LCD_Pow)
    LCD_RD_DATA                              0x08004bb5   Thumb Code    16  lcd.o(i.LCD_RD_DATA)
    LCD_SSD_BackLightSet                     0x08004bc9   Thumb Code    70  lcd.o(i.LCD_SSD_BackLightSet)
    LCD_Scan_Dir                             0x08004c15   Thumb Code   434  lcd.o(i.LCD_Scan_Dir)
    LCD_SetCursor                            0x08004dcd   Thumb Code   254  lcd.o(i.LCD_SetCursor)
    LCD_ShowChar                             0x08004ed1   Thumb Code   202  lcd.o(i.LCD_ShowChar)
    LCD_ShowNum                              0x08004fb5   Thumb Code   118  lcd.o(i.LCD_ShowNum)
    LCD_ShowString                           0x0800502b   Thumb Code    84  lcd.o(i.LCD_ShowString)
    LCD_WR_DATA                              0x08005081   Thumb Code    20  lcd.o(i.LCD_WR_DATA)
    LCD_WR_REG                               0x08005099   Thumb Code    20  lcd.o(i.LCD_WR_REG)
    LCD_WriteRAM_Prepare                     0x080050b1   Thumb Code    10  lcd.o(i.LCD_WriteRAM_Prepare)
    LCD_WriteReg                             0x080050c5   Thumb Code    10  lcd.o(i.LCD_WriteReg)
    Load_Drow_Dialog                         0x080050d5   Thumb Code    50  main.o(i.Load_Drow_Dialog)
    MX_FSMC_Init                             0x08005115   Thumb Code   134  fsmc.o(i.MX_FSMC_Init)
    MX_GPIO_Init                             0x080051a9   Thumb Code   240  gpio.o(i.MX_GPIO_Init)
    MX_USART1_UART_Init                      0x080052a9   Thumb Code    48  usart.o(i.MX_USART1_UART_Init)
    MemManage_Handler                        0x080052e1   Thumb Code     2  stm32f1xx_it.o(i.MemManage_Handler)
    NMI_Handler                              0x080052e3   Thumb Code     2  stm32f1xx_it.o(i.NMI_Handler)
    OTT2001A_Init                            0x080052e5   Thumb Code   142  ott2001a.o(i.OTT2001A_Init)
    OTT2001A_RD_Reg                          0x0800538d   Thumb Code    96  ott2001a.o(i.OTT2001A_RD_Reg)
    OTT2001A_Scan                            0x080053ed   Thumb Code   332  ott2001a.o(i.OTT2001A_Scan)
    OTT2001A_SensorControl                   0x08005559   Thumb Code    30  ott2001a.o(i.OTT2001A_SensorControl)
    OTT2001A_WR_Reg                          0x08005577   Thumb Code    82  ott2001a.o(i.OTT2001A_WR_Reg)
    PendSV_Handler                           0x080055c9   Thumb Code     2  stm32f1xx_it.o(i.PendSV_Handler)
    SVC_Handler                              0x080055cb   Thumb Code     2  stm32f1xx_it.o(i.SVC_Handler)
    SysTick_Handler                          0x080055cd   Thumb Code     4  stm32f1xx_it.o(i.SysTick_Handler)
    SystemClock_Config                       0x080055d1   Thumb Code    94  main.o(i.SystemClock_Config)
    SystemInit                               0x0800562f   Thumb Code     2  system_stm32f1xx.o(i.SystemInit)
    TP_Adj_Info_Show                         0x08005631   Thumb Code   326  touch.o(i.TP_Adj_Info_Show)
    TP_Adjust                                0x080057a9   Thumb Code  1310  touch.o(i.TP_Adjust)
    TP_Draw_Big_Point                        0x08005cfd   Thumb Code    48  touch.o(i.TP_Draw_Big_Point)
    TP_Drow_Touch_Point                      0x08005d31   Thumb Code   106  touch.o(i.TP_Drow_Touch_Point)
    TP_Get_Adjdata                           0x08005da1   Thumb Code    56  touch.o(i.TP_Get_Adjdata)
    TP_Init                                  0x08005ddd   Thumb Code   138  touch.o(i.TP_Init)
    TP_Read_AD                               0x08005e7d   Thumb Code   126  touch.o(i.TP_Read_AD)
    TP_Read_XOY                              0x08005f05   Thumb Code   100  touch.o(i.TP_Read_XOY)
    TP_Read_XY                               0x08005f69   Thumb Code    34  touch.o(i.TP_Read_XY)
    TP_Read_XY2                              0x08005f91   Thumb Code   122  touch.o(i.TP_Read_XY2)
    TP_Save_Adjdata                          0x0800600d   Thumb Code    24  touch.o(i.TP_Save_Adjdata)
    TP_Scan                                  0x08006029   Thumb Code   170  touch.o(i.TP_Scan)
    TP_Write_Byte                            0x080060dd   Thumb Code    64  touch.o(i.TP_Write_Byte)
    USART1_IRQHandler                        0x080062f9   Thumb Code     6  stm32f1xx_it.o(i.USART1_IRQHandler)
    UsageFault_Handler                       0x08006305   Thumb Code     2  stm32f1xx_it.o(i.UsageFault_Handler)
    __0printf$5                              0x08006309   Thumb Code    22  printf5.o(i.__0printf$5)
    __1printf$5                              0x08006309   Thumb Code     0  printf5.o(i.__0printf$5)
    __2printf                                0x08006309   Thumb Code     0  printf5.o(i.__0printf$5)
    __scatterload_copy                       0x08006349   Thumb Code    14  handlers.o(i.__scatterload_copy)
    __scatterload_null                       0x08006357   Thumb Code     2  handlers.o(i.__scatterload_null)
    __scatterload_zeroinit                   0x08006359   Thumb Code    14  handlers.o(i.__scatterload_zeroinit)
    __set_errno                              0x08006369   Thumb Code     6  errno.o(i.__set_errno)
    ctp_test                                 0x08006635   Thumb Code   166  main.o(i.ctp_test)
    delay_init                               0x080066e9   Thumb Code    16  delay.o(i.delay_init)
    delay_ms                                 0x080066fd   Thumb Code    26  delay.o(i.delay_ms)
    delay_us                                 0x08006719   Thumb Code    48  delay.o(i.delay_us)
    fputc                                    0x0800674d   Thumb Code    20  usart.o(i.fputc)
    gui_draw_hline                           0x08006765   Thumb Code    22  main.o(i.gui_draw_hline)
    gui_fill_circle                          0x0800677b   Thumb Code   182  main.o(i.gui_fill_circle)
    lcd_draw_bline                           0x08006831   Thumb Code   182  main.o(i.lcd_draw_bline)
    main                                     0x080068e9   Thumb Code   174  main.o(i.main)
    rtp_test                                 0x080069f1   Thumb Code   100  main.o(i.rtp_test)
    sqrt                                     0x08006a5d   Thumb Code    76  sqrt.o(i.sqrt)
    asc2_1206                                0x08006aa8   Data        1140  lcd.o(.constdata)
    asc2_1608                                0x08006f1c   Data        1520  lcd.o(.constdata)
    asc2_2412                                0x0800750c   Data        3420  lcd.o(.constdata)
    asc2_3216                                0x08008268   Data       12160  lcd.o(.constdata)
    POINT_COLOR_TBL                          0x0800b1e8   Data          10  main.o(.constdata)
    AHBPrescTable                            0x0800b1f2   Data          16  system_stm32f1xx.o(.constdata)
    APBPrescTable                            0x0800b202   Data           8  system_stm32f1xx.o(.constdata)
    FT5206_TPX_TBL                           0x0800b20a   Data          10  ft5206.o(.constdata)
    GT9147_CFG_TBL                           0x0800b214   Data         184  gt9147.o(.constdata)
    GT9147_TPX_TBL                           0x0800b2cc   Data          10  gt9147.o(.constdata)
    OTT_TPX_TBL                              0x0800b2d6   Data          10  ott2001a.o(.constdata)
    TP_REMIND_MSG_TBL                        0x0800b2e0   Data           4  touch.o(.constdata)
    Region$$Table$$Base                      0x0800b360   Number         0  anon$$obj.o(Region$$Table)
    Region$$Table$$Limit                     0x0800b380   Number         0  anon$$obj.o(Region$$Table)
    POINT_COLOR                              0x20000000   Data           4  lcd.o(.data)
    BACK_COLOR                               0x20000004   Data           4  lcd.o(.data)
    uwTickFreq                               0x20000010   Data           1  stm32f1xx_hal.o(.data)
    uwTickPrio                               0x20000014   Data           4  stm32f1xx_hal.o(.data)
    uwTick                                   0x20000018   Data           4  stm32f1xx_hal.o(.data)
    SystemCoreClock                          0x2000001c   Data           4  system_stm32f1xx.o(.data)
    CMD_RDX                                  0x20000028   Data           1  touch.o(.data)
    CMD_RDY                                  0x20000029   Data           1  touch.o(.data)
    tp_dev                                   0x2000002c   Data          52  touch.o(.data)
    __stdout                                 0x20000060   Data           4  stdout.o(.data)
    lcddev                                   0x20000068   Data          14  lcd.o(.bss)
    hsram1                                   0x20000078   Data          72  fsmc.o(.bss)
    huart1                                   0x200000c0   Data          64  usart.o(.bss)
    __initial_sp                             0x20000500   Data           0  startup_stm32f103xe.o(STACK)



==============================================================================

Memory Map of the image

  Image Entry point : 0x08000131

  Load Region LR_IROM1 (Base: 0x08000000, Size: 0x0000b3e8, Max: 0x00080000, ABSOLUTE)

    Execution Region ER_IROM1 (Exec base: 0x08000000, Load base: 0x08000000, Size: 0x0000b380, Max: 0x00080000, ABSOLUTE)

    Exec Addr    Load Addr    Size         Type   Attr      Idx    E Section Name        Object

    0x08000000   0x08000000   0x00000130   Data   RO            3    RESET               startup_stm32f103xe.o
    0x08000130   0x08000130   0x00000000   Code   RO         2914  * .ARM.Collect$$$$00000000  mc_w.l(entry.o)
    0x08000130   0x08000130   0x00000004   Code   RO         3214    .ARM.Collect$$$$00000001  mc_w.l(entry2.o)
    0x08000134   0x08000134   0x00000004   Code   RO         3217    .ARM.Collect$$$$00000004  mc_w.l(entry5.o)
    0x08000138   0x08000138   0x00000000   Code   RO         3219    .ARM.Collect$$$$00000008  mc_w.l(entry7b.o)
    0x08000138   0x08000138   0x00000000   Code   RO         3221    .ARM.Collect$$$$0000000A  mc_w.l(entry8b.o)
    0x08000138   0x08000138   0x00000008   Code   RO         3222    .ARM.Collect$$$$0000000B  mc_w.l(entry9a.o)
    0x08000140   0x08000140   0x00000000   Code   RO         3224    .ARM.Collect$$$$0000000D  mc_w.l(entry10a.o)
    0x08000140   0x08000140   0x00000000   Code   RO         3226    .ARM.Collect$$$$0000000F  mc_w.l(entry11a.o)
    0x08000140   0x08000140   0x00000004   Code   RO         3215    .ARM.Collect$$$$00002712  mc_w.l(entry2.o)
    0x08000144   0x08000144   0x00000024   Code   RO            4    .text               startup_stm32f103xe.o
    0x08000168   0x08000168   0x00000020   Code   RO         2917    .text               mc_w.l(llushr.o)
    0x08000188   0x08000188   0x00000024   Code   RO         2919    .text               mc_w.l(memseta.o)
    0x080001ac   0x080001ac   0x0000001c   Code   RO         2921    .text               mc_w.l(strcmp.o)
    0x080001c8   0x080001c8   0x000000b0   Code   RO         3184    .text               mf_w.l(fadd.o)
    0x08000278   0x08000278   0x00000064   Code   RO         3186    .text               mf_w.l(fmul.o)
    0x080002dc   0x080002dc   0x0000007c   Code   RO         3188    .text               mf_w.l(fdiv.o)
    0x08000358   0x08000358   0x00000018   Code   RO         3190    .text               mf_w.l(fscalb.o)
    0x08000370   0x08000370   0x0000014e   Code   RO         3192    .text               mf_w.l(dadd.o)
    0x080004be   0x080004be   0x000000e4   Code   RO         3194    .text               mf_w.l(dmul.o)
    0x080005a2   0x080005a2   0x00000012   Code   RO         3196    .text               mf_w.l(fflti.o)
    0x080005b4   0x080005b4   0x0000000a   Code   RO         3198    .text               mf_w.l(ffltui.o)
    0x080005be   0x080005be   0x0000001a   Code   RO         3200    .text               mf_w.l(dfltui.o)
    0x080005d8   0x080005d8   0x00000032   Code   RO         3202    .text               mf_w.l(ffixi.o)
    0x0800060a   0x0800060a   0x00000028   Code   RO         3204    .text               mf_w.l(ffixui.o)
    0x08000632   0x08000632   0x00000032   Code   RO         3206    .text               mf_w.l(dfixui.o)
    0x08000664   0x08000664   0x00000026   Code   RO         3208    .text               mf_w.l(f2d.o)
    0x0800068a   0x0800068a   0x00000002   PAD
    0x0800068c   0x0800068c   0x00000030   Code   RO         3210    .text               mf_w.l(cdcmple.o)
    0x080006bc   0x080006bc   0x00000030   Code   RO         3212    .text               mf_w.l(cdrcmple.o)
    0x080006ec   0x080006ec   0x00000062   Code   RO         3231    .text               mc_w.l(uldiv.o)
    0x0800074e   0x0800074e   0x0000001e   Code   RO         3233    .text               mc_w.l(llshl.o)
    0x0800076c   0x0800076c   0x00000024   Code   RO         3235    .text               mc_w.l(llsshr.o)
    0x08000790   0x08000790   0x00000000   Code   RO         3244    .text               mc_w.l(iusefp.o)
    0x08000790   0x08000790   0x0000006e   Code   RO         3245    .text               mf_w.l(fepilogue.o)
    0x080007fe   0x080007fe   0x000000ba   Code   RO         3247    .text               mf_w.l(depilogue.o)
    0x080008b8   0x080008b8   0x000000a2   Code   RO         3251    .text               mf_w.l(dsqrt.o)
    0x0800095a   0x0800095a   0x00000002   PAD
    0x0800095c   0x0800095c   0x00000024   Code   RO         3255    .text               mc_w.l(init.o)
    0x08000980   0x08000980   0x00000004   Code   RO         2443    i.AT24CXX_Init      24cxx.o
    0x08000984   0x08000984   0x00000022   Code   RO         2444    i.AT24CXX_Read      24cxx.o
    0x080009a6   0x080009a6   0x00000042   Code   RO         2446    i.AT24CXX_ReadOneByte  24cxx.o
    0x080009e8   0x080009e8   0x00000020   Code   RO         2447    i.AT24CXX_Write     24cxx.o
    0x08000a08   0x08000a08   0x0000003e   Code   RO         2449    i.AT24CXX_WriteOneByte  24cxx.o
    0x08000a46   0x08000a46   0x00000002   Code   RO          566    i.BusFault_Handler  stm32f1xx_it.o
    0x08000a48   0x08000a48   0x0000004c   Code   RO         2575    i.CT_IIC_Ack        ctiic.o
    0x08000a94   0x08000a94   0x0000006c   Code   RO         2576    i.CT_IIC_Init       ctiic.o
    0x08000b00   0x08000b00   0x0000004c   Code   RO         2577    i.CT_IIC_NAck       ctiic.o
    0x08000b4c   0x08000b4c   0x00000078   Code   RO         2578    i.CT_IIC_Read_Byte  ctiic.o
    0x08000bc4   0x08000bc4   0x00000068   Code   RO         2579    i.CT_IIC_Send_Byte  ctiic.o
    0x08000c2c   0x08000c2c   0x0000004c   Code   RO         2580    i.CT_IIC_Start      ctiic.o
    0x08000c78   0x08000c78   0x00000044   Code   RO         2581    i.CT_IIC_Stop       ctiic.o
    0x08000cbc   0x08000cbc   0x00000058   Code   RO         2582    i.CT_IIC_Wait_Ack   ctiic.o
    0x08000d14   0x08000d14   0x00000002   Code   RO          567    i.DebugMon_Handler  stm32f1xx_it.o
    0x08000d16   0x08000d16   0x00000004   Code   RO          323    i.Error_Handler     main.o
    0x08000d1a   0x08000d1a   0x00000002   PAD
    0x08000d1c   0x08000d1c   0x0000003c   Code   RO          716    i.FSMC_NORSRAM_Extended_Timing_Init  stm32f1xx_ll_fsmc.o
    0x08000d58   0x08000d58   0x00000068   Code   RO          717    i.FSMC_NORSRAM_Init  stm32f1xx_ll_fsmc.o
    0x08000dc0   0x08000dc0   0x00000044   Code   RO          718    i.FSMC_NORSRAM_Timing_Init  stm32f1xx_ll_fsmc.o
    0x08000e04   0x08000e04   0x000000dc   Code   RO         2649    i.FT5206_Init       ft5206.o
    0x08000ee0   0x08000ee0   0x00000056   Code   RO         2650    i.FT5206_RD_Reg     ft5206.o
    0x08000f36   0x08000f36   0x00000002   PAD
    0x08000f38   0x08000f38   0x00000140   Code   RO         2651    i.FT5206_Scan       ft5206.o
    0x08001078   0x08001078   0x00000048   Code   RO         2652    i.FT5206_WR_Reg     ft5206.o
    0x080010c0   0x080010c0   0x0000011c   Code   RO         2698    i.GT9147_Init       gt9147.o
    0x080011dc   0x080011dc   0x00000060   Code   RO         2699    i.GT9147_RD_Reg     gt9147.o
    0x0800123c   0x0800123c   0x0000017c   Code   RO         2700    i.GT9147_Scan       gt9147.o
    0x080013b8   0x080013b8   0x00000050   Code   RO         2701    i.GT9147_Send_Cfg   gt9147.o
    0x08001408   0x08001408   0x00000052   Code   RO         2702    i.GT9147_WR_Reg     gt9147.o
    0x0800145a   0x0800145a   0x00000002   PAD
    0x0800145c   0x0800145c   0x00000130   Code   RO         1214    i.HAL_DMA_Abort_IT  stm32f1xx_hal_dma.o
    0x0800158c   0x0800158c   0x00000080   Code   RO          460    i.HAL_FSMC_MspInit  fsmc.o
    0x0800160c   0x0800160c   0x000001f8   Code   RO         1149    i.HAL_GPIO_Init     stm32f1xx_hal_gpio.o
    0x08001804   0x08001804   0x0000000a   Code   RO         1151    i.HAL_GPIO_ReadPin  stm32f1xx_hal_gpio.o
    0x0800180e   0x0800180e   0x0000000a   Code   RO         1153    i.HAL_GPIO_WritePin  stm32f1xx_hal_gpio.o
    0x08001818   0x08001818   0x0000000c   Code   RO          845    i.HAL_GetTick       stm32f1xx_hal.o
    0x08001824   0x08001824   0x00000010   Code   RO          851    i.HAL_IncTick       stm32f1xx_hal.o
    0x08001834   0x08001834   0x00000024   Code   RO          852    i.HAL_Init          stm32f1xx_hal.o
    0x08001858   0x08001858   0x00000040   Code   RO          853    i.HAL_InitTick      stm32f1xx_hal.o
    0x08001898   0x08001898   0x0000003c   Code   RO          648    i.HAL_MspInit       stm32f1xx_hal_msp.o
    0x080018d4   0x080018d4   0x0000001a   Code   RO         1309    i.HAL_NVIC_EnableIRQ  stm32f1xx_hal_cortex.o
    0x080018ee   0x080018ee   0x00000002   PAD
    0x080018f0   0x080018f0   0x00000040   Code   RO         1315    i.HAL_NVIC_SetPriority  stm32f1xx_hal_cortex.o
    0x08001930   0x08001930   0x00000024   Code   RO         1316    i.HAL_NVIC_SetPriorityGrouping  stm32f1xx_hal_cortex.o
    0x08001954   0x08001954   0x0000012c   Code   RO         1009    i.HAL_RCC_ClockConfig  stm32f1xx_hal_rcc.o
    0x08001a80   0x08001a80   0x00000020   Code   RO         1016    i.HAL_RCC_GetPCLK1Freq  stm32f1xx_hal_rcc.o
    0x08001aa0   0x08001aa0   0x00000020   Code   RO         1017    i.HAL_RCC_GetPCLK2Freq  stm32f1xx_hal_rcc.o
    0x08001ac0   0x08001ac0   0x0000006c   Code   RO         1018    i.HAL_RCC_GetSysClockFreq  stm32f1xx_hal_rcc.o
    0x08001b2c   0x08001b2c   0x00000320   Code   RO         1021    i.HAL_RCC_OscConfig  stm32f1xx_hal_rcc.o
    0x08001e4c   0x08001e4c   0x00000064   Code   RO         1813    i.HAL_SRAM_Init     stm32f1xx_hal_sram.o
    0x08001eb0   0x08001eb0   0x00000004   Code   RO          462    i.HAL_SRAM_MspInit  fsmc.o
    0x08001eb4   0x08001eb4   0x00000018   Code   RO         1318    i.HAL_SYSTICK_CLKSourceConfig  stm32f1xx_hal_cortex.o
    0x08001ecc   0x08001ecc   0x00000028   Code   RO         1320    i.HAL_SYSTICK_Config  stm32f1xx_hal_cortex.o
    0x08001ef4   0x08001ef4   0x00000002   Code   RO         2001    i.HAL_UART_ErrorCallback  stm32f1xx_hal_uart.o
    0x08001ef6   0x08001ef6   0x00000002   PAD
    0x08001ef8   0x08001ef8   0x0000015c   Code   RO         2004    i.HAL_UART_IRQHandler  stm32f1xx_hal_uart.o
    0x08002054   0x08002054   0x00000062   Code   RO         2005    i.HAL_UART_Init     stm32f1xx_hal_uart.o
    0x080020b6   0x080020b6   0x00000002   PAD
    0x080020b8   0x080020b8   0x00000080   Code   RO          509    i.HAL_UART_MspInit  usart.o
    0x08002138   0x08002138   0x00000002   Code   RO         2011    i.HAL_UART_RxCpltCallback  stm32f1xx_hal_uart.o
    0x0800213a   0x0800213a   0x00000002   PAD
    0x0800213c   0x0800213c   0x000000b2   Code   RO         2013    i.HAL_UART_Transmit  stm32f1xx_hal_uart.o
    0x080021ee   0x080021ee   0x00000002   Code   RO         2016    i.HAL_UART_TxCpltCallback  stm32f1xx_hal_uart.o
    0x080021f0   0x080021f0   0x00000002   Code   RO          568    i.HardFault_Handler  stm32f1xx_it.o
    0x080021f2   0x080021f2   0x00000002   PAD
    0x080021f4   0x080021f4   0x00000040   Code   RO         2508    i.IIC_Ack           myiic.o
    0x08002234   0x08002234   0x00000014   Code   RO         2509    i.IIC_Init          myiic.o
    0x08002248   0x08002248   0x00000040   Code   RO         2510    i.IIC_NAck          myiic.o
    0x08002288   0x08002288   0x0000006c   Code   RO         2511    i.IIC_Read_Byte     myiic.o
    0x080022f4   0x080022f4   0x00000060   Code   RO         2512    i.IIC_Send_Byte     myiic.o
    0x08002354   0x08002354   0x00000040   Code   RO         2513    i.IIC_Start         myiic.o
    0x08002394   0x08002394   0x00000044   Code   RO         2514    i.IIC_Stop          myiic.o
    0x080023d8   0x080023d8   0x00000058   Code   RO         2515    i.IIC_Wait_Ack      myiic.o
    0x08002430   0x08002430   0x000000cc   Code   RO         2417    i.KEY_Scan          key.o
    0x080024fc   0x080024fc   0x00000034   Code   RO           14    i.LCD_Clear         lcd.o
    0x08002530   0x08002530   0x000000d8   Code   RO           18    i.LCD_Display_Dir   lcd.o
    0x08002608   0x08002608   0x0000009a   Code   RO           19    i.LCD_DrawLine      lcd.o
    0x080026a2   0x080026a2   0x00000002   PAD
    0x080026a4   0x080026a4   0x0000001c   Code   RO           20    i.LCD_DrawPoint     lcd.o
    0x080026c0   0x080026c0   0x000000b0   Code   RO           22    i.LCD_Draw_Circle   lcd.o
    0x08002770   0x08002770   0x000000e0   Code   RO           23    i.LCD_Fast_DrawPoint  lcd.o
    0x08002850   0x08002850   0x00000048   Code   RO           24    i.LCD_Fill          lcd.o
    0x08002898   0x08002898   0x0000230c   Code   RO           25    i.LCD_Init          lcd.o
    0x08004ba4   0x08004ba4   0x00000010   Code   RO           26    i.LCD_Pow           lcd.o
    0x08004bb4   0x08004bb4   0x00000014   Code   RO           27    i.LCD_RD_DATA       lcd.o
    0x08004bc8   0x08004bc8   0x0000004c   Code   RO           30    i.LCD_SSD_BackLightSet  lcd.o
    0x08004c14   0x08004c14   0x000001b8   Code   RO           31    i.LCD_Scan_Dir      lcd.o
    0x08004dcc   0x08004dcc   0x00000104   Code   RO           32    i.LCD_SetCursor     lcd.o
    0x08004ed0   0x08004ed0   0x000000e4   Code   RO           34    i.LCD_ShowChar      lcd.o
    0x08004fb4   0x08004fb4   0x00000076   Code   RO           35    i.LCD_ShowNum       lcd.o
    0x0800502a   0x0800502a   0x00000054   Code   RO           36    i.LCD_ShowString    lcd.o
    0x0800507e   0x0800507e   0x00000002   PAD
    0x08005080   0x08005080   0x00000018   Code   RO           38    i.LCD_WR_DATA       lcd.o
    0x08005098   0x08005098   0x00000018   Code   RO           39    i.LCD_WR_REG        lcd.o
    0x080050b0   0x080050b0   0x00000014   Code   RO           41    i.LCD_WriteRAM_Prepare  lcd.o
    0x080050c4   0x080050c4   0x00000010   Code   RO           42    i.LCD_WriteReg      lcd.o
    0x080050d4   0x080050d4   0x00000040   Code   RO          324    i.Load_Drow_Dialog  main.o
    0x08005114   0x08005114   0x00000094   Code   RO          463    i.MX_FSMC_Init      fsmc.o
    0x080051a8   0x080051a8   0x00000100   Code   RO          436    i.MX_GPIO_Init      gpio.o
    0x080052a8   0x080052a8   0x00000038   Code   RO          510    i.MX_USART1_UART_Init  usart.o
    0x080052e0   0x080052e0   0x00000002   Code   RO          569    i.MemManage_Handler  stm32f1xx_it.o
    0x080052e2   0x080052e2   0x00000002   Code   RO          570    i.NMI_Handler       stm32f1xx_it.o
    0x080052e4   0x080052e4   0x000000a8   Code   RO         2750    i.OTT2001A_Init     ott2001a.o
    0x0800538c   0x0800538c   0x00000060   Code   RO         2751    i.OTT2001A_RD_Reg   ott2001a.o
    0x080053ec   0x080053ec   0x0000016c   Code   RO         2752    i.OTT2001A_Scan     ott2001a.o
    0x08005558   0x08005558   0x0000001e   Code   RO         2753    i.OTT2001A_SensorControl  ott2001a.o
    0x08005576   0x08005576   0x00000052   Code   RO         2754    i.OTT2001A_WR_Reg   ott2001a.o
    0x080055c8   0x080055c8   0x00000002   Code   RO          571    i.PendSV_Handler    stm32f1xx_it.o
    0x080055ca   0x080055ca   0x00000002   Code   RO          572    i.SVC_Handler       stm32f1xx_it.o
    0x080055cc   0x080055cc   0x00000004   Code   RO          573    i.SysTick_Handler   stm32f1xx_it.o
    0x080055d0   0x080055d0   0x0000005e   Code   RO          325    i.SystemClock_Config  main.o
    0x0800562e   0x0800562e   0x00000002   Code   RO         2302    i.SystemInit        system_stm32f1xx.o
    0x08005630   0x08005630   0x00000178   Code   RO         2802    i.TP_Adj_Info_Show  touch.o
    0x080057a8   0x080057a8   0x00000554   Code   RO         2803    i.TP_Adjust         touch.o
    0x08005cfc   0x08005cfc   0x00000034   Code   RO         2804    i.TP_Draw_Big_Point  touch.o
    0x08005d30   0x08005d30   0x00000070   Code   RO         2805    i.TP_Drow_Touch_Point  touch.o
    0x08005da0   0x08005da0   0x0000003c   Code   RO         2806    i.TP_Get_Adjdata    touch.o
    0x08005ddc   0x08005ddc   0x000000a0   Code   RO         2807    i.TP_Init           touch.o
    0x08005e7c   0x08005e7c   0x00000088   Code   RO         2808    i.TP_Read_AD        touch.o
    0x08005f04   0x08005f04   0x00000064   Code   RO         2809    i.TP_Read_XOY       touch.o
    0x08005f68   0x08005f68   0x00000028   Code   RO         2810    i.TP_Read_XY        touch.o
    0x08005f90   0x08005f90   0x0000007a   Code   RO         2811    i.TP_Read_XY2       touch.o
    0x0800600a   0x0800600a   0x00000002   PAD
    0x0800600c   0x0800600c   0x0000001c   Code   RO         2812    i.TP_Save_Adjdata   touch.o
    0x08006028   0x08006028   0x000000b4   Code   RO         2813    i.TP_Scan           touch.o
    0x080060dc   0x080060dc   0x00000048   Code   RO         2814    i.TP_Write_Byte     touch.o
    0x08006124   0x08006124   0x00000010   Code   RO         2018    i.UART_DMAAbortOnError  stm32f1xx_hal_uart.o
    0x08006134   0x08006134   0x0000001c   Code   RO         2028    i.UART_EndRxTransfer  stm32f1xx_hal_uart.o
    0x08006150   0x08006150   0x0000008c   Code   RO         2030    i.UART_Receive_IT   stm32f1xx_hal_uart.o
    0x080061dc   0x080061dc   0x000000b8   Code   RO         2031    i.UART_SetConfig    stm32f1xx_hal_uart.o
    0x08006294   0x08006294   0x00000064   Code   RO         2032    i.UART_WaitOnFlagUntilTimeout  stm32f1xx_hal_uart.o
    0x080062f8   0x080062f8   0x0000000c   Code   RO          574    i.USART1_IRQHandler  stm32f1xx_it.o
    0x08006304   0x08006304   0x00000002   Code   RO          575    i.UsageFault_Handler  stm32f1xx_it.o
    0x08006306   0x08006306   0x00000002   PAD
    0x08006308   0x08006308   0x00000020   Code   RO         3056    i.__0printf$5       mc_w.l(printf5.o)
    0x08006328   0x08006328   0x00000020   Code   RO         1322    i.__NVIC_SetPriority  stm32f1xx_hal_cortex.o
    0x08006348   0x08006348   0x0000000e   Code   RO         3259    i.__scatterload_copy  mc_w.l(handlers.o)
    0x08006356   0x08006356   0x00000002   Code   RO         3260    i.__scatterload_null  mc_w.l(handlers.o)
    0x08006358   0x08006358   0x0000000e   Code   RO         3261    i.__scatterload_zeroinit  mc_w.l(handlers.o)
    0x08006366   0x08006366   0x00000002   PAD
    0x08006368   0x08006368   0x0000000c   Code   RO         3239    i.__set_errno       mc_w.l(errno.o)
    0x08006374   0x08006374   0x000002c0   Code   RO         3063    i._printf_core      mc_w.l(printf5.o)
    0x08006634   0x08006634   0x000000b4   Code   RO          326    i.ctp_test          main.o
    0x080066e8   0x080066e8   0x00000014   Code   RO         2339    i.delay_init        delay.o
    0x080066fc   0x080066fc   0x0000001a   Code   RO         2340    i.delay_ms          delay.o
    0x08006716   0x08006716   0x00000002   PAD
    0x08006718   0x08006718   0x00000034   Code   RO         2341    i.delay_us          delay.o
    0x0800674c   0x0800674c   0x00000018   Code   RO          512    i.fputc             usart.o
    0x08006764   0x08006764   0x00000016   Code   RO          327    i.gui_draw_hline    main.o
    0x0800677a   0x0800677a   0x000000b6   Code   RO          328    i.gui_fill_circle   main.o
    0x08006830   0x08006830   0x000000b6   Code   RO          329    i.lcd_draw_bline    main.o
    0x080068e6   0x080068e6   0x00000002   PAD
    0x080068e8   0x080068e8   0x00000108   Code   RO          330    i.main              main.o
    0x080069f0   0x080069f0   0x0000006c   Code   RO          332    i.rtp_test          main.o
    0x08006a5c   0x08006a5c   0x0000004c   Code   RO         2907    i.sqrt              m_ws.l(sqrt.o)
    0x08006aa8   0x08006aa8   0x00004740   Data   RO           46    .constdata          lcd.o
    0x0800b1e8   0x0800b1e8   0x0000000a   Data   RO          333    .constdata          main.o
    0x0800b1f2   0x0800b1f2   0x00000010   Data   RO         2303    .constdata          system_stm32f1xx.o
    0x0800b202   0x0800b202   0x00000008   Data   RO         2304    .constdata          system_stm32f1xx.o
    0x0800b20a   0x0800b20a   0x0000000a   Data   RO         2653    .constdata          ft5206.o
    0x0800b214   0x0800b214   0x000000c2   Data   RO         2703    .constdata          gt9147.o
    0x0800b2d6   0x0800b2d6   0x0000000a   Data   RO         2755    .constdata          ott2001a.o
    0x0800b2e0   0x0800b2e0   0x00000004   Data   RO         2815    .constdata          touch.o
    0x0800b2e4   0x0800b2e4   0x00000079   Data   RO         2816    .conststring        touch.o
    0x0800b35d   0x0800b35d   0x00000003   PAD
    0x0800b360   0x0800b360   0x00000020   Data   RO         3257    Region$$Table       anon$$obj.o


    Execution Region RW_IRAM1 (Exec base: 0x20000000, Load base: 0x0800b380, Size: 0x00000500, Max: 0x00010000, ABSOLUTE)

    Exec Addr    Load Addr    Size         Type   Attr      Idx    E Section Name        Object

    0x20000000   0x0800b380   0x00000008   Data   RW           47    .data               lcd.o
    0x20000008   0x0800b388   0x00000008   Data   RW          465    .data               fsmc.o
    0x20000010   0x0800b390   0x0000000c   Data   RW          859    .data               stm32f1xx_hal.o
    0x2000001c   0x0800b39c   0x00000004   Data   RW         2305    .data               system_stm32f1xx.o
    0x20000020   0x0800b3a0   0x00000004   Data   RW         2342    .data               delay.o
    0x20000024   0x0800b3a4   0x00000001   Data   RW         2418    .data               key.o
    0x20000025   0x0800b3a5   0x00000001   Data   RW         2654    .data               ft5206.o
    0x20000026   0x0800b3a6   0x00000001   Data   RW         2704    .data               gt9147.o
    0x20000027   0x0800b3a7   0x00000001   Data   RW         2756    .data               ott2001a.o
    0x20000028   0x0800b3a8   0x00000038   Data   RW         2817    .data               touch.o
    0x20000060   0x0800b3e0   0x00000004   Data   RW         3228    .data               mc_w.l(stdout.o)
    0x20000064   0x0800b3e4   0x00000004   Data   RW         3240    .data               mc_w.l(errno.o)
    0x20000068        -       0x0000000e   Zero   RW           45    .bss                lcd.o
    0x20000076   0x0800b3e8   0x00000002   PAD
    0x20000078        -       0x00000048   Zero   RW          464    .bss                fsmc.o
    0x200000c0        -       0x00000040   Zero   RW          513    .bss                usart.o
    0x20000100        -       0x00000400   Zero   RW            1    STACK               startup_stm32f103xe.o


==============================================================================

Image component sizes


      Code (inc. data)   RO Data    RW Data    ZI Data      Debug   Object Name

       198          0          0          0          0       2795   24cxx.o
       716        112          0          0          0       4897   ctiic.o
        98          8          0          4          0       1639   delay.o
       280         36          0          8         72       2099   fsmc.o
       698         38         10          1          0       3385   ft5206.o
       256         16          0          0          0       1023   gpio.o
       922         74        194          1          0       4178   gt9147.o
       204         12          0          1          0        691   key.o
     11220        148      18240          8         14     484301   lcd.o
      1100        126         10          0          0       5677   main.o
       572         68          0          0          0       3918   myiic.o
       740         58         10          1          0       3839   ott2001a.o
        36          8        304          0       1024        780   startup_stm32f103xe.o
       128         24          0         12          0       5725   stm32f1xx_hal.o
       222         14          0          0          0      29013   stm32f1xx_hal_cortex.o
       304          8          0          0          0       1055   stm32f1xx_hal_dma.o
       524         42          0          0          0       3067   stm32f1xx_hal_gpio.o
        60          8          0          0          0        826   stm32f1xx_hal_msp.o
      1272        100          0          0          0       4816   stm32f1xx_hal_rcc.o
       100          0          0          0          0       1064   stm32f1xx_hal_sram.o
      1098         10          0          0          0       7543   stm32f1xx_hal_uart.o
        32          6          0          0          0       4098   stm32f1xx_it.o
       232         14          0          0          0       3551   stm32f1xx_ll_fsmc.o
         2          0         24          4          0       1055   system_stm32f1xx.o
      2802        216        125         56          0       9575   touch.o
       208         24          0          0         64       3334   usart.o

    ----------------------------------------------------------------------
     24052       1170      18952         96       1176     593944   Object Totals
         0          0         32          0          0          0   (incl. Generated)
        28          0          3          0          2          0   (incl. Padding)

    ----------------------------------------------------------------------

      Code (inc. data)   RO Data    RW Data    ZI Data      Debug   Library Member Name

        76          0          0          0          0         84   sqrt.o
         0          0          0          0          0          0   entry.o
         0          0          0          0          0          0   entry10a.o
         0          0          0          0          0          0   entry11a.o
         8          4          0          0          0          0   entry2.o
         4          0          0          0          0          0   entry5.o
         0          0          0          0          0          0   entry7b.o
         0          0          0          0          0          0   entry8b.o
         8          4          0          0          0          0   entry9a.o
        12          6          0          4          0         68   errno.o
        30          0          0          0          0          0   handlers.o
        36          8          0          0          0         68   init.o
         0          0          0          0          0          0   iusefp.o
        30          0          0          0          0         68   llshl.o
        36          0          0          0          0         68   llsshr.o
        32          0          0          0          0         68   llushr.o
        36          0          0          0          0        108   memseta.o
       736         56          0          0          0        184   printf5.o
         0          0          0          4          0          0   stdout.o
        28          0          0          0          0         76   strcmp.o
        98          0          0          0          0         92   uldiv.o
        48          0          0          0          0         68   cdcmple.o
        48          0          0          0          0         68   cdrcmple.o
       334          0          0          0          0        148   dadd.o
       186          0          0          0          0        176   depilogue.o
        50          0          0          0          0         76   dfixui.o
        26          0          0          0          0         76   dfltui.o
       228          0          0          0          0         96   dmul.o
       162          0          0          0          0        100   dsqrt.o
        38          0          0          0          0         68   f2d.o
       176          0          0          0          0        140   fadd.o
       124          0          0          0          0         88   fdiv.o
       110          0          0          0          0        168   fepilogue.o
        50          0          0          0          0         68   ffixi.o
        40          0          0          0          0         68   ffixui.o
        18          0          0          0          0         68   fflti.o
        10          0          0          0          0         68   ffltui.o
       100          0          0          0          0         76   fmul.o
        24          0          0          0          0         68   fscalb.o

    ----------------------------------------------------------------------
      2948         78          0          8          0       2572   Library Totals
         6          0          0          0          0          0   (incl. Padding)

    ----------------------------------------------------------------------

      Code (inc. data)   RO Data    RW Data    ZI Data      Debug   Library Name

        76          0          0          0          0         84   m_ws.l
      1094         78          0          8          0        800   mc_w.l
      1772          0          0          0          0       1688   mf_w.l

    ----------------------------------------------------------------------
      2948         78          0          8          0       2572   Library Totals

    ----------------------------------------------------------------------

==============================================================================


      Code (inc. data)   RO Data    RW Data    ZI Data      Debug   

     27000       1248      18952        104       1176     588504   Grand Totals
     27000       1248      18952        104       1176     588504   ELF Image Totals
     27000       1248      18952        104          0          0   ROM Totals

==============================================================================

    Total RO  Size (Code + RO Data)                45952 (  44.88kB)
    Total RW  Size (RW Data + ZI Data)              1280 (   1.25kB)
    Total ROM Size (Code + RO Data + RW Data)      46056 (  44.98kB)

==============================================================================

