Component: ARM Compiler 5.05 update 1 (build 106) Tool: armlink [4d0efa]

==============================================================================

Section Cross References

    startup_stm32f103xe.o(RESET) refers to startup_stm32f103xe.o(STACK) for __initial_sp
    startup_stm32f103xe.o(RESET) refers to startup_stm32f103xe.o(.text) for Reset_Handler
    startup_stm32f103xe.o(RESET) refers to stm32f1xx_it.o(i.NMI_Handler) for NMI_Handler
    startup_stm32f103xe.o(RESET) refers to stm32f1xx_it.o(i.HardFault_Handler) for HardFault_Handler
    startup_stm32f103xe.o(RESET) refers to stm32f1xx_it.o(i.MemManage_Handler) for MemManage_Handler
    startup_stm32f103xe.o(RESET) refers to stm32f1xx_it.o(i.BusFault_Handler) for BusFault_Handler
    startup_stm32f103xe.o(RESET) refers to stm32f1xx_it.o(i.UsageFault_Handler) for UsageFault_Handler
    startup_stm32f103xe.o(RESET) refers to stm32f1xx_it.o(i.SVC_Handler) for SVC_Handler
    startup_stm32f103xe.o(RESET) refers to stm32f1xx_it.o(i.DebugMon_Handler) for DebugMon_Handler
    startup_stm32f103xe.o(RESET) refers to stm32f1xx_it.o(i.PendSV_Handler) for PendSV_Handler
    startup_stm32f103xe.o(RESET) refers to stm32f1xx_it.o(i.SysTick_Handler) for SysTick_Handler
    startup_stm32f103xe.o(RESET) refers to stm32f1xx_it.o(i.USART1_IRQHandler) for USART1_IRQHandler
    startup_stm32f103xe.o(.text) refers to system_stm32f1xx.o(i.SystemInit) for SystemInit
    startup_stm32f103xe.o(.text) refers to entry.o(.ARM.Collect$$$$00000000) for __main
    ili93xx.o(i.LCD_Clear) refers to ili93xx.o(i.LCD_SetCursor) for LCD_SetCursor
    ili93xx.o(i.LCD_Clear) refers to ili93xx.o(i.LCD_WriteRAM_Prepare) for LCD_WriteRAM_Prepare
    ili93xx.o(i.LCD_Clear) refers to ili93xx.o(.bss) for .bss
    ili93xx.o(i.LCD_Color_Fill) refers to ili93xx.o(i.LCD_SetCursor) for LCD_SetCursor
    ili93xx.o(i.LCD_Color_Fill) refers to ili93xx.o(i.LCD_WriteRAM_Prepare) for LCD_WriteRAM_Prepare
    ili93xx.o(i.LCD_DisplayOff) refers to ili93xx.o(i.LCD_WR_REG) for LCD_WR_REG
    ili93xx.o(i.LCD_DisplayOff) refers to ili93xx.o(.bss) for .bss
    ili93xx.o(i.LCD_DisplayOn) refers to ili93xx.o(i.LCD_WR_REG) for LCD_WR_REG
    ili93xx.o(i.LCD_DisplayOn) refers to ili93xx.o(.bss) for .bss
    ili93xx.o(i.LCD_Display_Dir) refers to ili93xx.o(i.LCD_Scan_Dir) for LCD_Scan_Dir
    ili93xx.o(i.LCD_Display_Dir) refers to ili93xx.o(.bss) for .bss
    ili93xx.o(i.LCD_DrawLine) refers to ili93xx.o(i.LCD_DrawPoint) for LCD_DrawPoint
    ili93xx.o(i.LCD_DrawPoint) refers to ili93xx.o(i.LCD_SetCursor) for LCD_SetCursor
    ili93xx.o(i.LCD_DrawPoint) refers to ili93xx.o(i.LCD_WriteRAM_Prepare) for LCD_WriteRAM_Prepare
    ili93xx.o(i.LCD_DrawPoint) refers to ili93xx.o(.data) for .data
    ili93xx.o(i.LCD_DrawRectangle) refers to ili93xx.o(i.LCD_DrawLine) for LCD_DrawLine
    ili93xx.o(i.LCD_Draw_Circle) refers to ili93xx.o(i.LCD_DrawPoint) for LCD_DrawPoint
    ili93xx.o(i.LCD_Fast_DrawPoint) refers to ili93xx.o(i.LCD_WR_REG) for LCD_WR_REG
    ili93xx.o(i.LCD_Fast_DrawPoint) refers to ili93xx.o(i.LCD_WR_DATA) for LCD_WR_DATA
    ili93xx.o(i.LCD_Fast_DrawPoint) refers to ili93xx.o(.bss) for .bss
    ili93xx.o(i.LCD_Fill) refers to ili93xx.o(i.LCD_SetCursor) for LCD_SetCursor
    ili93xx.o(i.LCD_Fill) refers to ili93xx.o(i.LCD_WriteRAM_Prepare) for LCD_WriteRAM_Prepare
    ili93xx.o(i.LCD_ReadPoint) refers to ili93xx.o(i.LCD_SetCursor) for LCD_SetCursor
    ili93xx.o(i.LCD_ReadPoint) refers to ili93xx.o(i.LCD_WR_REG) for LCD_WR_REG
    ili93xx.o(i.LCD_ReadPoint) refers to ili93xx.o(i.LCD_RD_DATA) for LCD_RD_DATA
    ili93xx.o(i.LCD_ReadPoint) refers to ili93xx.o(.bss) for .bss
    ili93xx.o(i.LCD_ReadReg) refers to ili93xx.o(i.LCD_WR_REG) for LCD_WR_REG
    ili93xx.o(i.LCD_ReadReg) refers to delay.o(i.delay_us) for delay_us
    ili93xx.o(i.LCD_ReadReg) refers to ili93xx.o(i.LCD_RD_DATA) for LCD_RD_DATA
    ili93xx.o(i.LCD_SSD_BackLightSet) refers to ili93xx.o(i.LCD_WR_REG) for LCD_WR_REG
    ili93xx.o(i.LCD_SSD_BackLightSet) refers to ili93xx.o(i.LCD_WR_DATA) for LCD_WR_DATA
    ili93xx.o(i.LCD_SSD_BackLightSet) refers to dfltui.o(.text) for __aeabi_ui2d
    ili93xx.o(i.LCD_SSD_BackLightSet) refers to dmul.o(.text) for __aeabi_dmul
    ili93xx.o(i.LCD_SSD_BackLightSet) refers to dfixui.o(.text) for __aeabi_d2uiz
    ili93xx.o(i.LCD_Scan_Dir) refers to ili93xx.o(i.LCD_WriteReg) for LCD_WriteReg
    ili93xx.o(i.LCD_Scan_Dir) refers to ili93xx.o(i.LCD_WR_REG) for LCD_WR_REG
    ili93xx.o(i.LCD_Scan_Dir) refers to ili93xx.o(i.LCD_WR_DATA) for LCD_WR_DATA
    ili93xx.o(i.LCD_Scan_Dir) refers to ili93xx.o(.bss) for .bss
    ili93xx.o(i.LCD_SetCursor) refers to ili93xx.o(i.LCD_WR_REG) for LCD_WR_REG
    ili93xx.o(i.LCD_SetCursor) refers to ili93xx.o(i.LCD_WR_DATA) for LCD_WR_DATA
    ili93xx.o(i.LCD_SetCursor) refers to ili93xx.o(.bss) for .bss
    ili93xx.o(i.LCD_Set_Window) refers to ili93xx.o(i.LCD_WR_REG) for LCD_WR_REG
    ili93xx.o(i.LCD_Set_Window) refers to ili93xx.o(i.LCD_WR_DATA) for LCD_WR_DATA
[...]
    ../clib/microlib/string/memset.c         0x00000000   Number         0  memseta.o ABSOLUTE
    ../clib/microlib/string/strcmp.c         0x00000000   Number         0  strcmp.o ABSOLUTE
    ../clib/microlib/stubs.s                 0x00000000   Number         0  iusefp.o ABSOLUTE
    ../fplib/microlib/f2d.c                  0x00000000   Number         0  f2d.o ABSOLUTE
    ../fplib/microlib/fpadd.c                0x00000000   Number         0  dadd.o ABSOLUTE
    ../fplib/microlib/fpadd.c                0x00000000   Number         0  fadd.o ABSOLUTE
    ../fplib/microlib/fpdiv.c                0x00000000   Number         0  ddiv.o ABSOLUTE
    ../fplib/microlib/fpdiv.c                0x00000000   Number         0  fdiv.o ABSOLUTE
    ../fplib/microlib/fpepilogue.c           0x00000000   Number         0  depilogue.o ABSOLUTE
    ../fplib/microlib/fpepilogue.c           0x00000000   Number         0  fepilogue.o ABSOLUTE
    ../fplib/microlib/fpfix.c                0x00000000   Number         0  dfixui.o ABSOLUTE
    ../fplib/microlib/fpfix.c                0x00000000   Number         0  ffixui.o ABSOLUTE
    ../fplib/microlib/fpfix.c                0x00000000   Number         0  ffixi.o ABSOLUTE
    ../fplib/microlib/fpfix.c                0x00000000   Number         0  dfixul.o ABSOLUTE
    ../fplib/microlib/fpflt.c                0x00000000   Number         0  dfltui.o ABSOLUTE
    ../fplib/microlib/fpflt.c                0x00000000   Number         0  ffltui.o ABSOLUTE
    ../fplib/microlib/fpflt.c                0x00000000   Number         0  fflti.o ABSOLUTE
    ../fplib/microlib/fpmul.c                0x00000000   Number         0  fmul.o ABSOLUTE
    ../fplib/microlib/fpmul.c                0x00000000   Number         0  dmul.o ABSOLUTE
    ../fplib/microlib/fpscalb.c              0x00000000   Number         0  fscalb.o ABSOLUTE
    ../fplib/microlib/fpsqrt.c               0x00000000   Number         0  dsqrt.o ABSOLUTE
    ../mathlib/sqrt.c                        0x00000000   Number         0  sqrt.o ABSOLUTE
    ../mathlib/sqrt.c                        0x00000000   Number         0  sqrt_x.o ABSOLUTE
    ..\Core\Src\crc.c                        0x00000000   Number         0  crc.o ABSOLUTE
    ..\Core\Src\fsmc.c                       0x00000000   Number         0  fsmc.o ABSOLUTE
    ..\Core\Src\gpio.c                       0x00000000   Number         0  gpio.o ABSOLUTE
    ..\Core\Src\main.c                       0x00000000   Number         0  main.o ABSOLUTE
    ..\Core\Src\stm32f1xx_hal_msp.c          0x00000000   Number         0  stm32f1xx_hal_msp.o ABSOLUTE
    ..\Core\Src\stm32f1xx_it.c               0x00000000   Number         0  stm32f1xx_it.o ABSOLUTE
    ..\Core\Src\system_stm32f1xx.c           0x00000000   Number         0  system_stm32f1xx.o ABSOLUTE
    ..\Core\Src\usart.c                      0x00000000   Number         0  usart.o ABSOLUTE
    ..\Drivers\24CXX\24cxx.c                 0x00000000   Number         0  24cxx.o ABSOLUTE
    ..\Drivers\IIC\myiic.c                   0x00000000   Number         0  myiic.o ABSOLUTE
    ..\Drivers\KEY\key.c                     0x00000000   Number         0  key.o ABSOLUTE
    ..\Drivers\LCD\ILI93xx.c                 0x00000000   Number         0  ili93xx.o ABSOLUTE
    ..\Drivers\STM32F1xx_HAL_Driver\Src\stm32f1xx_hal.c 0x00000000   Number         0  stm32f1xx_hal.o ABSOLUTE
    ..\Drivers\STM32F1xx_HAL_Driver\Src\stm32f1xx_hal_cortex.c 0x00000000   Number         0  stm32f1xx_hal_cortex.o ABSOLUTE
    ..\Drivers\STM32F1xx_HAL_Driver\Src\stm32f1xx_hal_crc.c 0x00000000   Number         0  stm32f1xx_hal_crc.o ABSOLUTE
    ..\Drivers\STM32F1xx_HAL_Driver\Src\stm32f1xx_hal_dma.c 0x00000000   Number         0  stm32f1xx_hal_dma.o ABSOLUTE
    ..\Drivers\STM32F1xx_HAL_Driver\Src\stm32f1xx_hal_exti.c 0x00000000   Number         0  stm32f1xx_hal_exti.o ABSOLUTE
    ..\Drivers\STM32F1xx_HAL_Driver\Src\stm32f1xx_hal_flash.c 0x00000000   Number         0  stm32f1xx_hal_flash.o ABSOLUTE
    ..\Drivers\STM32F1xx_HAL_Driver\Src\stm32f1xx_hal_flash_ex.c 0x00000000   Number         0  stm32f1xx_hal_flash_ex.o ABSOLUTE
    ..\Drivers\STM32F1xx_HAL_Driver\Src\stm32f1xx_hal_gpio.c 0x00000000   Number         0  stm32f1xx_hal_gpio.o ABSOLUTE
    ..\Drivers\STM32F1xx_HAL_Driver\Src\stm32f1xx_hal_gpio_ex.c 0x00000000   Number         0  stm32f1xx_hal_gpio_ex.o ABSOLUTE
    ..\Drivers\STM32F1xx_HAL_Driver\Src\stm32f1xx_hal_pwr.c 0x00000000   Number         0  stm32f1xx_hal_pwr.o ABSOLUTE
    ..\Drivers\STM32F1xx_HAL_Driver\Src\stm32f1xx_hal_rcc.c 0x00000000   Number         0  stm32f1xx_hal_rcc.o ABSOLUTE
    ..\Drivers\STM32F1xx_HAL_Driver\Src\stm32f1xx_hal_rcc_ex.c 0x00000000   Number         0  stm32f1xx_hal_rcc_ex.o ABSOLUTE
    ..\Drivers\STM32F1xx_HAL_Driver\Src\stm32f1xx_hal_sram.c 0x00000000   Number         0  stm32f1xx_hal_sram.o ABSOLUTE
    ..\Drivers\STM32F1xx_HAL_Driver\Src\stm32f1xx_hal_tim.c 0x00000000   Number         0  stm32f1xx_hal_tim.o ABSOLUTE
    ..\Drivers\STM32F1xx_HAL_Driver\Src\stm32f1xx_hal_tim_ex.c 0x00000000   Number         0  stm32f1xx_hal_tim_ex.o ABSOLUTE
    ..\Drivers\STM32F1xx_HAL_Driver\Src\stm32f1xx_hal_uart.c 0x00000000   Number         0  stm32f1xx_hal_uart.o ABSOLUTE
    ..\Drivers\STM32F1xx_HAL_Driver\Src\stm32f1xx_ll_fsmc.c 0x00000000   Number         0  stm32f1xx_ll_fsmc.o ABSOLUTE
    ..\Drivers\TOUCH\ctiic.c                 0x00000000   Number         0  ctiic.o ABSOLUTE
    ..\Drivers\TOUCH\ft5206.c                0x00000000   Number         0  ft5206.o ABSOLUTE
    ..\Drivers\TOUCH\gt9147.c                0x00000000   Number         0  gt9147.o ABSOLUTE
    ..\Drivers\TOUCH\ott2001a.c              0x00000000   Number         0  ott2001a.o ABSOLUTE
    ..\Drivers\TOUCH\touch.c                 0x00000000   Number         0  touch.o ABSOLUTE
    ..\Drivers\delay\delay.c                 0x00000000   Number         0  delay.o ABSOLUTE
    ..\Drivers\sys\sys.c                     0x00000000   Number         0  sys.o ABSOLUTE
    ..\\Drivers\\24CXX\\24cxx.c              0x00000000   Number         0  24cxx.o ABSOLUTE
    ..\\Drivers\\IIC\\myiic.c                0x00000000   Number         0  myiic.o ABSOLUTE
    ..\\Drivers\\KEY\\key.c                  0x00000000   Number         0  key.o ABSOLUTE
    ..\\Drivers\\LCD\\ILI93xx.c              0x00000000   Number         0  ili93xx.o ABSOLUTE
    ..\\Drivers\\TOUCH\\ctiic.c              0x00000000   Number         0  ctiic.o ABSOLUTE
    ..\\Drivers\\TOUCH\\ft5206.c             0x00000000   Number         0  ft5206.o ABSOLUTE
    ..\\Drivers\\TOUCH\\gt9147.c             0x00000000   Number         0  gt9147.o ABSOLUTE
    ..\\Drivers\\TOUCH\\ott2001a.c           0x00000000   Number         0  ott2001a.o ABSOLUTE
    ..\\Drivers\\TOUCH\\touch.c              0x00000000   Number         0  touch.o ABSOLUTE
    ..\\Drivers\\delay\\delay.c              0x00000000   Number         0  delay.o ABSOLUTE
    ..\\Drivers\\sys\\sys.c                  0x00000000   Number         0  sys.o ABSOLUTE
    cdcmple.s                                0x00000000   Number         0  cdcmple.o ABSOLUTE
    cdrcmple.s                               0x00000000   Number         0  cdrcmple.o ABSOLUTE
    dc.s                                     0x00000000   Number         0  dc.o ABSOLUTE
    handlers.s                               0x00000000   Number         0  handlers.o ABSOLUTE
    init.s                                   0x00000000   Number         0  init.o ABSOLUTE
    startup_stm32f103xe.s                    0x00000000   Number         0  startup_stm32f103xe.o ABSOLUTE
    RESET                                    0x08000000   Section      304  startup_stm32f103xe.o(RESET)
    .ARM.Collect$$$$00000000                 0x08000130   Section        0  entry.o(.ARM.Collect$$$$00000000)
    .ARM.Collect$$$$00000001                 0x08000130   Section        4  entry2.o(.ARM.Collect$$$$00000001)
    .ARM.Collect$$$$00000004                 0x08000134   Section        4  entry5.o(.ARM.Collect$$$$00000004)
    .ARM.Collect$$$$00000008                 0x08000138   Section        0  entry7b.o(.ARM.Collect$$$$00000008)
    .ARM.Collect$$$$0000000A                 0x08000138   Section        0  entry8b.o(.ARM.Collect$$$$0000000A)
    .ARM.Collect$$$$0000000B                 0x08000138   Section        8  entry9a.o(.ARM.Collect$$$$0000000B)
    .ARM.Collect$$$$0000000D                 0x08000140   Section        0  entry10a.o(.ARM.Collect$$$$0000000D)
    .ARM.Collect$$$$0000000F                 0x08000140   Section        0  entry11a.o(.ARM.Collect$$$$0000000F)
    .ARM.Collect$$$$00002712                 0x08000140   Section        4  entry2.o(.ARM.Collect$$$$00002712)
    __lit__00000000                          0x08000140   Data           4  entry2.o(.ARM.Collect$$$$00002712)
    .text                                    0x08000144   Section       36  startup_stm32f103xe.o(.text)
    .text                                    0x08000168   Section        0  llushr.o(.text)
    .text                                    0x08000188   Section        0  memseta.o(.text)
    .text                                    0x080001ac   Section        0  strcmp.o(.text)
    .text                                    0x080001c8   Section        0  fadd.o(.text)
    .text                                    0x08000278   Section        0  fmul.o(.text)
    .text                                    0x080002dc   Section        0  fdiv.o(.text)
    .text                                    0x08000358   Section        0  fscalb.o(.text)
    .text                                    0x08000370   Section        0  dadd.o(.text)
    .text                                    0x080004be   Section        0  dmul.o(.text)
    .text                                    0x080005a2   Section        0  fflti.o(.text)
    .text                                    0x080005b4   Section        0  ffltui.o(.text)
    .text                                    0x080005be   Section        0  dfltui.o(.text)
    .text                                    0x080005d8   Section        0  ffixi.o(.text)
    .text                                    0x0800060a   Section        0  ffixui.o(.text)
    .text                                    0x08000632   Section        0  dfixui.o(.text)
    .text                                    0x08000664   Section        0  f2d.o(.text)
    .text                                    0x0800068c   Section       48  cdcmple.o(.text)
    .text                                    0x080006bc   Section       48  cdrcmple.o(.text)
    .text                                    0x080006ec   Section        0  uldiv.o(.text)
    .text                                    0x0800074e   Section        0  llshl.o(.text)
    .text                                    0x0800076c   Section        0  llsshr.o(.text)
    .text                                    0x08000790   Section        0  iusefp.o(.text)
    .text                                    0x08000790   Section        0  fepilogue.o(.text)
    .text                                    0x080007fe   Section        0  depilogue.o(.text)
    .text                                    0x080008b8   Section        0  dsqrt.o(.text)
    .text                                    0x0800095c   Section       36  init.o(.text)
    i.AT24CXX_Init                           0x08000980   Section        0  24cxx.o(i.AT24CXX_Init)
    i.AT24CXX_Read                           0x08000984   Section        0  24cxx.o(i.AT24CXX_Read)
    i.AT24CXX_ReadOneByte                    0x080009a6   Section        0  24cxx.o(i.AT24CXX_ReadOneByte)
    i.AT24CXX_Write                          0x080009e8   Section        0  24cxx.o(i.AT24CXX_Write)
    i.AT24CXX_WriteOneByte                   0x08000a08   Section        0  24cxx.o(i.AT24CXX_WriteOneByte)
    i.BusFault_Handler                       0x08000a46   Section        0  stm32f1xx_it.o(i.BusFault_Handler)
    i.CT_IIC_Ack                             0x08000a48   Section        0  ctiic.o(i.CT_IIC_Ack)
    i.CT_IIC_Init                            0x08000a94   Section        0  ctiic.o(i.CT_IIC_Init)
    i.CT_IIC_NAck                            0x08000b00   Section        0  ctiic.o(i.CT_IIC_NAck)
    i.CT_IIC_Read_Byte                       0x08000b4c   Section        0  ctiic.o(i.CT_IIC_Read_Byte)
    i.CT_IIC_Send_Byte                       0x08000bc4   Section        0  ctiic.o(i.CT_IIC_Send_Byte)
    i.CT_IIC_Start                           0x08000c2c   Section        0  ctiic.o(i.CT_IIC_Start)
    i.CT_IIC_Stop                            0x08000c78   Section        0  ctiic.o(i.CT_IIC_Stop)
    i.CT_IIC_Wait_Ack                        0x08000cbc   Section        0  ctiic.o(i.CT_IIC_Wait_Ack)
    i.DebugMon_Handler                       0x08000d14   Section        0  stm32f1xx_it.o(i.DebugMon_Handler)
    i.Error_Handler                          0x08000d16   Section        0  main.o(i.Error_Handler)
    i.FSMC_NORSRAM_Extended_Timing_Init      0x08000d1c   Section        0  stm32f1xx_ll_fsmc.o(i.FSMC_NORSRAM_Extended_Timing_Init)
    i.FSMC_NORSRAM_Init                      0x08000d58   Section        0  stm32f1xx_ll_fsmc.o(i.FSMC_NORSRAM_Init)
    i.FSMC_NORSRAM_Timing_Init               0x08000dc0   Section        0  stm32f1xx_ll_fsmc.o(i.FSMC_NORSRAM_Timing_Init)
    i.FT5206_Init                            0x08000e04   Section        0  ft5206.o(i.FT5206_Init)
    i.FT5206_RD_Reg                          0x08000ee0   Section        0  ft5206.o(i.FT5206_RD_Reg)
    i.FT5206_Scan                            0x08000f38   Section        0  ft5206.o(i.FT5206_Scan)
    i.FT5206_WR_Reg                          0x08001078   Section        0  ft5206.o(i.FT5206_WR_Reg)
    i.GT9147_Init                            0x080010c0   Section        0  gt9147.o(i.GT9147_Init)
    i.GT9147_RD_Reg                          0x080011dc   Section        0  gt9147.o(i.GT9147_RD_Reg)
    i.GT9147_Scan                            0x0800123c   Section        0  gt9147.o(i.GT9147_Scan)
    i.GT9147_Send_Cfg                        0x080013b8   Section        0  gt9147.o(i.GT9147_Send_Cfg)
    i.GT9147_WR_Reg                          0x08001408   Section        0  gt9147.o(i.GT9147_WR_Reg)
    i.HAL_CRC_Init                           0x0800145a   Section        0  stm32f1xx_hal_crc.o(i.HAL_CRC_Init)
    i.HAL_CRC_MspInit                        0x0800147c   Section        0  crc.o(i.HAL_CRC_MspInit)
    i.HAL_DMA_Abort_IT                       0x080014a4   Section        0  stm32f1xx_hal_dma.o(i.HAL_DMA_Abort_IT)
    i.HAL_FSMC_MspInit                       0x080015d4   Section        0  fsmc.o(i.HAL_FSMC_MspInit)
    HAL_FSMC_MspInit                         0x080015d5   Thumb Code   106  fsmc.o(i.HAL_FSMC_MspInit)
    i.HAL_GPIO_Init                          0x08001654   Section        0  stm32f1xx_hal_gpio.o(i.HAL_GPIO_Init)
    i.HAL_GPIO_ReadPin                       0x0800184c   Section        0  stm32f1xx_hal_gpio.o(i.HAL_GPIO_ReadPin)
    i.HAL_GPIO_WritePin                      0x08001856   Section        0  stm32f1xx_hal_gpio.o(i.HAL_GPIO_WritePin)
    i.HAL_GetTick                            0x08001860   Section        0  stm32f1xx_hal.o(i.HAL_GetTick)
    i.HAL_IncTick                            0x0800186c   Section        0  stm32f1xx_hal.o(i.HAL_IncTick)
    i.HAL_Init                               0x0800187c   Section        0  stm32f1xx_hal.o(i.HAL_Init)
    i.HAL_InitTick                           0x080018a0   Section        0  stm32f1xx_hal.o(i.HAL_InitTick)
    i.HAL_MspInit                            0x080018e0   Section        0  stm32f1xx_hal_msp.o(i.HAL_MspInit)
    i.HAL_NVIC_EnableIRQ                     0x0800191c   Section        0  stm32f1xx_hal_cortex.o(i.HAL_NVIC_EnableIRQ)
    i.HAL_NVIC_SetPriority                   0x08001938   Section        0  stm32f1xx_hal_cortex.o(i.HAL_NVIC_SetPriority)
    i.HAL_NVIC_SetPriorityGrouping           0x08001978   Section        0  stm32f1xx_hal_cortex.o(i.HAL_NVIC_SetPriorityGrouping)
    i.HAL_RCC_ClockConfig                    0x0800199c   Section        0  stm32f1xx_hal_rcc.o(i.HAL_RCC_ClockConfig)
    i.HAL_RCC_GetPCLK1Freq                   0x08001ac8   Section        0  stm32f1xx_hal_rcc.o(i.HAL_RCC_GetPCLK1Freq)
    i.HAL_RCC_GetPCLK2Freq                   0x08001ae8   Section        0  stm32f1xx_hal_rcc.o(i.HAL_RCC_GetPCLK2Freq)
    i.HAL_RCC_GetSysClockFreq                0x08001b08   Section        0  stm32f1xx_hal_rcc.o(i.HAL_RCC_GetSysClockFreq)
    i.HAL_RCC_OscConfig                      0x08001b74   Section        0  stm32f1xx_hal_rcc.o(i.HAL_RCC_OscConfig)
    i.HAL_SRAM_Init                          0x08001e94   Section        0  stm32f1xx_hal_sram.o(i.HAL_SRAM_Init)
    i.HAL_SRAM_MspInit                       0x08001ef8   Section        0  fsmc.o(i.HAL_SRAM_MspInit)
    i.HAL_SYSTICK_CLKSourceConfig            0x08001efc   Section        0  stm32f1xx_hal_cortex.o(i.HAL_SYSTICK_CLKSourceConfig)
    i.HAL_SYSTICK_Config                     0x08001f14   Section        0  stm32f1xx_hal_cortex.o(i.HAL_SYSTICK_Config)
    i.HAL_UART_ErrorCallback                 0x08001f3c   Section        0  stm32f1xx_hal_uart.o(i.HAL_UART_ErrorCallback)
    i.HAL_UART_IRQHandler                    0x08001f40   Section        0  stm32f1xx_hal_uart.o(i.HAL_UART_IRQHandler)
    i.HAL_UART_Init                          0x0800209c   Section        0  stm32f1xx_hal_uart.o(i.HAL_UART_Init)
    i.HAL_UART_MspInit                       0x08002100   Section        0  usart.o(i.HAL_UART_MspInit)
    i.HAL_UART_RxCpltCallback                0x08002180   Section        0  stm32f1xx_hal_uart.o(i.HAL_UART_RxCpltCallback)
    i.HAL_UART_Transmit                      0x08002184   Section        0  stm32f1xx_hal_uart.o(i.HAL_UART_Transmit)
    i.HAL_UART_TxCpltCallback                0x08002236   Section        0  stm32f1xx_hal_uart.o(i.HAL_UART_TxCpltCallback)
    i.HardFault_Handler                      0x08002238   Section        0  stm32f1xx_it.o(i.HardFault_Handler)
    i.IIC_Ack                                0x0800223c   Section        0  myiic.o(i.IIC_Ack)
    i.IIC_Init                               0x0800227c   Section        0  myiic.o(i.IIC_Init)
    i.IIC_NAck                               0x08002290   Section        0  myiic.o(i.IIC_NAck)
    i.IIC_Read_Byte                          0x080022d0   Section        0  myiic.o(i.IIC_Read_Byte)
    i.IIC_Send_Byte                          0x0800233c   Section        0  myiic.o(i.IIC_Send_Byte)
    i.IIC_Start                              0x0800239c   Section        0  myiic.o(i.IIC_Start)
    i.IIC_Stop                               0x080023dc   Section        0  myiic.o(i.IIC_Stop)
    i.IIC_Wait_Ack                           0x08002420   Section        0  myiic.o(i.IIC_Wait_Ack)
    i.KEY_Scan                               0x08002478   Section        0  key.o(i.KEY_Scan)
    i.LCD_Clear                              0x08002544   Section        0  ili93xx.o(i.LCD_Clear)
    i.LCD_Display_Dir                        0x08002578   Section        0  ili93xx.o(i.LCD_Display_Dir)
    i.LCD_DrawLine                           0x08002650   Section        0  ili93xx.o(i.LCD_DrawLine)
    i.LCD_DrawPoint                          0x080026ec   Section        0  ili93xx.o(i.LCD_DrawPoint)
    i.LCD_Draw_Circle                        0x08002708   Section        0  ili93xx.o(i.LCD_Draw_Circle)
    i.LCD_Fast_DrawPoint                     0x080027b8   Section        0  ili93xx.o(i.LCD_Fast_DrawPoint)
    i.LCD_Fill                               0x08002898   Section        0  ili93xx.o(i.LCD_Fill)
    i.LCD_Pow                                0x080028e0   Section        0  ili93xx.o(i.LCD_Pow)
    i.LCD_RD_DATA                            0x080028f0   Section        0  ili93xx.o(i.LCD_RD_DATA)
    i.LCD_SSD_BackLightSet                   0x08002904   Section        0  ili93xx.o(i.LCD_SSD_BackLightSet)
    i.LCD_Scan_Dir                           0x08002950   Section        0  ili93xx.o(i.LCD_Scan_Dir)
    i.LCD_SetCursor                          0x08002b08   Section        0  ili93xx.o(i.LCD_SetCursor)
    i.LCD_ShowChar                           0x08002c0c   Section        0  ili93xx.o(i.LCD_ShowChar)
    i.LCD_ShowNum                            0x08002cf0   Section        0  ili93xx.o(i.LCD_ShowNum)
    i.LCD_ShowString                         0x08002d66   Section        0  ili93xx.o(i.LCD_ShowString)
    i.LCD_WR_DATA                            0x08002dbc   Section        0  ili93xx.o(i.LCD_WR_DATA)
    i.LCD_WR_REG                             0x08002dd4   Section        0  ili93xx.o(i.LCD_WR_REG)
    i.LCD_WriteRAM_Prepare                   0x08002dec   Section        0  ili93xx.o(i.LCD_WriteRAM_Prepare)
    i.LCD_WriteReg                           0x08002e00   Section        0  ili93xx.o(i.LCD_WriteReg)
    i.Load_Drow_Dialog                       0x08002e10   Section        0  main.o(i.Load_Drow_Dialog)
    i.MX_CRC_Init                            0x08002e50   Section        0  crc.o(i.MX_CRC_Init)
    i.MX_FSMC_Init                           0x08002e74   Section        0  fsmc.o(i.MX_FSMC_Init)
    i.MX_GPIO_Init                           0x08002f08   Section        0  gpio.o(i.MX_GPIO_Init)
    i.MX_USART1_UART_Init                    0x08003008   Section        0  usart.o(i.MX_USART1_UART_Init)
    i.MemManage_Handler                      0x08003040   Section        0  stm32f1xx_it.o(i.MemManage_Handler)
    i.NMI_Handler                            0x08003042   Section        0  stm32f1xx_it.o(i.NMI_Handler)
    i.OTT2001A_Init                          0x08003044   Section        0  ott2001a.o(i.OTT2001A_Init)
    i.OTT2001A_RD_Reg                        0x080030ec   Section        0  ott2001a.o(i.OTT2001A_RD_Reg)
    i.OTT2001A_Scan                          0x0800314c   Section        0  ott2001a.o(i.OTT2001A_Scan)
    i.OTT2001A_SensorControl                 0x080032b8   Section        0  ott2001a.o(i.OTT2001A_SensorControl)
    i.OTT2001A_WR_Reg                        0x080032d6   Section        0  ott2001a.o(i.OTT2001A_WR_Reg)
    i.PendSV_Handler                         0x08003328   Section        0  stm32f1xx_it.o(i.PendSV_Handler)
    i.SVC_Handler                            0x0800332a   Section        0  stm32f1xx_it.o(i.SVC_Handler)
    i.SysTick_Handler                        0x0800332c   Section        0  stm32f1xx_it.o(i.SysTick_Handler)
    i.SystemClock_Config                     0x08003330   Section        0  main.o(i.SystemClock_Config)
    i.SystemInit                             0x0800338e   Section        0  system_stm32f1xx.o(i.SystemInit)
    i.TFTLCD_Init                            0x08003390   Section        0  ili93xx.o(i.TFTLCD_Init)
    i.TP_Adj_Info_Show                       0x0800569c   Section        0  touch.o(i.TP_Adj_Info_Show)
    i.TP_Adjust                              0x08005814   Section        0  touch.o(i.TP_Adjust)
    i.TP_Draw_Big_Point                      0x08005d68   Section        0  touch.o(i.TP_Draw_Big_Point)
    i.TP_Drow_Touch_Point                    0x08005d9c   Section        0  touch.o(i.TP_Drow_Touch_Point)
    i.TP_Get_Adjdata                         0x08005e0c   Section        0  touch.o(i.TP_Get_Adjdata)
    i.TP_Init                                0x08005e48   Section        0  touch.o(i.TP_Init)
    i.TP_Read_AD                             0x08005ee8   Section        0  touch.o(i.TP_Read_AD)
    i.TP_Read_XOY                            0x08005f70   Section        0  touch.o(i.TP_Read_XOY)
    i.TP_Read_XY                             0x08005fd4   Section        0  touch.o(i.TP_Read_XY)
    i.TP_Read_XY2                            0x08005ffc   Section        0  touch.o(i.TP_Read_XY2)
    i.TP_Save_Adjdata                        0x08006078   Section        0  touch.o(i.TP_Save_Adjdata)
    i.TP_Scan                                0x08006094   Section        0  touch.o(i.TP_Scan)
    i.TP_Write_Byte                          0x08006148   Section        0  touch.o(i.TP_Write_Byte)
    i.UART_DMAAbortOnError                   0x08006190   Section        0  stm32f1xx_hal_uart.o(i.UART_DMAAbortOnError)
    UART_DMAAbortOnError                     0x08006191   Thumb Code    16  stm32f1xx_hal_uart.o(i.UART_DMAAbortOnError)
    i.UART_EndRxTransfer                     0x080061a0   Section        0  stm32f1xx_hal_uart.o(i.UART_EndRxTransfer)
    UART_EndRxTransfer                       0x080061a1   Thumb Code    28  stm32f1xx_hal_uart.o(i.UART_EndRxTransfer)
    i.UART_Receive_IT                        0x080061bc   Section        0  stm32f1xx_hal_uart.o(i.UART_Receive_IT)
    UART_Receive_IT                          0x080061bd   Thumb Code   140  stm32f1xx_hal_uart.o(i.UART_Receive_IT)
    i.UART_SetConfig                         0x08006248   Section        0  stm32f1xx_hal_uart.o(i.UART_SetConfig)
    UART_SetConfig                           0x08006249   Thumb Code   178  stm32f1xx_hal_uart.o(i.UART_SetConfig)
    i.UART_WaitOnFlagUntilTimeout            0x08006300   Section        0  stm32f1xx_hal_uart.o(i.UART_WaitOnFlagUntilTimeout)
    UART_WaitOnFlagUntilTimeout              0x08006301   Thumb Code   100  stm32f1xx_hal_uart.o(i.UART_WaitOnFlagUntilTimeout)
    i.USART1_IRQHandler                      0x08006364   Section        0  stm32f1xx_it.o(i.USART1_IRQHandler)
    i.UsageFault_Handler                     0x08006370   Section        0  stm32f1xx_it.o(i.UsageFault_Handler)
    i.__0printf$5                            0x08006374   Section        0  printf5.o(i.__0printf$5)
    i.__NVIC_SetPriority                     0x08006394   Section        0  stm32f1xx_hal_cortex.o(i.__NVIC_SetPriority)
    __NVIC_SetPriority                       0x08006395   Thumb Code    32  stm32f1xx_hal_cortex.o(i.__NVIC_SetPriority)
    i.__scatterload_copy                     0x080063b4   Section       14  handlers.o(i.__scatterload_copy)
    i.__scatterload_null                     0x080063c2   Section        2  handlers.o(i.__scatterload_null)
    i.__scatterload_zeroinit                 0x080063c4   Section       14  handlers.o(i.__scatterload_zeroinit)
    i.__set_errno                            0x080063d4   Section        0  errno.o(i.__set_errno)
    i._printf_core                           0x080063e0   Section        0  printf5.o(i._printf_core)
    _printf_core                             0x080063e1   Thumb Code   658  printf5.o(i._printf_core)
    i.ctp_test                               0x080066a0   Section        0  main.o(i.ctp_test)
    i.delay_init                             0x08006754   Section        0  delay.o(i.delay_init)
    i.delay_ms                               0x08006768   Section        0  delay.o(i.delay_ms)
    i.delay_us                               0x08006784   Section        0  delay.o(i.delay_us)
    i.fputc                                  0x080067b8   Section        0  usart.o(i.fputc)
    i.gui_draw_hline                         0x080067d0   Section        0  main.o(i.gui_draw_hline)
    i.gui_fill_circle                        0x080067e6   Section        0  main.o(i.gui_fill_circle)
    i.lcd_draw_bline                         0x0800689c   Section        0  main.o(i.lcd_draw_bline)
    i.main                                   0x08006954   Section        0  main.o(i.main)
    i.rtp_test                               0x08006a60   Section        0  main.o(i.rtp_test)
    i.sqrt                                   0x08006acc   Section        0  sqrt.o(i.sqrt)
    .constdata                               0x08006b18   Section    18240  ili93xx.o(.constdata)
    .constdata                               0x0800b258   Section       10  main.o(.constdata)
    .constdata                               0x0800b262   Section       16  system_stm32f1xx.o(.constdata)
    .constdata                               0x0800b272   Section        8  system_stm32f1xx.o(.constdata)
    .constdata                               0x0800b27a   Section       10  ft5206.o(.constdata)
    .constdata                               0x0800b284   Section      194  gt9147.o(.constdata)
    .constdata                               0x0800b346   Section       10  ott2001a.o(.constdata)
    .constdata                               0x0800b350   Section        4  touch.o(.constdata)
    .conststring                             0x0800b354   Section      121  touch.o(.conststring)
    .data                                    0x20000000   Section        8  ili93xx.o(.data)
    .data                                    0x20000008   Section        8  crc.o(.data)
    .data                                    0x20000010   Section        8  fsmc.o(.data)
    FSMC_Initialized                         0x20000010   Data           4  fsmc.o(.data)
    FSMC_DeInitialized                       0x20000014   Data           4  fsmc.o(.data)
    .data                                    0x20000018   Section       12  stm32f1xx_hal.o(.data)
    .data                                    0x20000024   Section        4  system_stm32f1xx.o(.data)
    .data                                    0x20000028   Section        4  delay.o(.data)
    fac_us                                   0x20000028   Data           4  delay.o(.data)
    .data                                    0x2000002c   Section        1  key.o(.data)
    key_up                                   0x2000002c   Data           1  key.o(.data)
    .data                                    0x2000002d   Section        1  ft5206.o(.data)
    t                                        0x2000002d   Data           1  ft5206.o(.data)
    .data                                    0x2000002e   Section        1  gt9147.o(.data)
    t                                        0x2000002e   Data           1  gt9147.o(.data)
    .data                                    0x2000002f   Section        1  ott2001a.o(.data)
    t                                        0x2000002f   Data           1  ott2001a.o(.data)
    .data                                    0x20000030   Section       56  touch.o(.data)
    .data                                    0x20000068   Section        4  stdout.o(.data)
    .data                                    0x2000006c   Section        4  errno.o(.data)
    _errno                                   0x2000006c   Data           4  errno.o(.data)
    .bss                                     0x20000070   Section       14  ili93xx.o(.bss)
    .bss                                     0x20000080   Section       72  fsmc.o(.bss)
    .bss                                     0x200000c8   Section       64  usart.o(.bss)
    STACK                                    0x20000108   Section     1024  startup_stm32f103xe.o(STACK)

    Global Symbols

    Symbol Name                              Value     Ov Type        Size  Object(Section)

    BuildAttributes$$THM_ISAv4$P$D$K$B$S$PE$A:L22UL41UL21$X:L11$S22US41US21$IEEE1$IW$USESV6$~STKCKD$USESV7$~SHL$OTIME$ROPI$IEEEJ$EBA8$MICROLIB$REQ8$PRES8$EABIv2 0x00000000   Number         0  anon$$obj.o ABSOLUTE
    __ARM_use_no_argv                        0x00000000   Number         0  main.o ABSOLUTE
    _printf_a                                0x00000000   Number         0  stubs.o ABSOLUTE
    _printf_c                                0x00000000   Number         0  stubs.o ABSOLUTE
    _printf_charcount                        0x00000000   Number         0  stubs.o ABSOLUTE
    _printf_d                                0x00000000   Number         0  stubs.o ABSOLUTE
    _printf_e                                0x00000000   Number         0  stubs.o ABSOLUTE
    _printf_f                                0x00000000   Number         0  stubs.o ABSOLUTE
    _printf_flags                            0x00000000   Number         0  stubs.o ABSOLUTE
    _printf_fp_dec                           0x00000000   Number         0  stubs.o ABSOLUTE
    _printf_fp_hex                           0x00000000   Number         0  stubs.o ABSOLUTE
    _printf_g                                0x00000000   Number         0  stubs.o ABSOLUTE
    _printf_i                                0x00000000   Number         0  stubs.o ABSOLUTE
    _printf_int_dec                          0x00000000   Number         0  stubs.o ABSOLUTE
    _printf_l                                0x00000000   Number         0  stubs.o ABSOLUTE
    _printf_lc                               0x00000000   Number         0  stubs.o ABSOLUTE
    _printf_ll                               0x00000000   Number         0  stubs.o ABSOLUTE
    _printf_lld                              0x00000000   Number         0  stubs.o ABSOLUTE
    _printf_lli                              0x00000000   Number         0  stubs.o ABSOLUTE
    _printf_llo                              0x00000000   Number         0  stubs.o ABSOLUTE
    _printf_llu                              0x00000000   Number         0  stubs.o ABSOLUTE
    _printf_llx                              0x00000000   Number         0  stubs.o ABSOLUTE
    _printf_longlong_dec                     0x00000000   Number         0  stubs.o ABSOLUTE
    _printf_longlong_hex                     0x00000000   Number         0  stubs.o ABSOLUTE
    _printf_longlong_oct                     0x00000000   Number         0  stubs.o ABSOLUTE
    _printf_ls                               0x00000000   Number         0  stubs.o ABSOLUTE
    _printf_mbtowc                           0x00000000   Number         0  stubs.o ABSOLUTE
    _printf_n                                0x00000000   Number         0  stubs.o ABSOLUTE
    _printf_o                                0x00000000   Number         0  stubs.o ABSOLUTE
    _printf_p                                0x00000000   Number         0  stubs.o ABSOLUTE
    _printf_percent                          0x00000000   Number         0  stubs.o ABSOLUTE
    _printf_pre_padding                      0x00000000   Number         0  stubs.o ABSOLUTE
    _printf_return_value                     0x00000000   Number         0  stubs.o ABSOLUTE
    _printf_s                                0x00000000   Number         0  stubs.o ABSOLUTE
    _printf_sizespec                         0x00000000   Number         0  stubs.o ABSOLUTE
    _printf_str                              0x00000000   Number         0  stubs.o ABSOLUTE
    _printf_truncate_signed                  0x00000000   Number         0  stubs.o ABSOLUTE
    _printf_truncate_unsigned                0x00000000   Number         0  stubs.o ABSOLUTE
    _printf_u                                0x00000000   Number         0  stubs.o ABSOLUTE
    _printf_wc                               0x00000000   Number         0  stubs.o ABSOLUTE
    _printf_wctomb                           0x00000000   Number         0  stubs.o ABSOLUTE
    _printf_widthprec                        0x00000000   Number         0  stubs.o ABSOLUTE
    _printf_x                                0x00000000   Number         0  stubs.o ABSOLUTE
    __cpp_initialize__aeabi_                  - Undefined Weak Reference
    __cxa_finalize                            - Undefined Weak Reference
    __decompress                              - Undefined Weak Reference
    _clock_init                               - Undefined Weak Reference
    _microlib_exit                            - Undefined Weak Reference
    __Vectors_Size                           0x00000130   Number         0  startup_stm32f103xe.o ABSOLUTE
    __Vectors                                0x08000000   Data           4  startup_stm32f103xe.o(RESET)
    __Vectors_End                            0x08000130   Data           0  startup_stm32f103xe.o(RESET)
    __main                                   0x08000131   Thumb Code     0  entry.o(.ARM.Collect$$$$00000000)
    _main_stk                                0x08000131   Thumb Code     0  entry2.o(.ARM.Collect$$$$00000001)
    _main_scatterload                        0x08000135   Thumb Code     0  entry5.o(.ARM.Collect$$$$00000004)
    __main_after_scatterload                 0x08000139   Thumb Code     0  entry5.o(.ARM.Collect$$$$00000004)
    _main_clock                              0x08000139   Thumb Code     0  entry7b.o(.ARM.Collect$$$$00000008)
    _main_cpp_init                           0x08000139   Thumb Code     0  entry8b.o(.ARM.Collect$$$$0000000A)
    _main_init                               0x08000139   Thumb Code     0  entry9a.o(.ARM.Collect$$$$0000000B)
    __rt_final_cpp                           0x08000141   Thumb Code     0  entry10a.o(.ARM.Collect$$$$0000000D)
    __rt_final_exit                          0x08000141   Thumb Code     0  entry11a.o(.ARM.Collect$$$$0000000F)
    Reset_Handler                            0x08000145   Thumb Code     8  startup_stm32f103xe.o(.text)
    ADC1_2_IRQHandler                        0x0800015f   Thumb Code     0  startup_stm32f103xe.o(.text)
    ADC3_IRQHandler                          0x0800015f   Thumb Code     0  startup_stm32f103xe.o(.text)
    CAN1_RX1_IRQHandler                      0x0800015f   Thumb Code     0  startup_stm32f103xe.o(.text)
    CAN1_SCE_IRQHandler                      0x0800015f   Thumb Code     0  startup_stm32f103xe.o(.text)
    DMA1_Channel1_IRQHandler                 0x0800015f   Thumb Code     0  startup_stm32f103xe.o(.text)
    DMA1_Channel2_IRQHandler                 0x0800015f   Thumb Code     0  startup_stm32f103xe.o(.text)
    DMA1_Channel3_IRQHandler                 0x0800015f   Thumb Code     0  startup_stm32f103xe.o(.text)
    DMA1_Channel4_IRQHandler                 0x0800015f   Thumb Code     0  startup_stm32f103xe.o(.text)
    DMA1_Channel5_IRQHandler                 0x0800015f   Thumb Code     0  startup_stm32f103xe.o(.text)
    DMA1_Channel6_IRQHandler                 0x0800015f   Thumb Code     0  startup_stm32f103xe.o(.text)
    DMA1_Channel7_IRQHandler                 0x0800015f   Thumb Code     0  startup_stm32f103xe.o(.text)
    DMA2_Channel1_IRQHandler                 0x0800015f   Thumb Code     0  startup_stm32f103xe.o(.text)
    DMA2_Channel2_IRQHandler                 0x0800015f   Thumb Code     0  startup_stm32f103xe.o(.text)
    DMA2_Channel3_IRQHandler                 0x0800015f   Thumb Code     0  startup_stm32f103xe.o(.text)
    DMA2_Channel4_5_IRQHandler               0x0800015f   Thumb Code     0  startup_stm32f103xe.o(.text)
    EXTI0_IRQHandler                         0x0800015f   Thumb Code     0  startup_stm32f103xe.o(.text)
    EXTI15_10_IRQHandler                     0x0800015f   Thumb Code     0  startup_stm32f103xe.o(.text)
    EXTI1_IRQHandler                         0x0800015f   Thumb Code     0  startup_stm32f103xe.o(.text)
    EXTI2_IRQHandler                         0x0800015f   Thumb Code     0  startup_stm32f103xe.o(.text)
    EXTI3_IRQHandler                         0x0800015f   Thumb Code     0  startup_stm32f103xe.o(.text)
    EXTI4_IRQHandler                         0x0800015f   Thumb Code     0  startup_stm32f103xe.o(.text)
    EXTI9_5_IRQHandler                       0x0800015f   Thumb Code     0  startup_stm32f103xe.o(.text)
    FLASH_IRQHandler                         0x0800015f   Thumb Code     0  startup_stm32f103xe.o(.text)
    FSMC_IRQHandler                          0x0800015f   Thumb Code     0  startup_stm32f103xe.o(.text)
    I2C1_ER_IRQHandler                       0x0800015f   Thumb Code     0  startup_stm32f103xe.o(.text)
    I2C1_EV_IRQHandler                       0x0800015f   Thumb Code     0  startup_stm32f103xe.o(.text)
    I2C2_ER_IRQHandler                       0x0800015f   Thumb Code     0  startup_stm32f103xe.o(.text)
    I2C2_EV_IRQHandler                       0x0800015f   Thumb Code     0  startup_stm32f103xe.o(.text)
    PVD_IRQHandler                           0x0800015f   Thumb Code     0  startup_stm32f103xe.o(.text)
    RCC_IRQHandler                           0x0800015f   Thumb Code     0  startup_stm32f103xe.o(.text)
    RTC_Alarm_IRQHandler                     0x0800015f   Thumb Code     0  startup_stm32f103xe.o(.text)
    RTC_IRQHandler                           0x0800015f   Thumb Code     0  startup_stm32f103xe.o(.text)
    SDIO_IRQHandler                          0x0800015f   Thumb Code     0  startup_stm32f103xe.o(.text)
    SPI1_IRQHandler                          0x0800015f   Thumb Code     0  startup_stm32f103xe.o(.text)
    SPI2_IRQHandler                          0x0800015f   Thumb Code     0  startup_stm32f103xe.o(.text)
    SPI3_IRQHandler                          0x0800015f   Thumb Code     0  startup_stm32f103xe.o(.text)
    TAMPER_IRQHandler                        0x0800015f   Thumb Code     0  startup_stm32f103xe.o(.text)
    TIM1_BRK_IRQHandler                      0x0800015f   Thumb Code     0  startup_stm32f103xe.o(.text)
    TIM1_CC_IRQHandler                       0x0800015f   Thumb Code     0  startup_stm32f103xe.o(.text)
    TIM1_TRG_COM_IRQHandler                  0x0800015f   Thumb Code     0  startup_stm32f103xe.o(.text)
    TIM1_UP_IRQHandler                       0x0800015f   Thumb Code     0  startup_stm32f103xe.o(.text)
    TIM2_IRQHandler                          0x0800015f   Thumb Code     0  startup_stm32f103xe.o(.text)
    TIM3_IRQHandler                          0x0800015f   Thumb Code     0  startup_stm32f103xe.o(.text)
    TIM4_IRQHandler                          0x0800015f   Thumb Code     0  startup_stm32f103xe.o(.text)
    TIM5_IRQHandler                          0x0800015f   Thumb Code     0  startup_stm32f103xe.o(.text)
    TIM6_IRQHandler                          0x0800015f   Thumb Code     0  startup_stm32f103xe.o(.text)
    TIM7_IRQHandler                          0x0800015f   Thumb Code     0  startup_stm32f103xe.o(.text)
    TIM8_BRK_IRQHandler                      0x0800015f   Thumb Code     0  startup_stm32f103xe.o(.text)
    TIM8_CC_IRQHandler                       0x0800015f   Thumb Code     0  startup_stm32f103xe.o(.text)
    TIM8_TRG_COM_IRQHandler                  0x0800015f   Thumb Code     0  startup_stm32f103xe.o(.text)
    TIM8_UP_IRQHandler                       0x0800015f   Thumb Code     0  startup_stm32f103xe.o(.text)
    UART4_IRQHandler                         0x0800015f   Thumb Code     0  startup_stm32f103xe.o(.text)
    UART5_IRQHandler                         0x0800015f   Thumb Code     0  startup_stm32f103xe.o(.text)
    USART2_IRQHandler                        0x0800015f   Thumb Code     0  startup_stm32f103xe.o(.text)
    USART3_IRQHandler                        0x0800015f   Thumb Code     0  startup_stm32f103xe.o(.text)
    USBWakeUp_IRQHandler                     0x0800015f   Thumb Code     0  startup_stm32f103xe.o(.text)
    USB_HP_CAN1_TX_IRQHandler                0x0800015f   Thumb Code     0  startup_stm32f103xe.o(.text)
    USB_LP_CAN1_RX0_IRQHandler               0x0800015f   Thumb Code     0  startup_stm32f103xe.o(.text)
    WWDG_IRQHandler                          0x0800015f   Thumb Code     0  startup_stm32f103xe.o(.text)
    __aeabi_llsr                             0x08000169   Thumb Code    32  llushr.o(.text)
    _ll_ushift_r                             0x08000169   Thumb Code     0  llushr.o(.text)
    __aeabi_memset                           0x08000189   Thumb Code    14  memseta.o(.text)
    __aeabi_memset4                          0x08000189   Thumb Code     0  memseta.o(.text)
    __aeabi_memset8                          0x08000189   Thumb Code     0  memseta.o(.text)
    __aeabi_memclr                           0x08000197   Thumb Code     4  memseta.o(.text)
    __aeabi_memclr4                          0x08000197   Thumb Code     0  memseta.o(.text)
    __aeabi_memclr8                          0x08000197   Thumb Code     0  memseta.o(.text)
    _memset$wrapper                          0x0800019b   Thumb Code    18  memseta.o(.text)
    strcmp                                   0x080001ad   Thumb Code    28  strcmp.o(.text)
    __aeabi_fadd                             0x080001c9   Thumb Code   164  fadd.o(.text)
    __aeabi_fsub                             0x0800026d   Thumb Code     6  fadd.o(.text)
    __aeabi_frsub                            0x08000273   Thumb Code     6  fadd.o(.text)
    __aeabi_fmul                             0x08000279   Thumb Code   100  fmul.o(.text)
    __aeabi_fdiv                             0x080002dd   Thumb Code   124  fdiv.o(.text)
    __ARM_scalbnf                            0x08000359   Thumb Code    24  fscalb.o(.text)
    scalbnf                                  0x08000359   Thumb Code     0  fscalb.o(.text)
    __aeabi_dadd                             0x08000371   Thumb Code   322  dadd.o(.text)
    __aeabi_dsub                             0x080004b3   Thumb Code     6  dadd.o(.text)
    __aeabi_drsub                            0x080004b9   Thumb Code     6  dadd.o(.text)
    __aeabi_dmul                             0x080004bf   Thumb Code   228  dmul.o(.text)
    __aeabi_i2f                              0x080005a3   Thumb Code    18  fflti.o(.text)
    __aeabi_ui2f                             0x080005b5   Thumb Code    10  ffltui.o(.text)
    __aeabi_ui2d                             0x080005bf   Thumb Code    26  dfltui.o(.text)
    __aeabi_f2iz                             0x080005d9   Thumb Code    50  ffixi.o(.text)
    __aeabi_f2uiz                            0x0800060b   Thumb Code    40  ffixui.o(.text)
    __aeabi_d2uiz                            0x08000633   Thumb Code    50  dfixui.o(.text)
    __aeabi_f2d                              0x08000665   Thumb Code    38  f2d.o(.text)
    __aeabi_cdcmpeq                          0x0800068d   Thumb Code     0  cdcmple.o(.text)
    __aeabi_cdcmple                          0x0800068d   Thumb Code    48  cdcmple.o(.text)
    __aeabi_cdrcmple                         0x080006bd   Thumb Code    48  cdrcmple.o(.text)
    __aeabi_uldivmod                         0x080006ed   Thumb Code    98  uldiv.o(.text)
    __aeabi_llsl                             0x0800074f   Thumb Code    30  llshl.o(.text)
    _ll_shift_l                              0x0800074f   Thumb Code     0  llshl.o(.text)
    __aeabi_lasr                             0x0800076d   Thumb Code    36  llsshr.o(.text)
    _ll_sshift_r                             0x0800076d   Thumb Code     0  llsshr.o(.text)
    __I$use$fp                               0x08000791   Thumb Code     0  iusefp.o(.text)
    _float_round                             0x08000791   Thumb Code    18  fepilogue.o(.text)
    _float_epilogue                          0x080007a3   Thumb Code    92  fepilogue.o(.text)
    _double_round                            0x080007ff   Thumb Code    30  depilogue.o(.text)
    _double_epilogue                         0x0800081d   Thumb Code   156  depilogue.o(.text)
    _dsqrt                                   0x080008b9   Thumb Code   162  dsqrt.o(.text)
    __scatterload                            0x0800095d   Thumb Code    28  init.o(.text)
    __scatterload_rt2                        0x0800095d   Thumb Code     0  init.o(.text)
    AT24CXX_Init                             0x08000981   Thumb Code     4  24cxx.o(i.AT24CXX_Init)
    AT24CXX_Read                             0x08000985   Thumb Code    34  24cxx.o(i.AT24CXX_Read)
    AT24CXX_ReadOneByte                      0x080009a7   Thumb Code    66  24cxx.o(i.AT24CXX_ReadOneByte)
    AT24CXX_Write                            0x080009e9   Thumb Code    32  24cxx.o(i.AT24CXX_Write)
    AT24CXX_WriteOneByte                     0x08000a09   Thumb Code    62  24cxx.o(i.AT24CXX_WriteOneByte)
    BusFault_Handler                         0x08000a47   Thumb Code     2  stm32f1xx_it.o(i.BusFault_Handler)
    CT_IIC_Ack                               0x08000a49   Thumb Code    64  ctiic.o(i.CT_IIC_Ack)
    CT_IIC_Init                              0x08000a95   Thumb Code    88  ctiic.o(i.CT_IIC_Init)
    CT_IIC_NAck                              0x08000b01   Thumb Code    64  ctiic.o(i.CT_IIC_NAck)
    CT_IIC_Read_Byte                         0x08000b4d   Thumb Code   106  ctiic.o(i.CT_IIC_Read_Byte)
    CT_IIC_Send_Byte                         0x08000bc5   Thumb Code    90  ctiic.o(i.CT_IIC_Send_Byte)
    CT_IIC_Start                             0x08000c2d   Thumb Code    62  ctiic.o(i.CT_IIC_Start)
    CT_IIC_Stop                              0x08000c79   Thumb Code    56  ctiic.o(i.CT_IIC_Stop)
    CT_IIC_Wait_Ack                          0x08000cbd   Thumb Code    74  ctiic.o(i.CT_IIC_Wait_Ack)
    DebugMon_Handler                         0x08000d15   Thumb Code     2  stm32f1xx_it.o(i.DebugMon_Handler)
    Error_Handler                            0x08000d17   Thumb Code     4  main.o(i.Error_Handler)
    FSMC_NORSRAM_Extended_Timing_Init        0x08000d1d   Thumb Code    56  stm32f1xx_ll_fsmc.o(i.FSMC_NORSRAM_Extended_Timing_Init)
    FSMC_NORSRAM_Init                        0x08000d59   Thumb Code    98  stm32f1xx_ll_fsmc.o(i.FSMC_NORSRAM_Init)
    FSMC_NORSRAM_Timing_Init                 0x08000dc1   Thumb Code    64  stm32f1xx_ll_fsmc.o(i.FSMC_NORSRAM_Timing_Init)
    FT5206_Init                              0x08000e05   Thumb Code   194  ft5206.o(i.FT5206_Init)
    FT5206_RD_Reg                            0x08000ee1   Thumb Code    86  ft5206.o(i.FT5206_RD_Reg)
    FT5206_Scan                              0x08000f39   Thumb Code   308  ft5206.o(i.FT5206_Scan)
    FT5206_WR_Reg                            0x08001079   Thumb Code    72  ft5206.o(i.FT5206_WR_Reg)
    GT9147_Init                              0x080010c1   Thumb Code   232  gt9147.o(i.GT9147_Init)
    GT9147_RD_Reg                            0x080011dd   Thumb Code    96  gt9147.o(i.GT9147_RD_Reg)
    GT9147_Scan                              0x0800123d   Thumb Code   364  gt9147.o(i.GT9147_Scan)
    GT9147_Send_Cfg                          0x080013b9   Thumb Code    74  gt9147.o(i.GT9147_Send_Cfg)
    GT9147_WR_Reg                            0x08001409   Thumb Code    82  gt9147.o(i.GT9147_WR_Reg)
    HAL_CRC_Init                             0x0800145b   Thumb Code    34  stm32f1xx_hal_crc.o(i.HAL_CRC_Init)
    HAL_CRC_MspInit                          0x0800147d   Thumb Code    30  crc.o(i.HAL_CRC_MspInit)
    HAL_DMA_Abort_IT                         0x080014a5   Thumb Code   296  stm32f1xx_hal_dma.o(i.HAL_DMA_Abort_IT)
    HAL_GPIO_Init                            0x08001655   Thumb Code   462  stm32f1xx_hal_gpio.o(i.HAL_GPIO_Init)
    HAL_GPIO_ReadPin                         0x0800184d   Thumb Code    10  stm32f1xx_hal_gpio.o(i.HAL_GPIO_ReadPin)
    HAL_GPIO_WritePin                        0x08001857   Thumb Code    10  stm32f1xx_hal_gpio.o(i.HAL_GPIO_WritePin)
    HAL_GetTick                              0x08001861   Thumb Code     6  stm32f1xx_hal.o(i.HAL_GetTick)
    HAL_IncTick                              0x0800186d   Thumb Code    12  stm32f1xx_hal.o(i.HAL_IncTick)
    HAL_Init                                 0x0800187d   Thumb Code    32  stm32f1xx_hal.o(i.HAL_Init)
    HAL_InitTick                             0x080018a1   Thumb Code    54  stm32f1xx_hal.o(i.HAL_InitTick)
    HAL_MspInit                              0x080018e1   Thumb Code    52  stm32f1xx_hal_msp.o(i.HAL_MspInit)
    HAL_NVIC_EnableIRQ                       0x0800191d   Thumb Code    26  stm32f1xx_hal_cortex.o(i.HAL_NVIC_EnableIRQ)
    HAL_NVIC_SetPriority                     0x08001939   Thumb Code    60  stm32f1xx_hal_cortex.o(i.HAL_NVIC_SetPriority)
    HAL_NVIC_SetPriorityGrouping             0x08001979   Thumb Code    26  stm32f1xx_hal_cortex.o(i.HAL_NVIC_SetPriorityGrouping)
    HAL_RCC_ClockConfig                      0x0800199d   Thumb Code   280  stm32f1xx_hal_rcc.o(i.HAL_RCC_ClockConfig)
    HAL_RCC_GetPCLK1Freq                     0x08001ac9   Thumb Code    20  stm32f1xx_hal_rcc.o(i.HAL_RCC_GetPCLK1Freq)
    HAL_RCC_GetPCLK2Freq                     0x08001ae9   Thumb Code    20  stm32f1xx_hal_rcc.o(i.HAL_RCC_GetPCLK2Freq)
    HAL_RCC_GetSysClockFreq                  0x08001b09   Thumb Code    74  stm32f1xx_hal_rcc.o(i.HAL_RCC_GetSysClockFreq)
    HAL_RCC_OscConfig                        0x08001b75   Thumb Code   778  stm32f1xx_hal_rcc.o(i.HAL_RCC_OscConfig)
    HAL_SRAM_Init                            0x08001e95   Thumb Code   100  stm32f1xx_hal_sram.o(i.HAL_SRAM_Init)
    HAL_SRAM_MspInit                         0x08001ef9   Thumb Code     4  fsmc.o(i.HAL_SRAM_MspInit)
    HAL_SYSTICK_CLKSourceConfig              0x08001efd   Thumb Code    24  stm32f1xx_hal_cortex.o(i.HAL_SYSTICK_CLKSourceConfig)
    HAL_SYSTICK_Config                       0x08001f15   Thumb Code    40  stm32f1xx_hal_cortex.o(i.HAL_SYSTICK_Config)
    HAL_UART_ErrorCallback                   0x08001f3d   Thumb Code     2  stm32f1xx_hal_uart.o(i.HAL_UART_ErrorCallback)
    HAL_UART_IRQHandler                      0x08001f41   Thumb Code   344  stm32f1xx_hal_uart.o(i.HAL_UART_IRQHandler)
    HAL_UART_Init                            0x0800209d   Thumb Code    98  stm32f1xx_hal_uart.o(i.HAL_UART_Init)
    HAL_UART_MspInit                         0x08002101   Thumb Code   116  usart.o(i.HAL_UART_MspInit)
    HAL_UART_RxCpltCallback                  0x08002181   Thumb Code     2  stm32f1xx_hal_uart.o(i.HAL_UART_RxCpltCallback)
    HAL_UART_Transmit                        0x08002185   Thumb Code   178  stm32f1xx_hal_uart.o(i.HAL_UART_Transmit)
    HAL_UART_TxCpltCallback                  0x08002237   Thumb Code     2  stm32f1xx_hal_uart.o(i.HAL_UART_TxCpltCallback)
    HardFault_Handler                        0x08002239   Thumb Code     2  stm32f1xx_it.o(i.HardFault_Handler)
    IIC_Ack                                  0x0800223d   Thumb Code    56  myiic.o(i.IIC_Ack)
    IIC_Init                                 0x0800227d   Thumb Code    14  myiic.o(i.IIC_Init)
    IIC_NAck                                 0x08002291   Thumb Code    56  myiic.o(i.IIC_NAck)
    IIC_Read_Byte                            0x080022d1   Thumb Code   100  myiic.o(i.IIC_Read_Byte)
    IIC_Send_Byte                            0x0800233d   Thumb Code    86  myiic.o(i.IIC_Send_Byte)
    IIC_Start                                0x0800239d   Thumb Code    56  myiic.o(i.IIC_Start)
    IIC_Stop                                 0x080023dd   Thumb Code    58  myiic.o(i.IIC_Stop)
    IIC_Wait_Ack                             0x08002421   Thumb Code    78  myiic.o(i.IIC_Wait_Ack)
    KEY_Scan                                 0x08002479   Thumb Code   192  key.o(i.KEY_Scan)
    LCD_Clear                                0x08002545   Thumb Code    42  ili93xx.o(i.LCD_Clear)
    LCD_Display_Dir                          0x08002579   Thumb Code   212  ili93xx.o(i.LCD_Display_Dir)
    LCD_DrawLine                             0x08002651   Thumb Code   154  ili93xx.o(i.LCD_DrawLine)
    LCD_DrawPoint                            0x080026ed   Thumb Code    20  ili93xx.o(i.LCD_DrawPoint)
    LCD_Draw_Circle                          0x08002709   Thumb Code   176  ili93xx.o(i.LCD_Draw_Circle)
    LCD_Fast_DrawPoint                       0x080027b9   Thumb Code   216  ili93xx.o(i.LCD_Fast_DrawPoint)
    LCD_Fill                                 0x08002899   Thumb Code    68  ili93xx.o(i.LCD_Fill)
    LCD_Pow                                  0x080028e1   Thumb Code    16  ili93xx.o(i.LCD_Pow)
    LCD_RD_DATA                              0x080028f1   Thumb Code    16  ili93xx.o(i.LCD_RD_DATA)
    LCD_SSD_BackLightSet                     0x08002905   Thumb Code    70  ili93xx.o(i.LCD_SSD_BackLightSet)
    LCD_Scan_Dir                             0x08002951   Thumb Code   434  ili93xx.o(i.LCD_Scan_Dir)
    LCD_SetCursor                            0x08002b09   Thumb Code   254  ili93xx.o(i.LCD_SetCursor)
    LCD_ShowChar                             0x08002c0d   Thumb Code   202  ili93xx.o(i.LCD_ShowChar)
    LCD_ShowNum                              0x08002cf1   Thumb Code   118  ili93xx.o(i.LCD_ShowNum)
    LCD_ShowString                           0x08002d67   Thumb Code    84  ili93xx.o(i.LCD_ShowString)
    LCD_WR_DATA                              0x08002dbd   Thumb Code    20  ili93xx.o(i.LCD_WR_DATA)
    LCD_WR_REG                               0x08002dd5   Thumb Code    20  ili93xx.o(i.LCD_WR_REG)
    LCD_WriteRAM_Prepare                     0x08002ded   Thumb Code    10  ili93xx.o(i.LCD_WriteRAM_Prepare)
    LCD_WriteReg                             0x08002e01   Thumb Code    10  ili93xx.o(i.LCD_WriteReg)
    Load_Drow_Dialog                         0x08002e11   Thumb Code    50  main.o(i.Load_Drow_Dialog)
    MX_CRC_Init                              0x08002e51   Thumb Code    28  crc.o(i.MX_CRC_Init)
    MX_FSMC_Init                             0x08002e75   Thumb Code   134  fsmc.o(i.MX_FSMC_Init)
    MX_GPIO_Init                             0x08002f09   Thumb Code   240  gpio.o(i.MX_GPIO_Init)
    MX_USART1_UART_Init                      0x08003009   Thumb Code    48  usart.o(i.MX_USART1_UART_Init)
    MemManage_Handler                        0x08003041   Thumb Code     2  stm32f1xx_it.o(i.MemManage_Handler)
    NMI_Handler                              0x08003043   Thumb Code     2  stm32f1xx_it.o(i.NMI_Handler)
    OTT2001A_Init                            0x08003045   Thumb Code   142  ott2001a.o(i.OTT2001A_Init)
    OTT2001A_RD_Reg                          0x080030ed   Thumb Code    96  ott2001a.o(i.OTT2001A_RD_Reg)
    OTT2001A_Scan                            0x0800314d   Thumb Code   332  ott2001a.o(i.OTT2001A_Scan)
    OTT2001A_SensorControl                   0x080032b9   Thumb Code    30  ott2001a.o(i.OTT2001A_SensorControl)
    OTT2001A_WR_Reg                          0x080032d7   Thumb Code    82  ott2001a.o(i.OTT2001A_WR_Reg)
    PendSV_Handler                           0x08003329   Thumb Code     2  stm32f1xx_it.o(i.PendSV_Handler)
    SVC_Handler                              0x0800332b   Thumb Code     2  stm32f1xx_it.o(i.SVC_Handler)
    SysTick_Handler                          0x0800332d   Thumb Code     4  stm32f1xx_it.o(i.SysTick_Handler)
    SystemClock_Config                       0x08003331   Thumb Code    94  main.o(i.SystemClock_Config)
    SystemInit                               0x0800338f   Thumb Code     2  system_stm32f1xx.o(i.SystemInit)
    TFTLCD_Init                              0x08003391   Thumb Code  8966  ili93xx.o(i.TFTLCD_Init)
    TP_Adj_Info_Show                         0x0800569d   Thumb Code   326  touch.o(i.TP_Adj_Info_Show)
    TP_Adjust                                0x08005815   Thumb Code  1310  touch.o(i.TP_Adjust)
    TP_Draw_Big_Point                        0x08005d69   Thumb Code    48  touch.o(i.TP_Draw_Big_Point)
    TP_Drow_Touch_Point                      0x08005d9d   Thumb Code   106  touch.o(i.TP_Drow_Touch_Point)
    TP_Get_Adjdata                           0x08005e0d   Thumb Code    56  touch.o(i.TP_Get_Adjdata)
    TP_Init                                  0x08005e49   Thumb Code   138  touch.o(i.TP_Init)
    TP_Read_AD                               0x08005ee9   Thumb Code   126  touch.o(i.TP_Read_AD)
    TP_Read_XOY                              0x08005f71   Thumb Code   100  touch.o(i.TP_Read_XOY)
    TP_Read_XY                               0x08005fd5   Thumb Code    34  touch.o(i.TP_Read_XY)
    TP_Read_XY2                              0x08005ffd   Thumb Code   122  touch.o(i.TP_Read_XY2)
    TP_Save_Adjdata                          0x08006079   Thumb Code    24  touch.o(i.TP_Save_Adjdata)
    TP_Scan                                  0x08006095   Thumb Code   170  touch.o(i.TP_Scan)
    TP_Write_Byte                            0x08006149   Thumb Code    64  touch.o(i.TP_Write_Byte)
    USART1_IRQHandler                        0x08006365   Thumb Code     6  stm32f1xx_it.o(i.USART1_IRQHandler)
    UsageFault_Handler                       0x08006371   Thumb Code     2  stm32f1xx_it.o(i.UsageFault_Handler)
    __0printf$5                              0x08006375   Thumb Code    22  printf5.o(i.__0printf$5)
    __1printf$5                              0x08006375   Thumb Code     0  printf5.o(i.__0printf$5)
    __2printf                                0x08006375   Thumb Code     0  printf5.o(i.__0printf$5)
    __scatterload_copy                       0x080063b5   Thumb Code    14  handlers.o(i.__scatterload_copy)
    __scatterload_null                       0x080063c3   Thumb Code     2  handlers.o(i.__scatterload_null)
    __scatterload_zeroinit                   0x080063c5   Thumb Code    14  handlers.o(i.__scatterload_zeroinit)
    __set_errno                              0x080063d5   Thumb Code     6  errno.o(i.__set_errno)
    ctp_test                                 0x080066a1   Thumb Code   166  main.o(i.ctp_test)
    delay_init                               0x08006755   Thumb Code    16  delay.o(i.delay_init)
    delay_ms                                 0x08006769   Thumb Code    26  delay.o(i.delay_ms)
    delay_us                                 0x08006785   Thumb Code    48  delay.o(i.delay_us)
    fputc                                    0x080067b9   Thumb Code    20  usart.o(i.fputc)
    gui_draw_hline                           0x080067d1   Thumb Code    22  main.o(i.gui_draw_hline)
    gui_fill_circle                          0x080067e7   Thumb Code   182  main.o(i.gui_fill_circle)
    lcd_draw_bline                           0x0800689d   Thumb Code   182  main.o(i.lcd_draw_bline)
    main                                     0x08006955   Thumb Code   178  main.o(i.main)
    rtp_test                                 0x08006a61   Thumb Code   100  main.o(i.rtp_test)
    sqrt                                     0x08006acd   Thumb Code    76  sqrt.o(i.sqrt)
    asc2_1206                                0x08006b18   Data        1140  ili93xx.o(.constdata)
    asc2_1608                                0x08006f8c   Data        1520  ili93xx.o(.constdata)
    asc2_2412                                0x0800757c   Data        3420  ili93xx.o(.constdata)
    asc2_3216                                0x080082d8   Data       12160  ili93xx.o(.constdata)
    POINT_COLOR_TBL                          0x0800b258   Data          10  main.o(.constdata)
    AHBPrescTable                            0x0800b262   Data          16  system_stm32f1xx.o(.constdata)
    APBPrescTable                            0x0800b272   Data           8  system_stm32f1xx.o(.constdata)
    FT5206_TPX_TBL                           0x0800b27a   Data          10  ft5206.o(.constdata)
    GT9147_CFG_TBL                           0x0800b284   Data         184  gt9147.o(.constdata)
    GT9147_TPX_TBL                           0x0800b33c   Data          10  gt9147.o(.constdata)
    OTT_TPX_TBL                              0x0800b346   Data          10  ott2001a.o(.constdata)
    TP_REMIND_MSG_TBL                        0x0800b350   Data           4  touch.o(.constdata)
    Region$$Table$$Base                      0x0800b3d0   Number         0  anon$$obj.o(Region$$Table)
    Region$$Table$$Limit                     0x0800b3f0   Number         0  anon$$obj.o(Region$$Table)
    POINT_COLOR                              0x20000000   Data           4  ili93xx.o(.data)
    BACK_COLOR                               0x20000004   Data           4  ili93xx.o(.data)
    hcrc                                     0x20000008   Data           8  crc.o(.data)
    uwTickFreq                               0x20000018   Data           1  stm32f1xx_hal.o(.data)
    uwTickPrio                               0x2000001c   Data           4  stm32f1xx_hal.o(.data)
    uwTick                                   0x20000020   Data           4  stm32f1xx_hal.o(.data)
    SystemCoreClock                          0x20000024   Data           4  system_stm32f1xx.o(.data)
    CMD_RDX                                  0x20000030   Data           1  touch.o(.data)
    CMD_RDY                                  0x20000031   Data           1  touch.o(.data)
    tp_dev                                   0x20000034   Data          52  touch.o(.data)
    __stdout                                 0x20000068   Data           4  stdout.o(.data)
    lcddev                                   0x20000070   Data          14  ili93xx.o(.bss)
    hsram1                                   0x20000080   Data          72  fsmc.o(.bss)
    huart1                                   0x200000c8   Data          64  usart.o(.bss)
    __initial_sp                             0x20000508   Data           0  startup_stm32f103xe.o(STACK)



==============================================================================

Memory Map of the image

  Image Entry point : 0x08000131

  Load Region LR_IROM1 (Base: 0x08000000, Size: 0x0000b460, Max: 0x00080000, ABSOLUTE)

    Execution Region ER_IROM1 (Exec base: 0x08000000, Load base: 0x08000000, Size: 0x0000b3f0, Max: 0x00080000, ABSOLUTE)

    Exec Addr    Load Addr    Size         Type   Attr      Idx    E Section Name        Object

    0x08000000   0x08000000   0x00000130   Data   RO            3    RESET               startup_stm32f103xe.o
    0x08000130   0x08000130   0x00000000   Code   RO         3023  * .ARM.Collect$$$$00000000  mc_w.l(entry.o)
    0x08000130   0x08000130   0x00000004   Code   RO         3323    .ARM.Collect$$$$00000001  mc_w.l(entry2.o)
    0x08000134   0x08000134   0x00000004   Code   RO         3326    .ARM.Collect$$$$00000004  mc_w.l(entry5.o)
    0x08000138   0x08000138   0x00000000   Code   RO         3328    .ARM.Collect$$$$00000008  mc_w.l(entry7b.o)
    0x08000138   0x08000138   0x00000000   Code   RO         3330    .ARM.Collect$$$$0000000A  mc_w.l(entry8b.o)
    0x08000138   0x08000138   0x00000008   Code   RO         3331    .ARM.Collect$$$$0000000B  mc_w.l(entry9a.o)
    0x08000140   0x08000140   0x00000000   Code   RO         3333    .ARM.Collect$$$$0000000D  mc_w.l(entry10a.o)
    0x08000140   0x08000140   0x00000000   Code   RO         3335    .ARM.Collect$$$$0000000F  mc_w.l(entry11a.o)
    0x08000140   0x08000140   0x00000004   Code   RO         3324    .ARM.Collect$$$$00002712  mc_w.l(entry2.o)
    0x08000144   0x08000144   0x00000024   Code   RO            4    .text               startup_stm32f103xe.o
    0x08000168   0x08000168   0x00000020   Code   RO         3026    .text               mc_w.l(llushr.o)
    0x08000188   0x08000188   0x00000024   Code   RO         3028    .text               mc_w.l(memseta.o)
    0x080001ac   0x080001ac   0x0000001c   Code   RO         3030    .text               mc_w.l(strcmp.o)
    0x080001c8   0x080001c8   0x000000b0   Code   RO         3293    .text               mf_w.l(fadd.o)
    0x08000278   0x08000278   0x00000064   Code   RO         3295    .text               mf_w.l(fmul.o)
    0x080002dc   0x080002dc   0x0000007c   Code   RO         3297    .text               mf_w.l(fdiv.o)
    0x08000358   0x08000358   0x00000018   Code   RO         3299    .text               mf_w.l(fscalb.o)
    0x08000370   0x08000370   0x0000014e   Code   RO         3301    .text               mf_w.l(dadd.o)
    0x080004be   0x080004be   0x000000e4   Code   RO         3303    .text               mf_w.l(dmul.o)
    0x080005a2   0x080005a2   0x00000012   Code   RO         3305    .text               mf_w.l(fflti.o)
    0x080005b4   0x080005b4   0x0000000a   Code   RO         3307    .text               mf_w.l(ffltui.o)
    0x080005be   0x080005be   0x0000001a   Code   RO         3309    .text               mf_w.l(dfltui.o)
    0x080005d8   0x080005d8   0x00000032   Code   RO         3311    .text               mf_w.l(ffixi.o)
    0x0800060a   0x0800060a   0x00000028   Code   RO         3313    .text               mf_w.l(ffixui.o)
    0x08000632   0x08000632   0x00000032   Code   RO         3315    .text               mf_w.l(dfixui.o)
    0x08000664   0x08000664   0x00000026   Code   RO         3317    .text               mf_w.l(f2d.o)
    0x0800068a   0x0800068a   0x00000002   PAD
    0x0800068c   0x0800068c   0x00000030   Code   RO         3319    .text               mf_w.l(cdcmple.o)
    0x080006bc   0x080006bc   0x00000030   Code   RO         3321    .text               mf_w.l(cdrcmple.o)
    0x080006ec   0x080006ec   0x00000062   Code   RO         3340    .text               mc_w.l(uldiv.o)
    0x0800074e   0x0800074e   0x0000001e   Code   RO         3342    .text               mc_w.l(llshl.o)
    0x0800076c   0x0800076c   0x00000024   Code   RO         3344    .text               mc_w.l(llsshr.o)
    0x08000790   0x08000790   0x00000000   Code   RO         3353    .text               mc_w.l(iusefp.o)
    0x08000790   0x08000790   0x0000006e   Code   RO         3354    .text               mf_w.l(fepilogue.o)
    0x080007fe   0x080007fe   0x000000ba   Code   RO         3356    .text               mf_w.l(depilogue.o)
    0x080008b8   0x080008b8   0x000000a2   Code   RO         3360    .text               mf_w.l(dsqrt.o)
    0x0800095a   0x0800095a   0x00000002   PAD
    0x0800095c   0x0800095c   0x00000024   Code   RO         3364    .text               mc_w.l(init.o)
    0x08000980   0x08000980   0x00000004   Code   RO         2552    i.AT24CXX_Init      24cxx.o
    0x08000984   0x08000984   0x00000022   Code   RO         2553    i.AT24CXX_Read      24cxx.o
    0x080009a6   0x080009a6   0x00000042   Code   RO         2555    i.AT24CXX_ReadOneByte  24cxx.o
    0x080009e8   0x080009e8   0x00000020   Code   RO         2556    i.AT24CXX_Write     24cxx.o
    0x08000a08   0x08000a08   0x0000003e   Code   RO         2558    i.AT24CXX_WriteOneByte  24cxx.o
    0x08000a46   0x08000a46   0x00000002   Code   RO          615    i.BusFault_Handler  stm32f1xx_it.o
    0x08000a48   0x08000a48   0x0000004c   Code   RO         2684    i.CT_IIC_Ack        ctiic.o
    0x08000a94   0x08000a94   0x0000006c   Code   RO         2685    i.CT_IIC_Init       ctiic.o
    0x08000b00   0x08000b00   0x0000004c   Code   RO         2686    i.CT_IIC_NAck       ctiic.o
    0x08000b4c   0x08000b4c   0x00000078   Code   RO         2687    i.CT_IIC_Read_Byte  ctiic.o
    0x08000bc4   0x08000bc4   0x00000068   Code   RO         2688    i.CT_IIC_Send_Byte  ctiic.o
    0x08000c2c   0x08000c2c   0x0000004c   Code   RO         2689    i.CT_IIC_Start      ctiic.o
    0x08000c78   0x08000c78   0x00000044   Code   RO         2690    i.CT_IIC_Stop       ctiic.o
    0x08000cbc   0x08000cbc   0x00000058   Code   RO         2691    i.CT_IIC_Wait_Ack   ctiic.o
    0x08000d14   0x08000d14   0x00000002   Code   RO          616    i.DebugMon_Handler  stm32f1xx_it.o
    0x08000d16   0x08000d16   0x00000004   Code   RO          326    i.Error_Handler     main.o
    0x08000d1a   0x08000d1a   0x00000002   PAD
    0x08000d1c   0x08000d1c   0x0000003c   Code   RO         1800    i.FSMC_NORSRAM_Extended_Timing_Init  stm32f1xx_ll_fsmc.o
    0x08000d58   0x08000d58   0x00000068   Code   RO         1801    i.FSMC_NORSRAM_Init  stm32f1xx_ll_fsmc.o
    0x08000dc0   0x08000dc0   0x00000044   Code   RO         1802    i.FSMC_NORSRAM_Timing_Init  stm32f1xx_ll_fsmc.o
    0x08000e04   0x08000e04   0x000000dc   Code   RO         2758    i.FT5206_Init       ft5206.o
    0x08000ee0   0x08000ee0   0x00000056   Code   RO         2759    i.FT5206_RD_Reg     ft5206.o
    0x08000f36   0x08000f36   0x00000002   PAD
    0x08000f38   0x08000f38   0x00000140   Code   RO         2760    i.FT5206_Scan       ft5206.o
    0x08001078   0x08001078   0x00000048   Code   RO         2761    i.FT5206_WR_Reg     ft5206.o
    0x080010c0   0x080010c0   0x0000011c   Code   RO         2807    i.GT9147_Init       gt9147.o
    0x080011dc   0x080011dc   0x00000060   Code   RO         2808    i.GT9147_RD_Reg     gt9147.o
    0x0800123c   0x0800123c   0x0000017c   Code   RO         2809    i.GT9147_Scan       gt9147.o
    0x080013b8   0x080013b8   0x00000050   Code   RO         2810    i.GT9147_Send_Cfg   gt9147.o
    0x08001408   0x08001408   0x00000052   Code   RO         2811    i.GT9147_WR_Reg     gt9147.o
    0x0800145a   0x0800145a   0x00000022   Code   RO          761    i.HAL_CRC_Init      stm32f1xx_hal_crc.o
    0x0800147c   0x0800147c   0x00000028   Code   RO          468    i.HAL_CRC_MspInit   crc.o
    0x080014a4   0x080014a4   0x00000130   Code   RO         1197    i.HAL_DMA_Abort_IT  stm32f1xx_hal_dma.o
    0x080015d4   0x080015d4   0x00000080   Code   RO          509    i.HAL_FSMC_MspInit  fsmc.o
    0x08001654   0x08001654   0x000001f8   Code   RO         1132    i.HAL_GPIO_Init     stm32f1xx_hal_gpio.o
    0x0800184c   0x0800184c   0x0000000a   Code   RO         1134    i.HAL_GPIO_ReadPin  stm32f1xx_hal_gpio.o
    0x08001856   0x08001856   0x0000000a   Code   RO         1136    i.HAL_GPIO_WritePin  stm32f1xx_hal_gpio.o
    0x08001860   0x08001860   0x0000000c   Code   RO          828    i.HAL_GetTick       stm32f1xx_hal.o
    0x0800186c   0x0800186c   0x00000010   Code   RO          834    i.HAL_IncTick       stm32f1xx_hal.o
    0x0800187c   0x0800187c   0x00000024   Code   RO          835    i.HAL_Init          stm32f1xx_hal.o
    0x080018a0   0x080018a0   0x00000040   Code   RO          836    i.HAL_InitTick      stm32f1xx_hal.o
    0x080018e0   0x080018e0   0x0000003c   Code   RO          697    i.HAL_MspInit       stm32f1xx_hal_msp.o
    0x0800191c   0x0800191c   0x0000001a   Code   RO         1292    i.HAL_NVIC_EnableIRQ  stm32f1xx_hal_cortex.o
    0x08001936   0x08001936   0x00000002   PAD
    0x08001938   0x08001938   0x00000040   Code   RO         1298    i.HAL_NVIC_SetPriority  stm32f1xx_hal_cortex.o
    0x08001978   0x08001978   0x00000024   Code   RO         1299    i.HAL_NVIC_SetPriorityGrouping  stm32f1xx_hal_cortex.o
    0x0800199c   0x0800199c   0x0000012c   Code   RO          992    i.HAL_RCC_ClockConfig  stm32f1xx_hal_rcc.o
    0x08001ac8   0x08001ac8   0x00000020   Code   RO          999    i.HAL_RCC_GetPCLK1Freq  stm32f1xx_hal_rcc.o
    0x08001ae8   0x08001ae8   0x00000020   Code   RO         1000    i.HAL_RCC_GetPCLK2Freq  stm32f1xx_hal_rcc.o
    0x08001b08   0x08001b08   0x0000006c   Code   RO         1001    i.HAL_RCC_GetSysClockFreq  stm32f1xx_hal_rcc.o
    0x08001b74   0x08001b74   0x00000320   Code   RO         1004    i.HAL_RCC_OscConfig  stm32f1xx_hal_rcc.o
    0x08001e94   0x08001e94   0x00000064   Code   RO         1922    i.HAL_SRAM_Init     stm32f1xx_hal_sram.o
    0x08001ef8   0x08001ef8   0x00000004   Code   RO          511    i.HAL_SRAM_MspInit  fsmc.o
    0x08001efc   0x08001efc   0x00000018   Code   RO         1301    i.HAL_SYSTICK_CLKSourceConfig  stm32f1xx_hal_cortex.o
    0x08001f14   0x08001f14   0x00000028   Code   RO         1303    i.HAL_SYSTICK_Config  stm32f1xx_hal_cortex.o
    0x08001f3c   0x08001f3c   0x00000002   Code   RO         2110    i.HAL_UART_ErrorCallback  stm32f1xx_hal_uart.o
    0x08001f3e   0x08001f3e   0x00000002   PAD
    0x08001f40   0x08001f40   0x0000015c   Code   RO         2113    i.HAL_UART_IRQHandler  stm32f1xx_hal_uart.o
    0x0800209c   0x0800209c   0x00000062   Code   RO         2114    i.HAL_UART_Init     stm32f1xx_hal_uart.o
    0x080020fe   0x080020fe   0x00000002   PAD
    0x08002100   0x08002100   0x00000080   Code   RO          558    i.HAL_UART_MspInit  usart.o
    0x08002180   0x08002180   0x00000002   Code   RO         2120    i.HAL_UART_RxCpltCallback  stm32f1xx_hal_uart.o
    0x08002182   0x08002182   0x00000002   PAD
    0x08002184   0x08002184   0x000000b2   Code   RO         2122    i.HAL_UART_Transmit  stm32f1xx_hal_uart.o
    0x08002236   0x08002236   0x00000002   Code   RO         2125    i.HAL_UART_TxCpltCallback  stm32f1xx_hal_uart.o
    0x08002238   0x08002238   0x00000002   Code   RO          617    i.HardFault_Handler  stm32f1xx_it.o
    0x0800223a   0x0800223a   0x00000002   PAD
    0x0800223c   0x0800223c   0x00000040   Code   RO         2617    i.IIC_Ack           myiic.o
    0x0800227c   0x0800227c   0x00000014   Code   RO         2618    i.IIC_Init          myiic.o
    0x08002290   0x08002290   0x00000040   Code   RO         2619    i.IIC_NAck          myiic.o
    0x080022d0   0x080022d0   0x0000006c   Code   RO         2620    i.IIC_Read_Byte     myiic.o
    0x0800233c   0x0800233c   0x00000060   Code   RO         2621    i.IIC_Send_Byte     myiic.o
    0x0800239c   0x0800239c   0x00000040   Code   RO         2622    i.IIC_Start         myiic.o
    0x080023dc   0x080023dc   0x00000044   Code   RO         2623    i.IIC_Stop          myiic.o
    0x08002420   0x08002420   0x00000058   Code   RO         2624    i.IIC_Wait_Ack      myiic.o
    0x08002478   0x08002478   0x000000cc   Code   RO         2526    i.KEY_Scan          key.o
    0x08002544   0x08002544   0x00000034   Code   RO           14    i.LCD_Clear         ili93xx.o
    0x08002578   0x08002578   0x000000d8   Code   RO           18    i.LCD_Display_Dir   ili93xx.o
    0x08002650   0x08002650   0x0000009a   Code   RO           19    i.LCD_DrawLine      ili93xx.o
    0x080026ea   0x080026ea   0x00000002   PAD
    0x080026ec   0x080026ec   0x0000001c   Code   RO           20    i.LCD_DrawPoint     ili93xx.o
    0x08002708   0x08002708   0x000000b0   Code   RO           22    i.LCD_Draw_Circle   ili93xx.o
    0x080027b8   0x080027b8   0x000000e0   Code   RO           23    i.LCD_Fast_DrawPoint  ili93xx.o
    0x08002898   0x08002898   0x00000048   Code   RO           24    i.LCD_Fill          ili93xx.o
    0x080028e0   0x080028e0   0x00000010   Code   RO           25    i.LCD_Pow           ili93xx.o
    0x080028f0   0x080028f0   0x00000014   Code   RO           26    i.LCD_RD_DATA       ili93xx.o
    0x08002904   0x08002904   0x0000004c   Code   RO           29    i.LCD_SSD_BackLightSet  ili93xx.o
    0x08002950   0x08002950   0x000001b8   Code   RO           30    i.LCD_Scan_Dir      ili93xx.o
    0x08002b08   0x08002b08   0x00000104   Code   RO           31    i.LCD_SetCursor     ili93xx.o
    0x08002c0c   0x08002c0c   0x000000e4   Code   RO           33    i.LCD_ShowChar      ili93xx.o
    0x08002cf0   0x08002cf0   0x00000076   Code   RO           34    i.LCD_ShowNum       ili93xx.o
    0x08002d66   0x08002d66   0x00000054   Code   RO           35    i.LCD_ShowString    ili93xx.o
    0x08002dba   0x08002dba   0x00000002   PAD
    0x08002dbc   0x08002dbc   0x00000018   Code   RO           37    i.LCD_WR_DATA       ili93xx.o
    0x08002dd4   0x08002dd4   0x00000018   Code   RO           38    i.LCD_WR_REG        ili93xx.o
    0x08002dec   0x08002dec   0x00000014   Code   RO           40    i.LCD_WriteRAM_Prepare  ili93xx.o
    0x08002e00   0x08002e00   0x00000010   Code   RO           41    i.LCD_WriteReg      ili93xx.o
    0x08002e10   0x08002e10   0x00000040   Code   RO          327    i.Load_Drow_Dialog  main.o
    0x08002e50   0x08002e50   0x00000024   Code   RO          469    i.MX_CRC_Init       crc.o
    0x08002e74   0x08002e74   0x00000094   Code   RO          512    i.MX_FSMC_Init      fsmc.o
    0x08002f08   0x08002f08   0x00000100   Code   RO          443    i.MX_GPIO_Init      gpio.o
    0x08003008   0x08003008   0x00000038   Code   RO          559    i.MX_USART1_UART_Init  usart.o
    0x08003040   0x08003040   0x00000002   Code   RO          618    i.MemManage_Handler  stm32f1xx_it.o
    0x08003042   0x08003042   0x00000002   Code   RO          619    i.NMI_Handler       stm32f1xx_it.o
    0x08003044   0x08003044   0x000000a8   Code   RO         2859    i.OTT2001A_Init     ott2001a.o
    0x080030ec   0x080030ec   0x00000060   Code   RO         2860    i.OTT2001A_RD_Reg   ott2001a.o
    0x0800314c   0x0800314c   0x0000016c   Code   RO         2861    i.OTT2001A_Scan     ott2001a.o
    0x080032b8   0x080032b8   0x0000001e   Code   RO         2862    i.OTT2001A_SensorControl  ott2001a.o
    0x080032d6   0x080032d6   0x00000052   Code   RO         2863    i.OTT2001A_WR_Reg   ott2001a.o
    0x08003328   0x08003328   0x00000002   Code   RO          620    i.PendSV_Handler    stm32f1xx_it.o
    0x0800332a   0x0800332a   0x00000002   Code   RO          621    i.SVC_Handler       stm32f1xx_it.o
    0x0800332c   0x0800332c   0x00000004   Code   RO          622    i.SysTick_Handler   stm32f1xx_it.o
    0x08003330   0x08003330   0x0000005e   Code   RO          328    i.SystemClock_Config  main.o
    0x0800338e   0x0800338e   0x00000002   Code   RO         2411    i.SystemInit        system_stm32f1xx.o
    0x08003390   0x08003390   0x0000230c   Code   RO           42    i.TFTLCD_Init       ili93xx.o
    0x0800569c   0x0800569c   0x00000178   Code   RO         2911    i.TP_Adj_Info_Show  touch.o
    0x08005814   0x08005814   0x00000554   Code   RO         2912    i.TP_Adjust         touch.o
    0x08005d68   0x08005d68   0x00000034   Code   RO         2913    i.TP_Draw_Big_Point  touch.o
    0x08005d9c   0x08005d9c   0x00000070   Code   RO         2914    i.TP_Drow_Touch_Point  touch.o
    0x08005e0c   0x08005e0c   0x0000003c   Code   RO         2915    i.TP_Get_Adjdata    touch.o
    0x08005e48   0x08005e48   0x000000a0   Code   RO         2916    i.TP_Init           touch.o
    0x08005ee8   0x08005ee8   0x00000088   Code   RO         2917    i.TP_Read_AD        touch.o
    0x08005f70   0x08005f70   0x00000064   Code   RO         2918    i.TP_Read_XOY       touch.o
    0x08005fd4   0x08005fd4   0x00000028   Code   RO         2919    i.TP_Read_XY        touch.o
    0x08005ffc   0x08005ffc   0x0000007a   Code   RO         2920    i.TP_Read_XY2       touch.o
    0x08006076   0x08006076   0x00000002   PAD
    0x08006078   0x08006078   0x0000001c   Code   RO         2921    i.TP_Save_Adjdata   touch.o
    0x08006094   0x08006094   0x000000b4   Code   RO         2922    i.TP_Scan           touch.o
    0x08006148   0x08006148   0x00000048   Code   RO         2923    i.TP_Write_Byte     touch.o
    0x08006190   0x08006190   0x00000010   Code   RO         2127    i.UART_DMAAbortOnError  stm32f1xx_hal_uart.o
    0x080061a0   0x080061a0   0x0000001c   Code   RO         2137    i.UART_EndRxTransfer  stm32f1xx_hal_uart.o
    0x080061bc   0x080061bc   0x0000008c   Code   RO         2139    i.UART_Receive_IT   stm32f1xx_hal_uart.o
    0x08006248   0x08006248   0x000000b8   Code   RO         2140    i.UART_SetConfig    stm32f1xx_hal_uart.o
    0x08006300   0x08006300   0x00000064   Code   RO         2141    i.UART_WaitOnFlagUntilTimeout  stm32f1xx_hal_uart.o
    0x08006364   0x08006364   0x0000000c   Code   RO          623    i.USART1_IRQHandler  stm32f1xx_it.o
    0x08006370   0x08006370   0x00000002   Code   RO          624    i.UsageFault_Handler  stm32f1xx_it.o
    0x08006372   0x08006372   0x00000002   PAD
    0x08006374   0x08006374   0x00000020   Code   RO         3165    i.__0printf$5       mc_w.l(printf5.o)
    0x08006394   0x08006394   0x00000020   Code   RO         1305    i.__NVIC_SetPriority  stm32f1xx_hal_cortex.o
    0x080063b4   0x080063b4   0x0000000e   Code   RO         3368    i.__scatterload_copy  mc_w.l(handlers.o)
    0x080063c2   0x080063c2   0x00000002   Code   RO         3369    i.__scatterload_null  mc_w.l(handlers.o)
    0x080063c4   0x080063c4   0x0000000e   Code   RO         3370    i.__scatterload_zeroinit  mc_w.l(handlers.o)
    0x080063d2   0x080063d2   0x00000002   PAD
    0x080063d4   0x080063d4   0x0000000c   Code   RO         3348    i.__set_errno       mc_w.l(errno.o)
    0x080063e0   0x080063e0   0x000002c0   Code   RO         3172    i._printf_core      mc_w.l(printf5.o)
    0x080066a0   0x080066a0   0x000000b4   Code   RO          329    i.ctp_test          main.o
    0x08006754   0x08006754   0x00000014   Code   RO         2448    i.delay_init        delay.o
    0x08006768   0x08006768   0x0000001a   Code   RO         2449    i.delay_ms          delay.o
    0x08006782   0x08006782   0x00000002   PAD
    0x08006784   0x08006784   0x00000034   Code   RO         2450    i.delay_us          delay.o
    0x080067b8   0x080067b8   0x00000018   Code   RO          561    i.fputc             usart.o
    0x080067d0   0x080067d0   0x00000016   Code   RO          330    i.gui_draw_hline    main.o
    0x080067e6   0x080067e6   0x000000b6   Code   RO          331    i.gui_fill_circle   main.o
    0x0800689c   0x0800689c   0x000000b6   Code   RO          332    i.lcd_draw_bline    main.o
    0x08006952   0x08006952   0x00000002   PAD
    0x08006954   0x08006954   0x0000010c   Code   RO          333    i.main              main.o
    0x08006a60   0x08006a60   0x0000006c   Code   RO          335    i.rtp_test          main.o
    0x08006acc   0x08006acc   0x0000004c   Code   RO         3016    i.sqrt              m_ws.l(sqrt.o)
    0x08006b18   0x08006b18   0x00004740   Data   RO           46    .constdata          ili93xx.o
    0x0800b258   0x0800b258   0x0000000a   Data   RO          336    .constdata          main.o
    0x0800b262   0x0800b262   0x00000010   Data   RO         2412    .constdata          system_stm32f1xx.o
    0x0800b272   0x0800b272   0x00000008   Data   RO         2413    .constdata          system_stm32f1xx.o
    0x0800b27a   0x0800b27a   0x0000000a   Data   RO         2762    .constdata          ft5206.o
    0x0800b284   0x0800b284   0x000000c2   Data   RO         2812    .constdata          gt9147.o
    0x0800b346   0x0800b346   0x0000000a   Data   RO         2864    .constdata          ott2001a.o
    0x0800b350   0x0800b350   0x00000004   Data   RO         2924    .constdata          touch.o
    0x0800b354   0x0800b354   0x00000079   Data   RO         2925    .conststring        touch.o
    0x0800b3cd   0x0800b3cd   0x00000003   PAD
    0x0800b3d0   0x0800b3d0   0x00000020   Data   RO         3366    Region$$Table       anon$$obj.o


    Execution Region RW_IRAM1 (Exec base: 0x20000000, Load base: 0x0800b3f0, Size: 0x00000508, Max: 0x00010000, ABSOLUTE)

    Exec Addr    Load Addr    Size         Type   Attr      Idx    E Section Name        Object

    0x20000000   0x0800b3f0   0x00000008   Data   RW           47    .data               ili93xx.o
    0x20000008   0x0800b3f8   0x00000008   Data   RW          470    .data               crc.o
    0x20000010   0x0800b400   0x00000008   Data   RW          514    .data               fsmc.o
    0x20000018   0x0800b408   0x0000000c   Data   RW          842    .data               stm32f1xx_hal.o
    0x20000024   0x0800b414   0x00000004   Data   RW         2414    .data               system_stm32f1xx.o
    0x20000028   0x0800b418   0x00000004   Data   RW         2451    .data               delay.o
    0x2000002c   0x0800b41c   0x00000001   Data   RW         2527    .data               key.o
    0x2000002d   0x0800b41d   0x00000001   Data   RW         2763    .data               ft5206.o
    0x2000002e   0x0800b41e   0x00000001   Data   RW         2813    .data               gt9147.o
    0x2000002f   0x0800b41f   0x00000001   Data   RW         2865    .data               ott2001a.o
    0x20000030   0x0800b420   0x00000038   Data   RW         2926    .data               touch.o
    0x20000068   0x0800b458   0x00000004   Data   RW         3337    .data               mc_w.l(stdout.o)
    0x2000006c   0x0800b45c   0x00000004   Data   RW         3349    .data               mc_w.l(errno.o)
    0x20000070        -       0x0000000e   Zero   RW           45    .bss                ili93xx.o
    0x2000007e   0x0800b460   0x00000002   PAD
    0x20000080        -       0x00000048   Zero   RW          513    .bss                fsmc.o
    0x200000c8        -       0x00000040   Zero   RW          562    .bss                usart.o
    0x20000108        -       0x00000400   Zero   RW            1    STACK               startup_stm32f103xe.o


==============================================================================

Image component sizes


      Code (inc. data)   RO Data    RW Data    ZI Data      Debug   Object Name

       198          0          0          0          0       2795   24cxx.o
        76         18          0          8          0       1383   crc.o
       716        112          0          0          0       4897   ctiic.o
        98          8          0          4          0       1639   delay.o
       280         36          0          8         72       2099   fsmc.o
       698         38         10          1          0       3385   ft5206.o
       256         16          0          0          0       1023   gpio.o
       922         74        194          1          0       4182   gt9147.o
     11220        148      18240          8         14     485408   ili93xx.o
       204         12          0          1          0        691   key.o
      1104        126         10          0          0       5697   main.o
       572         68          0          0          0       3918   myiic.o
       740         58         10          1          0       3839   ott2001a.o
        36          8        304          0       1024        780   startup_stm32f103xe.o
       128         24          0         12          0       5725   stm32f1xx_hal.o
       222         14          0          0          0      29013   stm32f1xx_hal_cortex.o
        34          0          0          0          0        955   stm32f1xx_hal_crc.o
       304          8          0          0          0       1055   stm32f1xx_hal_dma.o
       524         42          0          0          0       3067   stm32f1xx_hal_gpio.o
        60          8          0          0          0        826   stm32f1xx_hal_msp.o
      1272        100          0          0          0       4816   stm32f1xx_hal_rcc.o
       100          0          0          0          0       1064   stm32f1xx_hal_sram.o
      1098         10          0          0          0       7543   stm32f1xx_hal_uart.o
        32          6          0          0          0       4098   stm32f1xx_it.o
       232         14          0          0          0       3551   stm32f1xx_ll_fsmc.o
         2          0         24          4          0       1055   system_stm32f1xx.o
      2802        216        125         56          0       9579   touch.o
       208         24          0          0         64       3334   usart.o

    ----------------------------------------------------------------------
     24164       1188      18952        104       1176     597417   Object Totals
         0          0         32          0          0          0   (incl. Generated)
        26          0          3          0          2          0   (incl. Padding)

    ----------------------------------------------------------------------

      Code (inc. data)   RO Data    RW Data    ZI Data      Debug   Library Member Name

        76          0          0          0          0         84   sqrt.o
         0          0          0          0          0          0   entry.o
         0          0          0          0          0          0   entry10a.o
         0          0          0          0          0          0   entry11a.o
         8          4          0          0          0          0   entry2.o
         4          0          0          0          0          0   entry5.o
         0          0          0          0          0          0   entry7b.o
         0          0          0          0          0          0   entry8b.o
         8          4          0          0          0          0   entry9a.o
        12          6          0          4          0         68   errno.o
        30          0          0          0          0          0   handlers.o
        36          8          0          0          0         68   init.o
         0          0          0          0          0          0   iusefp.o
        30          0          0          0          0         68   llshl.o
        36          0          0          0          0         68   llsshr.o
        32          0          0          0          0         68   llushr.o
        36          0          0          0          0        108   memseta.o
       736         56          0          0          0        184   printf5.o
         0          0          0          4          0          0   stdout.o
        28          0          0          0          0         76   strcmp.o
        98          0          0          0          0         92   uldiv.o
        48          0          0          0          0         68   cdcmple.o
        48          0          0          0          0         68   cdrcmple.o
       334          0          0          0          0        148   dadd.o
       186          0          0          0          0        176   depilogue.o
        50          0          0          0          0         76   dfixui.o
        26          0          0          0          0         76   dfltui.o
       228          0          0          0          0         96   dmul.o
       162          0          0          0          0        100   dsqrt.o
        38          0          0          0          0         68   f2d.o
       176          0          0          0          0        140   fadd.o
       124          0          0          0          0         88   fdiv.o
       110          0          0          0          0        168   fepilogue.o
        50          0          0          0          0         68   ffixi.o
        40          0          0          0          0         68   ffixui.o
        18          0          0          0          0         68   fflti.o
        10          0          0          0          0         68   ffltui.o
       100          0          0          0          0         76   fmul.o
        24          0          0          0          0         68   fscalb.o

    ----------------------------------------------------------------------
      2948         78          0          8          0       2572   Library Totals
         6          0          0          0          0          0   (incl. Padding)

    ----------------------------------------------------------------------

      Code (inc. data)   RO Data    RW Data    ZI Data      Debug   Library Name

        76          0          0          0          0         84   m_ws.l
      1094         78          0          8          0        800   mc_w.l
      1772          0          0          0          0       1688   mf_w.l

    ----------------------------------------------------------------------
      2948         78          0          8          0       2572   Library Totals

    ----------------------------------------------------------------------

==============================================================================


      Code (inc. data)   RO Data    RW Data    ZI Data      Debug   

     27112       1266      18952        112       1176     591821   Grand Totals
     27112       1266      18952        112       1176     591821   ELF Image Totals
     27112       1266      18952        112          0          0   ROM Totals

==============================================================================

    Total RO  Size (Code + RO Data)                46064 (  44.98kB)
    Total RW  Size (RW Data + ZI Data)              1288 (   1.26kB)
    Total ROM Size (Code + RO Data + RW Data)      46176 (  45.09kB)

==============================================================================

